###############################################################################
#
# IAR ELF Linker V9.40.1.364/W64 for ARM                  31/Mar/2026  10:16:02
# Copyright 2007-2023 IAR Systems AB.
#
#    Output file  =
#        D:\SmartCar\mine\JLNU_SmartCar_TwoLeg\E01_gpio_demo\iar\project_config\Debug_m7_0\Exe\cyt4bb7_cm_7_0.out
#    Map file     =
#        D:\SmartCar\mine\JLNU_SmartCar_TwoLeg\E01_gpio_demo\iar\Debug_m7_0\List\cyt4bb7_cm_7_0.map
#    Command line =
#        -f
#        D:\SmartCar\mine\JLNU_SmartCar_TwoLeg\E01_gpio_demo\iar\project_config\Debug_m7_0\Exe\cyt4bb7_cm_7_0.out.rsp
#        (D:\SmartCar\mine\JLNU_SmartCar_TwoLeg\E01_gpio_demo\iar\Debug_m7_0\Obj\user_8514941877209965082.dir\cm7_0_isr.o
#        D:\SmartCar\mine\JLNU_SmartCar_TwoLeg\E01_gpio_demo\iar\Debug_m7_0\Obj\adc_11722776235721520015.dir\cy_adc.o
#        D:\SmartCar\mine\JLNU_SmartCar_TwoLeg\E01_gpio_demo\iar\Debug_m7_0\Obj\button_4990804375159372270.dir\cy_button.o
#        D:\SmartCar\mine\JLNU_SmartCar_TwoLeg\E01_gpio_demo\iar\Debug_m7_0\Obj\canfd_1800690984773873875.dir\cy_canfd.o
#        D:\SmartCar\mine\JLNU_SmartCar_TwoLeg\E01_gpio_demo\iar\Debug_m7_0\Obj\cpu_15938736945165268644.dir\cy_cpu.o
#        D:\SmartCar\mine\JLNU_SmartCar_TwoLeg\E01_gpio_demo\iar\Debug_m7_0\Obj\crypto_1190170608956581615.dir\cy_crypto_config.o
#        D:\SmartCar\mine\JLNU_SmartCar_TwoLeg\E01_gpio_demo\iar\Debug_m7_0\Obj\eth_phy_18133017486186456677.dir\cy_dp83867.o
#        D:\SmartCar\mine\JLNU_SmartCar_TwoLeg\E01_gpio_demo\iar\Debug_m7_0\Obj\ethernet_6029839089178797009.dir\cy_ethif.o
#        D:\SmartCar\mine\JLNU_SmartCar_TwoLeg\E01_gpio_demo\iar\Debug_m7_0\Obj\evtgen_3404189088603873129.dir\cy_evtgen.o
#        D:\SmartCar\mine\JLNU_SmartCar_TwoLeg\E01_gpio_demo\iar\Debug_m7_0\Obj\flash_8529866181315662935.dir\cy_flash.o
#        D:\SmartCar\mine\JLNU_SmartCar_TwoLeg\E01_gpio_demo\iar\Debug_m7_0\Obj\gpio_3999404635324069351.dir\cy_gpio.o
#        D:\SmartCar\mine\JLNU_SmartCar_TwoLeg\E01_gpio_demo\iar\Debug_m7_0\Obj\audioss_1346650047966882938.dir\cy_i2s.o
#        D:\SmartCar\mine\JLNU_SmartCar_TwoLeg\E01_gpio_demo\iar\Debug_m7_0\Obj\rev_b_6162237342861132223.dir\cy_interrupt_map.o
#        D:\SmartCar\mine\JLNU_SmartCar_TwoLeg\E01_gpio_demo\iar\Debug_m7_0\Obj\ipc_10145506163450686023.dir\cy_ipc_drv.o
#        D:\SmartCar\mine\JLNU_SmartCar_TwoLeg\E01_gpio_demo\iar\Debug_m7_0\Obj\ipc_10145506163450686023.dir\cy_ipc_pipe.o
#        D:\SmartCar\mine\JLNU_SmartCar_TwoLeg\E01_gpio_demo\iar\Debug_m7_0\Obj\ipc_10145506163450686023.dir\cy_ipc_sema.o
#        D:\SmartCar\mine\JLNU_SmartCar_TwoLeg\E01_gpio_demo\iar\Debug_m7_0\Obj\lin_18429031207028094880.dir\cy_lin.o
#        D:\SmartCar\mine\JLNU_SmartCar_TwoLeg\E01_gpio_demo\iar\Debug_m7_0\Obj\lvd_6353935867039560245.dir\cy_lvd.o
#        D:\SmartCar\mine\JLNU_SmartCar_TwoLeg\E01_gpio_demo\iar\Debug_m7_0\Obj\mcwdt_4052485907822033969.dir\cy_mcwdt.o
#        D:\SmartCar\mine\JLNU_SmartCar_TwoLeg\E01_gpio_demo\iar\Debug_m7_0\Obj\dma_12106025507578611576.dir\cy_mdma.o
#        D:\SmartCar\mine\JLNU_SmartCar_TwoLeg\E01_gpio_demo\iar\Debug_m7_0\Obj\mpu_5663187252346826382.dir\cy_mpu.o
#        D:\SmartCar\mine\JLNU_SmartCar_TwoLeg\E01_gpio_demo\iar\Debug_m7_0\Obj\flash_864493325053435817.dir\cy_mw_flash.o
#        D:\SmartCar\mine\JLNU_SmartCar_TwoLeg\E01_gpio_demo\iar\Debug_m7_0\Obj\dma_12106025507578611576.dir\cy_pdma.o
#        D:\SmartCar\mine\JLNU_SmartCar_TwoLeg\E01_gpio_demo\iar\Debug_m7_0\Obj\power_14453085144426420577.dir\cy_power.o
#        D:\SmartCar\mine\JLNU_SmartCar_TwoLeg\E01_gpio_demo\iar\Debug_m7_0\Obj\prot_10722960861768657883.dir\cy_prot.o
#        D:\SmartCar\mine\JLNU_SmartCar_TwoLeg\E01_gpio_demo\iar\Debug_m7_0\Obj\scb_15490842639181808494.dir\cy_scb_common.o
#        D:\SmartCar\mine\JLNU_SmartCar_TwoLeg\E01_gpio_demo\iar\Debug_m7_0\Obj\scb_15490842639181808494.dir\cy_scb_ezi2c.o
#        D:\SmartCar\mine\JLNU_SmartCar_TwoLeg\E01_gpio_demo\iar\Debug_m7_0\Obj\scb_15490842639181808494.dir\cy_scb_i2c.o
#        D:\SmartCar\mine\JLNU_SmartCar_TwoLeg\E01_gpio_demo\iar\Debug_m7_0\Obj\scb_15490842639181808494.dir\cy_scb_spi.o
#        D:\SmartCar\mine\JLNU_SmartCar_TwoLeg\E01_gpio_demo\iar\Debug_m7_0\Obj\scb_15490842639181808494.dir\cy_scb_uart.o
#        D:\SmartCar\mine\JLNU_SmartCar_TwoLeg\E01_gpio_demo\iar\Debug_m7_0\Obj\sd_host_2982766354293506895.dir\cy_sd_host.o
#        D:\SmartCar\mine\JLNU_SmartCar_TwoLeg\E01_gpio_demo\iar\Debug_m7_0\Obj\semihosting_143864889731838620.dir\cy_semihosting.o
#        D:\SmartCar\mine\JLNU_SmartCar_TwoLeg\E01_gpio_demo\iar\Debug_m7_0\Obj\smartio_5451710003740070188.dir\cy_smartio.o
#        D:\SmartCar\mine\JLNU_SmartCar_TwoLeg\E01_gpio_demo\iar\Debug_m7_0\Obj\smif_427648126384146252.dir\cy_smif.o
#        D:\SmartCar\mine\JLNU_SmartCar_TwoLeg\E01_gpio_demo\iar\Debug_m7_0\Obj\smif_mem_6470536964353725183.dir\cy_smif_device_common.o
#        D:\SmartCar\mine\JLNU_SmartCar_TwoLeg\E01_gpio_demo\iar\Debug_m7_0\Obj\smif_mem_6470536964353725183.dir\cy_smif_hb_flash.o
#        D:\SmartCar\mine\JLNU_SmartCar_TwoLeg\E01_gpio_demo\iar\Debug_m7_0\Obj\smif_427648126384146252.dir\cy_smif_memslot.o
#        D:\SmartCar\mine\JLNU_SmartCar_TwoLeg\E01_gpio_demo\iar\Debug_m7_0\Obj\smif_mem_6470536964353725183.dir\cy_smif_s25fl.o
#        D:\SmartCar\mine\JLNU_SmartCar_TwoLeg\E01_gpio_demo\iar\Debug_m7_0\Obj\smif_mem_6470536964353725183.dir\cy_smif_s25fs.o
#        D:\SmartCar\mine\JLNU_SmartCar_TwoLeg\E01_gpio_demo\iar\Debug_m7_0\Obj\smif_mem_6470536964353725183.dir\cy_smif_semp.o
#        D:\SmartCar\mine\JLNU_SmartCar_TwoLeg\E01_gpio_demo\iar\Debug_m7_0\Obj\smif_427648126384146252.dir\cy_smif_ver_specific.o
#        D:\SmartCar\mine\JLNU_SmartCar_TwoLeg\E01_gpio_demo\iar\Debug_m7_0\Obj\srom_13018798572330080582.dir\cy_srom.o
#        D:\SmartCar\mine\JLNU_SmartCar_TwoLeg\E01_gpio_demo\iar\Debug_m7_0\Obj\sw_timer_4215635015939382130.dir\cy_sw_tmr.o
#        D:\SmartCar\mine\JLNU_SmartCar_TwoLeg\E01_gpio_demo\iar\Debug_m7_0\Obj\sysclk_16149231235676103872.dir\cy_sysclk.o
#        D:\SmartCar\mine\JLNU_SmartCar_TwoLeg\E01_gpio_demo\iar\Debug_m7_0\Obj\sysflt_12293435975120599261.dir\cy_sysflt.o
#        D:\SmartCar\mine\JLNU_SmartCar_TwoLeg\E01_gpio_demo\iar\Debug_m7_0\Obj\sysint_7435970359207984181.dir\cy_sysint.o
#        D:\SmartCar\mine\JLNU_SmartCar_TwoLeg\E01_gpio_demo\iar\Debug_m7_0\Obj\syslib_16330585751512546975.dir\cy_syslib.o
#        D:\SmartCar\mine\JLNU_SmartCar_TwoLeg\E01_gpio_demo\iar\Debug_m7_0\Obj\syslib_16330585751512546975.dir\cy_syslib_iar.o
#        D:\SmartCar\mine\JLNU_SmartCar_TwoLeg\E01_gpio_demo\iar\Debug_m7_0\Obj\syspm_10887939769544754770.dir\cy_syspm.o
#        D:\SmartCar\mine\JLNU_SmartCar_TwoLeg\E01_gpio_demo\iar\Debug_m7_0\Obj\sysreghc_17676636058511625587.dir\cy_sysreghc.o
#        D:\SmartCar\mine\JLNU_SmartCar_TwoLeg\E01_gpio_demo\iar\Debug_m7_0\Obj\sysreset_14586141425677365288.dir\cy_sysreset.o
#        D:\SmartCar\mine\JLNU_SmartCar_TwoLeg\E01_gpio_demo\iar\Debug_m7_0\Obj\sysrtc_10747768817563771611.dir\cy_sysrtc.o
#        D:\SmartCar\mine\JLNU_SmartCar_TwoLeg\E01_gpio_demo\iar\Debug_m7_0\Obj\systick_16016591671695740695.dir\cy_systick.o
#        D:\SmartCar\mine\JLNU_SmartCar_TwoLeg\E01_gpio_demo\iar\Debug_m7_0\Obj\syswdt_9118657615806274156.dir\cy_syswdt.o
#        D:\SmartCar\mine\JLNU_SmartCar_TwoLeg\E01_gpio_demo\iar\Debug_m7_0\Obj\tcpwm_422923530147891246.dir\cy_tcpwm.o
#        D:\SmartCar\mine\JLNU_SmartCar_TwoLeg\E01_gpio_demo\iar\Debug_m7_0\Obj\tcpwm_422923530147891246.dir\cy_tcpwm_counter.o
#        D:\SmartCar\mine\JLNU_SmartCar_TwoLeg\E01_gpio_demo\iar\Debug_m7_0\Obj\tcpwm_422923530147891246.dir\cy_tcpwm_pwm.o
#        D:\SmartCar\mine\JLNU_SmartCar_TwoLeg\E01_gpio_demo\iar\Debug_m7_0\Obj\tcpwm_422923530147891246.dir\cy_tcpwm_quaddec.o
#        D:\SmartCar\mine\JLNU_SmartCar_TwoLeg\E01_gpio_demo\iar\Debug_m7_0\Obj\tcpwm_422923530147891246.dir\cy_tcpwm_sr.o
#        D:\SmartCar\mine\JLNU_SmartCar_TwoLeg\E01_gpio_demo\iar\Debug_m7_0\Obj\trigmux_9729677290734583340.dir\cy_trigmux.o
#        D:\SmartCar\mine\JLNU_SmartCar_TwoLeg\E01_gpio_demo\iar\Debug_m7_0\Obj\ethernet_6029839089178797009.dir\edd.o
#        D:\SmartCar\mine\JLNU_SmartCar_TwoLeg\E01_gpio_demo\iar\Debug_m7_0\Obj\ethernet_6029839089178797009.dir\edd_rx.o
#        D:\SmartCar\mine\JLNU_SmartCar_TwoLeg\E01_gpio_demo\iar\Debug_m7_0\Obj\ethernet_6029839089178797009.dir\edd_tx.o
#        D:\SmartCar\mine\JLNU_SmartCar_TwoLeg\E01_gpio_demo\iar\Debug_m7_0\Obj\code_17896468042025673432.dir\JLNU_Brushless_Motor.o
#        D:\SmartCar\mine\JLNU_SmartCar_TwoLeg\E01_gpio_demo\iar\Debug_m7_0\Obj\code_17896468042025673432.dir\JLNU_Buzzer.o
#        D:\SmartCar\mine\JLNU_SmartCar_TwoLeg\E01_gpio_demo\iar\Debug_m7_0\Obj\code_17896468042025673432.dir\JLNU_control.o
#        D:\SmartCar\mine\JLNU_SmartCar_TwoLeg\E01_gpio_demo\iar\Debug_m7_0\Obj\code_17896468042025673432.dir\JLNU_Flash.o
#        D:\SmartCar\mine\JLNU_SmartCar_TwoLeg\E01_gpio_demo\iar\Debug_m7_0\Obj\code_17896468042025673432.dir\JLNU_Imu660.o
#        D:\SmartCar\mine\JLNU_SmartCar_TwoLeg\E01_gpio_demo\iar\Debug_m7_0\Obj\code_17896468042025673432.dir\JLNU_Imu660ra.o
#        D:\SmartCar\mine\JLNU_SmartCar_TwoLeg\E01_gpio_demo\iar\Debug_m7_0\Obj\code_17896468042025673432.dir\JLNU_imu963ar.o
#        D:\SmartCar\mine\JLNU_SmartCar_TwoLeg\E01_gpio_demo\iar\Debug_m7_0\Obj\code_17896468042025673432.dir\JLNU_Ins.o
#        D:\SmartCar\mine\JLNU_SmartCar_TwoLeg\E01_gpio_demo\iar\Debug_m7_0\Obj\code_17896468042025673432.dir\JLNU_kalman.o
#        D:\SmartCar\mine\JLNU_SmartCar_TwoLeg\E01_gpio_demo\iar\Debug_m7_0\Obj\code_17896468042025673432.dir\JLNU_key.o
#        D:\SmartCar\mine\JLNU_SmartCar_TwoLeg\E01_gpio_demo\iar\Debug_m7_0\Obj\code_17896468042025673432.dir\JLNU_menu.o
#        D:\SmartCar\mine\JLNU_SmartCar_TwoLeg\E01_gpio_demo\iar\Debug_m7_0\Obj\code_17896468042025673432.dir\JLNU_PID.o
#        D:\SmartCar\mine\JLNU_SmartCar_TwoLeg\E01_gpio_demo\iar\Debug_m7_0\Obj\code_17896468042025673432.dir\JLNU_Servo.o
#        D:\SmartCar\mine\JLNU_SmartCar_TwoLeg\E01_gpio_demo\iar\Debug_m7_0\Obj\code_17896468042025673432.dir\JLNU_task0.o
#        D:\SmartCar\mine\JLNU_SmartCar_TwoLeg\E01_gpio_demo\iar\Debug_m7_0\Obj\code_17896468042025673432.dir\JLNU_UART_Wireless.o
#        D:\SmartCar\mine\JLNU_SmartCar_TwoLeg\E01_gpio_demo\iar\Debug_m7_0\Obj\code_17896468042025673432.dir\JLNU_YaoKong.o
#        D:\SmartCar\mine\JLNU_SmartCar_TwoLeg\E01_gpio_demo\iar\Debug_m7_0\Obj\user_8514941877209965082.dir\main_cm7_0.o
#        D:\SmartCar\mine\JLNU_SmartCar_TwoLeg\E01_gpio_demo\iar\Debug_m7_0\Obj\zf_components_14936052685886095442.dir\seekfree_assistant.o
#        D:\SmartCar\mine\JLNU_SmartCar_TwoLeg\E01_gpio_demo\iar\Debug_m7_0\Obj\zf_components_14936052685886095442.dir\seekfree_assistant_interface.o
#        D:\SmartCar\mine\JLNU_SmartCar_TwoLeg\E01_gpio_demo\iar\Debug_m7_0\Obj\startup_479057977785470282.dir\startup.o
#        D:\SmartCar\mine\JLNU_SmartCar_TwoLeg\E01_gpio_demo\iar\Debug_m7_0\Obj\startup_479057977785470282.dir\startup_cm7.o
#        D:\SmartCar\mine\JLNU_SmartCar_TwoLeg\E01_gpio_demo\iar\Debug_m7_0\Obj\rev_b_4986922561640112550.dir\system_tviibh4m_cm7.o
#        D:\SmartCar\mine\JLNU_SmartCar_TwoLeg\E01_gpio_demo\iar\Debug_m7_0\Obj\zf_common_1201165462030747823.dir\zf_common_clock.o
#        D:\SmartCar\mine\JLNU_SmartCar_TwoLeg\E01_gpio_demo\iar\Debug_m7_0\Obj\zf_common_1201165462030747823.dir\zf_common_debug.o
#        D:\SmartCar\mine\JLNU_SmartCar_TwoLeg\E01_gpio_demo\iar\Debug_m7_0\Obj\zf_common_1201165462030747823.dir\zf_common_fifo.o
#        D:\SmartCar\mine\JLNU_SmartCar_TwoLeg\E01_gpio_demo\iar\Debug_m7_0\Obj\zf_common_1201165462030747823.dir\zf_common_font.o
#        D:\SmartCar\mine\JLNU_SmartCar_TwoLeg\E01_gpio_demo\iar\Debug_m7_0\Obj\zf_common_1201165462030747823.dir\zf_common_function.o
#        D:\SmartCar\mine\JLNU_SmartCar_TwoLeg\E01_gpio_demo\iar\Debug_m7_0\Obj\zf_common_1201165462030747823.dir\zf_common_interrupt.o
#        D:\SmartCar\mine\JLNU_SmartCar_TwoLeg\E01_gpio_demo\iar\Debug_m7_0\Obj\zf_device_6570275422786408770.dir\zf_device_ble6a20.o
#        D:\SmartCar\mine\JLNU_SmartCar_TwoLeg\E01_gpio_demo\iar\Debug_m7_0\Obj\zf_device_6570275422786408770.dir\zf_device_dl1a.o
#        D:\SmartCar\mine\JLNU_SmartCar_TwoLeg\E01_gpio_demo\iar\Debug_m7_0\Obj\zf_device_6570275422786408770.dir\zf_device_dl1b.o
#        D:\SmartCar\mine\JLNU_SmartCar_TwoLeg\E01_gpio_demo\iar\Debug_m7_0\Obj\zf_device_6570275422786408770.dir\zf_device_gnss.o
#        D:\SmartCar\mine\JLNU_SmartCar_TwoLeg\E01_gpio_demo\iar\Debug_m7_0\Obj\zf_device_6570275422786408770.dir\zf_device_icm20602.o
#        D:\SmartCar\mine\JLNU_SmartCar_TwoLeg\E01_gpio_demo\iar\Debug_m7_0\Obj\zf_device_6570275422786408770.dir\zf_device_imu660ra.o
#        D:\SmartCar\mine\JLNU_SmartCar_TwoLeg\E01_gpio_demo\iar\Debug_m7_0\Obj\zf_device_6570275422786408770.dir\zf_device_imu660rc.o
#        D:\SmartCar\mine\JLNU_SmartCar_TwoLeg\E01_gpio_demo\iar\Debug_m7_0\Obj\zf_device_6570275422786408770.dir\zf_device_imu963ra.o
#        D:\SmartCar\mine\JLNU_SmartCar_TwoLeg\E01_gpio_demo\iar\Debug_m7_0\Obj\zf_device_6570275422786408770.dir\zf_device_ips114.o
#        D:\SmartCar\mine\JLNU_SmartCar_TwoLeg\E01_gpio_demo\iar\Debug_m7_0\Obj\zf_device_6570275422786408770.dir\zf_device_ips200.o
#        D:\SmartCar\mine\JLNU_SmartCar_TwoLeg\E01_gpio_demo\iar\Debug_m7_0\Obj\zf_device_6570275422786408770.dir\zf_device_ips200pro.o
#        D:\SmartCar\mine\JLNU_SmartCar_TwoLeg\E01_gpio_demo\iar\Debug_m7_0\Obj\zf_device_6570275422786408770.dir\zf_device_key.o
#        D:\SmartCar\mine\JLNU_SmartCar_TwoLeg\E01_gpio_demo\iar\Debug_m7_0\Obj\zf_device_6570275422786408770.dir\zf_device_menc15a.o
#        D:\SmartCar\mine\JLNU_SmartCar_TwoLeg\E01_gpio_demo\iar\Debug_m7_0\Obj\zf_device_6570275422786408770.dir\zf_device_mt9v03x.o
#        D:\SmartCar\mine\JLNU_SmartCar_TwoLeg\E01_gpio_demo\iar\Debug_m7_0\Obj\zf_device_6570275422786408770.dir\zf_device_oled.o
#        D:\SmartCar\mine\JLNU_SmartCar_TwoLeg\E01_gpio_demo\iar\Debug_m7_0\Obj\zf_device_6570275422786408770.dir\zf_device_tft180.o
#        D:\SmartCar\mine\JLNU_SmartCar_TwoLeg\E01_gpio_demo\iar\Debug_m7_0\Obj\zf_device_6570275422786408770.dir\zf_device_tsl1401.o
#        D:\SmartCar\mine\JLNU_SmartCar_TwoLeg\E01_gpio_demo\iar\Debug_m7_0\Obj\zf_device_6570275422786408770.dir\zf_device_type.o
#        D:\SmartCar\mine\JLNU_SmartCar_TwoLeg\E01_gpio_demo\iar\Debug_m7_0\Obj\zf_device_6570275422786408770.dir\zf_device_uart_receiver.o
#        D:\SmartCar\mine\JLNU_SmartCar_TwoLeg\E01_gpio_demo\iar\Debug_m7_0\Obj\zf_device_6570275422786408770.dir\zf_device_wifi_spi.o
#        D:\SmartCar\mine\JLNU_SmartCar_TwoLeg\E01_gpio_demo\iar\Debug_m7_0\Obj\zf_device_6570275422786408770.dir\zf_device_wifi_uart.o
#        D:\SmartCar\mine\JLNU_SmartCar_TwoLeg\E01_gpio_demo\iar\Debug_m7_0\Obj\zf_device_6570275422786408770.dir\zf_device_wireless_uart.o
#        D:\SmartCar\mine\JLNU_SmartCar_TwoLeg\E01_gpio_demo\iar\Debug_m7_0\Obj\zf_driver_11922370083829174090.dir\zf_driver_adc.o
#        D:\SmartCar\mine\JLNU_SmartCar_TwoLeg\E01_gpio_demo\iar\Debug_m7_0\Obj\zf_driver_11922370083829174090.dir\zf_driver_delay.o
#        D:\SmartCar\mine\JLNU_SmartCar_TwoLeg\E01_gpio_demo\iar\Debug_m7_0\Obj\zf_driver_11922370083829174090.dir\zf_driver_dma.o
#        D:\SmartCar\mine\JLNU_SmartCar_TwoLeg\E01_gpio_demo\iar\Debug_m7_0\Obj\zf_driver_11922370083829174090.dir\zf_driver_encoder.o
#        D:\SmartCar\mine\JLNU_SmartCar_TwoLeg\E01_gpio_demo\iar\Debug_m7_0\Obj\zf_driver_11922370083829174090.dir\zf_driver_exti.o
#        D:\SmartCar\mine\JLNU_SmartCar_TwoLeg\E01_gpio_demo\iar\Debug_m7_0\Obj\zf_driver_11922370083829174090.dir\zf_driver_flash.o
#        D:\SmartCar\mine\JLNU_SmartCar_TwoLeg\E01_gpio_demo\iar\Debug_m7_0\Obj\zf_driver_11922370083829174090.dir\zf_driver_gpio.o
#        D:\SmartCar\mine\JLNU_SmartCar_TwoLeg\E01_gpio_demo\iar\Debug_m7_0\Obj\zf_driver_11922370083829174090.dir\zf_driver_ipc.o
#        D:\SmartCar\mine\JLNU_SmartCar_TwoLeg\E01_gpio_demo\iar\Debug_m7_0\Obj\zf_driver_11922370083829174090.dir\zf_driver_pit.o
#        D:\SmartCar\mine\JLNU_SmartCar_TwoLeg\E01_gpio_demo\iar\Debug_m7_0\Obj\zf_driver_11922370083829174090.dir\zf_driver_pwm.o
#        D:\SmartCar\mine\JLNU_SmartCar_TwoLeg\E01_gpio_demo\iar\Debug_m7_0\Obj\zf_driver_11922370083829174090.dir\zf_driver_soft_iic.o
#        D:\SmartCar\mine\JLNU_SmartCar_TwoLeg\E01_gpio_demo\iar\Debug_m7_0\Obj\zf_driver_11922370083829174090.dir\zf_driver_soft_spi.o
#        D:\SmartCar\mine\JLNU_SmartCar_TwoLeg\E01_gpio_demo\iar\Debug_m7_0\Obj\zf_driver_11922370083829174090.dir\zf_driver_spi.o
#        D:\SmartCar\mine\JLNU_SmartCar_TwoLeg\E01_gpio_demo\iar\Debug_m7_0\Obj\zf_driver_11922370083829174090.dir\zf_driver_timer.o
#        D:\SmartCar\mine\JLNU_SmartCar_TwoLeg\E01_gpio_demo\iar\Debug_m7_0\Obj\zf_driver_11922370083829174090.dir\zf_driver_uart.o
#        --no_out_extension -o
#        D:\SmartCar\mine\JLNU_SmartCar_TwoLeg\E01_gpio_demo\iar\project_config\Debug_m7_0\Exe\cyt4bb7_cm_7_0.out
#        --config_def _CORE_cm7_0_=0 --config_def _LINK_flash_=0 --map
#        D:\SmartCar\mine\JLNU_SmartCar_TwoLeg\E01_gpio_demo\iar\Debug_m7_0\List\cyt4bb7_cm_7_0.map
#        --config
#        D:\SmartCar\mine\JLNU_SmartCar_TwoLeg\E01_gpio_demo\iar\project_config\..\icf\linker_directives_tviibh.icf
#        --semihosting
#        D:\SmartCar\mine\JLNU_SmartCar_TwoLeg\E01_gpio_demo\iar\project_config\..\..\..\libraries\sdk\tviibh4m\src\drivers\crypto\libs\libcrypto_server_cm0plus_iar.a
#        D:\SmartCar\mine\JLNU_SmartCar_TwoLeg\E01_gpio_demo\iar\project_config\..\..\..\libraries\zf_device\zf_device_config.a
#        D:\SmartCar\mine\JLNU_SmartCar_TwoLeg\E01_gpio_demo\iar\project_config\..\..\..\libraries\sdk\common\hdr\cmsis\dsp\iar_cortexM7lf_math.a
#        --entry __iar_program_start --vfe --text_out locale --cpu=Cortex-M7
#        --fpu=VFPv5_d16) --dependencies=n
#        D:\SmartCar\mine\JLNU_SmartCar_TwoLeg\E01_gpio_demo\iar\project_config\Debug_m7_0\Exe\cyt4bb7_cm_7_0.out.iar_deps
#
###############################################################################

*******************************************************************************
*** RUNTIME MODEL ATTRIBUTES
***

CppFlavor       = *
__CPP_Runtime   = 1
__Heap_Handler  = Basic
__SystemLibrary = DLib
__dlib_version  = 6


*******************************************************************************
*** HEAP SELECTION
***

The basic heap was selected because --advanced_heap
was not specified and the application did not appear to
be primarily optimized for speed.


*******************************************************************************
*** PLACEMENT SUMMARY
***

"A0":  place at start of [from 0x1008'0000 to 0x1027'ffff] { section .intvec };
"P1":  place in [from 0x1008'0000 to 0x1027'ffff] { ro };
"P2":  place in [from 0x2802'0000 to 0x2807'ffff] { rw };
define block HEAP with size = 1K, alignment = 8 { };
define block CSTACK with size = 8K, alignment = 8 { };
define block HEAP_STACK { block HEAP, last block CSTACK };
"A1":  place at end of [from 0x2802'0000 to 0x2807'ffff] { block HEAP_STACK };
do not initialize { section .intvec_ram };
initialize by copy { rw };

No sections matched the following patterns:

  ro section .sflash_app_prot  in "P6"
  ro section .sflash_nar       in "P4"
  ro section .sflash_pkey      in "P5"
  ro section .sflash_toc2      in "P7"
  ro section .sflash_uf_rows   in "P3"
  ro section .work_flash       in "P8"
  section .global_ram_data     in "P9"


  Section            Kind         Address      Size  Object
  -------            ----         -------      ----  ------
"A0":                                          0x80
  .intvec            ro code  0x1008'0000      0x80  startup_cm7.o [31]
                            - 0x1008'0080      0x80

"P1":                                      0x1'13c8
  .text              ro code  0x1008'0080    0x26f4  JLNU_menu.o [5]
  .text              ro code  0x1008'2774    0x1100  zf_device_tft180.o [48]
  .text              ro code  0x1008'3874     0x284  zf_driver_delay.o [49]
  .text              ro code  0x1008'3af8     0xc4c  zf_driver_spi.o [49]
  .text              ro code  0x1008'4744     0x444  zf_common_debug.o [46]
  .text              ro code  0x1008'4b88      0x16  vla_alloc.o [50]
  .text              ro code  0x1008'4b9e      0x7e  lz77_init_single.o [52]
  .text              ro code  0x1008'4c1c      0x66  ABImemset.o [52]
  .text              ro code  0x1008'4c82       0xa  xsprout.o [50]
  .text              ro code  0x1008'4c8c     0x3b0  zf_common_function.o [46]
  .text              ro code  0x1008'503c     0x110  zf_driver_gpio.o [49]
  .text              ro code  0x1008'514c     0x1b8  cy_tcpwm_counter.o [43]
  .text              ro code  0x1008'5304       0xc  cy_tcpwm.o [43]
  .text              ro code  0x1008'5310     0x230  I64DivMod.o [52]
  .text              ro code  0x1008'5540     0x194  cy_gpio.o [14]
  .text              ro code  0x1008'56d4     0x1f0  cy_scb_spi.o [24]
  .text              ro code  0x1008'58c4     0x9e8  zf_driver_uart.o [49]
  .text              ro code  0x1008'62ac      0x36  strlen.o [52]
  .text              ro code  0x1008'62e4      0x40  sprintf.o [50]
  .text              ro code  0x1008'6324     0x448  zf_common_fifo.o [46]
  .text              ro code  0x1008'676c      0xe2  zf_common_interrupt.o [46]
  .text              ro code  0x1008'6850     0x13c  heap0.o [50]
  .text              ro code  0x1008'698c       0x6  abort.o [50]
  .text              ro code  0x1008'6992       0x4  heaptramp0.o [50]
  .text              ro code  0x1008'6998       0x2  I64DivZer.o [52]
  .text              ro code  0x1008'699c       0x6  ABImemclr4.o [52]
  .text              ro code  0x1008'69a4     0x314  cy_scb_uart.o [24]
  .text              ro code  0x1008'6cb8      0xac  cy_sysint.o [35]
  .text              ro code  0x1008'6d64     0xeae  xprintffull_nomb.o [50]
  .text              ro code  0x1008'7c14      0xa6  ABImemcpy.o [52]
  .text              ro code  0x1008'7cbc     0xe18  zf_driver_pwm.o [49]
  .text              ro code  0x1008'8ad4      0x2c  xgetmemchunk.o [50]
  .text              ro code  0x1008'8b00      0x14  exit.o [53]
  .text              ro code  0x1008'8b14      0x32  ABImemset48.o [52]
  .text              ro code  0x1008'8b48      0x16  strchr.o [52]
  .text              ro code  0x1008'8b60      0x40  xfail_s.o [50]
  .text              ro code  0x1008'8ba0      0x58  memchr.o [52]
  .text              ro code  0x1008'8bf8      0x70  frexp.o [51]
  .text              ro code  0x1008'8c68      0x34  DblCmpLe.o [51]
  .text              ro code  0x1008'8c9c      0x34  DblCmpGe.o [51]
  .text              ro code  0x1008'8cd0     0x104  ldexp.o [51]
  .text              ro code  0x1008'8dd4       0xe  DblToS32.o [51]
  .text              ro code  0x1008'8de2       0xe  S32ToDbl.o [51]
  .text              ro code  0x1008'8df0      0x12  DblSub.o [51]
  .text              ro code  0x1008'8e02      0x12  DblDiv.o [51]
  .text              ro code  0x1008'8e14       0xe  DblToU32.o [51]
  .text              ro code  0x1008'8e22       0xe  U32ToDbl.o [51]
  .text              ro code  0x1008'8e30      0x12  DblMul.o [51]
  .text              ro code  0x1008'8e44     0x20a  cy_tcpwm_pwm.o [43]
  .text              ro code  0x1008'9050    0x16c0  JLNU_control.o [5]
  .text              ro code  0x1008'a710     0x17a  JLNU_Brushless_Motor.o [5]
  .text              ro code  0x1008'a88c      0xfc  JLNU_PID.o [5]
  .text              ro code  0x1008'a988     0x1d4  cos_sin32.o [51]
  .text              ro code  0x1008'ab5c      0x6a  atan2f.o [51]
  .text              ro code  0x1008'abc8      0x30  JLNU_Buzzer.o [5]
  .text              ro code  0x1008'abf8      0x1e  sqrtf.o [51]
  .text              ro code  0x1008'ac18     0x6f8  JLNU_Imu660.o [5]
  .text              ro code  0x1008'b310     0x10c  JLNU_YaoKong.o [5]
  .text              ro code  0x1008'b41c     0x338  JLNU_Flash.o [5]
  .text              ro code  0x1008'b754      0xa4  xatanf.o [51]
  .text              ro code  0x1008'b7f8     0x2f4  cos_sin64.o [51]
  .text              ro code  0x1008'baec     0x260  zf_device_imu660rc.o [48]
  .text              ro code  0x1008'bd4c      0x5c  asinf.o [51]
  .text              ro code  0x1008'bda8     0x204  zf_driver_flash.o [49]
  .text              ro code  0x1008'bfac      0xdc  zf_driver_exti.o [49]
  .text              ro code  0x1008'c088     0x2dc  cy_mw_flash.o [13]
  .text              ro code  0x1008'c364     0x2ec  cy_srom.o [30]
  .text              ro code  0x1008'c650      0x70  strncpy.o [52]
  .text              ro code  0x1008'c6c0      0xf8  cy_syslib.o [36]
  .text              ro code  0x1008'c7b8     0x4ac  cy_flash.o [12]
  .text              ro code  0x1008'cc64      0x60  cy_ipc_drv.o [15]
  .text              ro code  0x1008'ccc4       0x2  cy_syslib.o [36]
  .text              ro code  0x1008'ccc8     0x9b4  JLNU_key.o [5]
  .text              ro code  0x1008'd67c     0x8e8  cy_sysclk.o [33]
  .text              ro code  0x1008'df64     0x8cc  zf_device_gnss.o [48]
  .text              ro code  0x1008'e830      0x2a  strncmp.o [50]
  .rodata            const    0x1008'e85c     0x5f0  zf_common_font.o [46]
  .text              ro code  0x1008'ee4c     0x398  zf_driver_pit.o [49]
  .text              ro code  0x1008'f1e4     0x2dc  cm7_0_isr.o [45]
  .text              ro code  0x1008'f4c0      0xf8  JLNU_UART_Wireless.o [5]
  .text              ro code  0x1008'f5b8     0x108  zf_device_wireless_uart.o [48]
  .text              ro code  0x1008'f6c0      0x7c  zf_device_tsl1401.o [48]
  .text              ro code  0x1008'f73c      0x44  zf_device_type.o [48]
  .text              ro code  0x1008'f780      0x74  zf_driver_adc.o [49]
  .text              ro code  0x1008'f7f4     0x2a8  zf_driver_timer.o [49]
  .text              ro code  0x1008'fa9c     0x23c  main_cm7_0.o [45]
  .text              ro code  0x1008'fcd8      0x1c  zf_common_clock.o [46]
  .text              ro code  0x1008'fcf4      0xf2  JLNU_Servo.o [5]
  .text              ro code  0x1008'fde8     0x16c  zf_device_uart_receiver.o [48]
  .text              ro code  0x1008'ff54     0x150  system_tviibh4m_cm7.o [22]
  .text              ro code  0x1009'00a4       0x8  startup_cm7.o [31]
  .text              ro code  0x1009'00ac       0x6  startup_cm7.o [31]
  .rodata            const    0x1009'00b4     0x228  zf_common_font.o [46]
  .text              ro code  0x1009'02dc     0x204  startup.o [31]
  .text              ro code  0x1009'04e0     0x198  cy_interrupt_map.o [23]
  .text              ro code  0x1009'0678      0xb0  startup_cm7.o [31]
  .rodata            const    0x1009'0728      0x60  system_tviibh4m_cm7.o [22]
  .rodata            const    0x1009'0788      0x5c  cy_sysclk.o [33]
  .rodata            const    0x1009'07e4      0x5c  cy_sysclk.o [33]
  .rodata            const    0x1009'0840      0x58  cy_mw_flash.o [13]
  .rodata            const    0x1009'0898      0x58  cy_srom.o [30]
  .rodata            const    0x1009'08f0      0x54  zf_device_wireless_uart.o [48]
  .rodata            const    0x1009'0944      0x50  zf_common_function.o [46]
  .rodata            const    0x1009'0994      0x50  zf_device_imu660rc.o [48]
  .rodata            const    0x1009'09e4      0x50  zf_device_tft180.o [48]
  .rodata            const    0x1009'0a34      0x4c  zf_common_fifo.o [46]
  .rodata            const    0x1009'0a80      0x4c  zf_driver_flash.o [49]
  .rodata            const    0x1009'0acc      0x4c  zf_driver_pwm.o [49]
  .rodata            const    0x1009'0b18      0x4c  zf_driver_spi.o [49]
  .rodata            const    0x1009'0b64      0x4c  zf_driver_uart.o [49]
  .text              ro code  0x1009'0bb0      0x38  zero_init3.o [52]
  .text              ro code  0x1009'0be8      0x28  data_init.o [52]
  .text              ro code  0x1009'0c10      0x22  fpinit_M.o [51]
  .iar.init_table    const    0x1009'0c34      0x20  - Linker created -
  .text              ro code  0x1009'0c54      0x20  startup_cm7.o [31]
  .text              ro code  0x1009'0c80      0x1e  cy_syslib_iar.o [36]
  .text              ro code  0x1009'0ca0      0x1e  cmain.o [52]
  .text              ro code  0x1009'0cc0       0x4  startup_cm7.o [31]
  .text              ro code  0x1009'0cc4       0x4  exit.o [50]
  .text              ro code  0x1009'0cc8       0xa  cexit.o [52]
  .rodata            const    0x1009'0cd4      0x1c  zf_common_debug.o [46]
  .rodata            const    0x1009'0cf0      0x1c  zf_device_gnss.o [48]
  .rodata            const    0x1009'0d0c      0x1c  zf_device_imu660rc.o [48]
  .text              ro code  0x1009'0d28      0x1c  startup_cm7.o [31]
  .text              ro code  0x1009'0d44      0x1c  cstartup_M.o [52]
  .rodata            const    0x1009'0d60      0x18  JLNU_menu.o [5]
  .rodata            const    0x1009'0d78      0x18  startup.o [31]
  .rodata            const    0x1009'0d90      0x18  system_tviibh4m_cm7.o [22]
  .rodata            const    0x1009'0da8      0x18  zf_common_debug.o [46]
  .rodata            const    0x1009'0dc0      0x14  cy_flash.o [12]
  .rodata            const    0x1009'0dd4      0x14  JLNU_menu.o [5]
  .rodata            const    0x1009'0de8      0x14  JLNU_menu.o [5]
  .rodata            const    0x1009'0dfc      0x10  JLNU_menu.o [5]
  .rodata            const    0x1009'0e0c      0x10  JLNU_menu.o [5]
  .rodata            const    0x1009'0e1c      0x10  JLNU_menu.o [5]
  .rodata            const    0x1009'0e2c      0x10  JLNU_menu.o [5]
  .rodata            const    0x1009'0e3c      0x10  JLNU_menu.o [5]
  .rodata            const    0x1009'0e4c      0x10  JLNU_menu.o [5]
  .rodata            const    0x1009'0e5c      0x10  JLNU_menu.o [5]
  .rodata            const    0x1009'0e6c      0x10  JLNU_menu.o [5]
  .rodata            const    0x1009'0e7c      0x10  JLNU_menu.o [5]
  .rodata            const    0x1009'0e8c      0x10  JLNU_menu.o [5]
  .rodata            const    0x1009'0e9c      0x10  JLNU_menu.o [5]
  .rodata            const    0x1009'0eac      0x10  JLNU_menu.o [5]
  .rodata            const    0x1009'0ebc      0x10  JLNU_menu.o [5]
  .rodata            const    0x1009'0ecc      0x10  JLNU_menu.o [5]
  .rodata            const    0x1009'0edc      0x10  zf_common_debug.o [46]
  .rodata            const    0x1009'0eec      0x10  zf_common_debug.o [46]
  .rodata            const    0x1009'0efc       0xc  JLNU_menu.o [5]
  .rodata            const    0x1009'0f08       0xc  JLNU_menu.o [5]
  .rodata            const    0x1009'0f14       0xc  JLNU_menu.o [5]
  .rodata            const    0x1009'0f20       0xc  JLNU_menu.o [5]
  .rodata            const    0x1009'0f2c       0xc  JLNU_menu.o [5]
  .rodata            const    0x1009'0f38       0xc  JLNU_menu.o [5]
  .rodata            const    0x1009'0f44       0xc  JLNU_menu.o [5]
  .rodata            const    0x1009'0f50       0xc  JLNU_menu.o [5]
  .rodata            const    0x1009'0f5c       0xc  JLNU_menu.o [5]
  .rodata            const    0x1009'0f68       0xc  JLNU_menu.o [5]
  .rodata            const    0x1009'0f74       0xc  JLNU_menu.o [5]
  .rodata            const    0x1009'0f80       0xc  JLNU_menu.o [5]
  .rodata            const    0x1009'0f8c       0xc  JLNU_menu.o [5]
  .rodata            const    0x1009'0f98       0xc  JLNU_menu.o [5]
  .rodata            const    0x1009'0fa4       0xc  JLNU_menu.o [5]
  .rodata            const    0x1009'0fb0       0xc  JLNU_menu.o [5]
  .rodata            const    0x1009'0fbc       0xc  JLNU_menu.o [5]
  .rodata            const    0x1009'0fc8       0xc  JLNU_menu.o [5]
  .rodata            const    0x1009'0fd4       0xc  JLNU_menu.o [5]
  .rodata            const    0x1009'0fe0       0xc  JLNU_menu.o [5]
  .rodata            const    0x1009'0fec       0xc  JLNU_menu.o [5]
  .rodata            const    0x1009'0ff8       0xc  JLNU_menu.o [5]
  .rodata            const    0x1009'1004       0xc  JLNU_menu.o [5]
  .rodata            const    0x1009'1010       0xc  JLNU_menu.o [5]
  .rodata            const    0x1009'101c       0xc  JLNU_menu.o [5]
  .rodata            const    0x1009'1028       0xc  JLNU_menu.o [5]
  .rodata            const    0x1009'1034       0xc  JLNU_menu.o [5]
  .rodata            const    0x1009'1040       0xc  JLNU_menu.o [5]
  .rodata            const    0x1009'104c       0xc  JLNU_menu.o [5]
  .rodata            const    0x1009'1058       0xc  JLNU_menu.o [5]
  .rodata            const    0x1009'1064       0xc  JLNU_menu.o [5]
  .rodata            const    0x1009'1070       0xc  JLNU_menu.o [5]
  .rodata            const    0x1009'107c       0xc  zf_common_debug.o [46]
  .rodata            const    0x1009'1088       0xc  zf_common_debug.o [46]
  .rodata            const    0x1009'1094       0xc  zf_common_debug.o [46]
  .rodata            const    0x1009'10a0       0xc  zf_device_gnss.o [48]
  .rodata            const    0x1009'10ac       0xc  zf_device_gnss.o [48]
  .rodata            const    0x1009'10b8       0xc  zf_device_gnss.o [48]
  .rodata            const    0x1009'10c4       0xc  zf_device_gnss.o [48]
  .rodata            const    0x1009'10d0       0xc  zf_device_gnss.o [48]
  .rodata            const    0x1009'10dc       0xc  zf_device_gnss.o [48]
  .rodata            const    0x1009'10e8       0xc  zf_device_gnss.o [48]
  .rodata            const    0x1009'10f4       0xc  zf_device_gnss.o [48]
  .rodata            const    0x1009'1100       0xc  zf_device_gnss.o [48]
  .rodata            const    0x1009'110c       0xc  zf_device_gnss.o [48]
  .rodata            const    0x1009'1118       0xc  zf_device_gnss.o [48]
  .text              ro code  0x1009'1124       0xc  cy_syslib.o [36]
  .rodata            const    0x1009'1130       0x8  cy_mw_flash.o [13]
  .rodata            const    0x1009'1138       0x8  cy_srom.o [30]
  .rodata            const    0x1009'1140       0x8  cy_sysclk.o [33]
  .rodata            const    0x1009'1148       0x8  JLNU_menu.o [5]
  .rodata            const    0x1009'1150       0x8  JLNU_menu.o [5]
  .rodata            const    0x1009'1158       0x8  JLNU_menu.o [5]
  .rodata            const    0x1009'1160       0x8  JLNU_menu.o [5]
  .rodata            const    0x1009'1168       0x8  JLNU_menu.o [5]
  .rodata            const    0x1009'1170       0x8  JLNU_menu.o [5]
  .rodata            const    0x1009'1178       0x8  JLNU_menu.o [5]
  .rodata            const    0x1009'1180       0x8  JLNU_menu.o [5]
  .rodata            const    0x1009'1188       0x8  JLNU_menu.o [5]
  .rodata            const    0x1009'1190       0x8  JLNU_menu.o [5]
  .rodata            const    0x1009'1198       0x8  JLNU_menu.o [5]
  .rodata            const    0x1009'11a0       0x8  JLNU_menu.o [5]
  .rodata            const    0x1009'11a8       0x8  JLNU_menu.o [5]
  .rodata            const    0x1009'11b0       0x8  JLNU_menu.o [5]
  .rodata            const    0x1009'11b8       0x8  JLNU_menu.o [5]
  .rodata            const    0x1009'11c0       0x8  JLNU_menu.o [5]
  .rodata            const    0x1009'11c8       0x8  zf_device_gnss.o [48]
  .rodata            const    0x1009'11d0       0x4  cy_interrupt_map.o [23]
  .rodata            const    0x1009'11d4       0x4  cy_interrupt_map.o [23]
  .rodata            const    0x1009'11d8       0x4  cy_interrupt_map.o [23]
  .rodata            const    0x1009'11dc       0x4  cy_interrupt_map.o [23]
  .rodata            const    0x1009'11e0       0x4  cy_interrupt_map.o [23]
  .rodata            const    0x1009'11e4       0x4  cy_interrupt_map.o [23]
  .rodata            const    0x1009'11e8       0x4  cy_interrupt_map.o [23]
  .rodata            const    0x1009'11ec       0x4  cy_interrupt_map.o [23]
  .rodata            const    0x1009'11f0       0x4  cy_ipc_drv.o [15]
  .rodata            const    0x1009'11f4       0x4  cy_scb_spi.o [24]
  .rodata            const    0x1009'11f8       0x4  cy_scb_spi.o [24]
  .rodata            const    0x1009'11fc       0x4  cy_scb_spi.o [24]
  .rodata            const    0x1009'1200       0x4  cy_scb_spi.o [24]
  .rodata            const    0x1009'1204       0x4  cy_scb_uart.o [24]
  .rodata            const    0x1009'1208       0x4  cy_scb_uart.o [24]
  .rodata            const    0x1009'120c       0x4  cy_scb_uart.o [24]
  .rodata            const    0x1009'1210       0x4  cy_scb_uart.o [24]
  .rodata            const    0x1009'1214       0x4  cy_scb_uart.o [24]
  .rodata            const    0x1009'1218       0x4  cy_scb_uart.o [24]
  .rodata            const    0x1009'121c       0x4  cy_scb_uart.o [24]
  .rodata            const    0x1009'1220       0x4  cy_scb_uart.o [24]
  .rodata            const    0x1009'1224       0x4  cy_scb_uart.o [24]
  .rodata            const    0x1009'1228       0x4  cy_scb_uart.o [24]
  .rodata            const    0x1009'122c       0x4  cy_srom.o [30]
  .rodata            const    0x1009'1230       0x4  cy_srom.o [30]
  .rodata            const    0x1009'1234       0x4  cy_sysint.o [35]
  .rodata            const    0x1009'1238       0x4  cy_sysint.o [35]
  .rodata            const    0x1009'123c       0x4  cy_tcpwm_counter.o [43]
  .rodata            const    0x1009'1240       0x4  cy_tcpwm_counter.o [43]
  .rodata            const    0x1009'1244       0x4  cy_tcpwm_counter.o [43]
  .rodata            const    0x1009'1248       0x4  cy_tcpwm_counter.o [43]
  .rodata            const    0x1009'124c       0x4  cy_tcpwm_counter.o [43]
  .rodata            const    0x1009'1250       0x4  cy_tcpwm_pwm.o [43]
  .rodata            const    0x1009'1254       0x4  cy_tcpwm_pwm.o [43]
  .rodata            const    0x1009'1258       0x4  cy_tcpwm_pwm.o [43]
  .rodata            const    0x1009'125c       0x4  cy_tcpwm_pwm.o [43]
  .rodata            const    0x1009'1260       0x4  cy_tcpwm_pwm.o [43]
  .rodata            const    0x1009'1264       0x4  cy_tcpwm_pwm.o [43]
  .rodata            const    0x1009'1268       0x4  cy_tcpwm_pwm.o [43]
  .text              ro code  0x1009'126c       0x4  startup_cm7.o [31]
  .text              ro code  0x1009'1270       0x4  startup_cm7.o [31]
  .text              ro code  0x1009'1274       0x4  startup_cm7.o [31]
  .text              ro code  0x1009'1278       0x4  startup_cm7.o [31]
  .text              ro code  0x1009'127c       0x4  startup_cm7.o [31]
  .text              ro code  0x1009'1280       0x4  startup_cm7.o [31]
  .text              ro code  0x1009'1284       0x4  startup_cm7.o [31]
  .text              ro code  0x1009'1288       0x4  startup_cm7.o [31]
  .text              ro code  0x1009'128c       0x4  startup_cm7.o [31]
  .text              ro code  0x1009'1290       0x4  startup_cm7.o [31]
  .text              ro code  0x1009'1294       0x4  startup_cm7.o [31]
  .text              ro code  0x1009'1298       0x4  startup_cm7.o [31]
  .text              ro code  0x1009'129c       0x4  startup_cm7.o [31]
  .text              ro code  0x1009'12a0       0x4  startup_cm7.o [31]
  .text              ro code  0x1009'12a4       0x4  startup_cm7.o [31]
  .rodata            const    0x1009'12a8       0x0  zero_init3.o [52]
  .rodata            const    0x1009'12a8       0x0  lz77_init_single.o [52]
  Initializer bytes  const    0x1009'12a8     0x129  <for P2-1>
                            - 0x1009'13d1  0x1'1351

"P2", part 1 of 3:                            0x851
  P2-1                        0x2802'0000     0x851  <Init block>
    .data            inited   0x2802'0000     0x6ec  cy_interrupt_map.o [23]
    .data            inited   0x2802'06ec       0x4  cy_interrupt_map.o [23]
    .data            inited   0x2802'06f0       0x4  JLNU_control.o [5]
    .data            inited   0x2802'06f4      0x30  JLNU_control.o [5]
    .data            inited   0x2802'0724      0x1c  JLNU_Imu660.o [5]
    .data            inited   0x2802'0740       0x4  JLNU_YaoKong.o [5]
    .data            inited   0x2802'0744       0x4  JLNU_YaoKong.o [5]
    .data            inited   0x2802'0748       0x4  JLNU_YaoKong.o [5]
    .data            inited   0x2802'074c       0x4  zf_device_type.o [48]
    .data            inited   0x2802'0750       0x4  zf_device_type.o [48]
    .data            inited   0x2802'0754       0xc  zf_driver_adc.o [49]
    .data            inited   0x2802'0760      0x60  zf_driver_exti.o [49]
    .data            inited   0x2802'07c0      0x3c  zf_driver_pit.o [49]
    .data            inited   0x2802'07fc      0x10  zf_driver_spi.o [49]
    .data            inited   0x2802'080c      0x14  zf_driver_uart.o [49]
    .data            inited   0x2802'0820      0x14  zf_driver_uart.o [49]
    .data            inited   0x2802'0834       0x2  JLNU_Servo.o [5]
    .data            inited   0x2802'0836       0x2  JLNU_Servo.o [5]
    .data            inited   0x2802'0838       0x2  JLNU_Servo.o [5]
    .data            inited   0x2802'083a       0x2  JLNU_Servo.o [5]
    .data            inited   0x2802'083c       0x2  zf_device_tft180.o [48]
    .data            inited   0x2802'083e       0x2  zf_device_tft180.o [48]
    .data            inited   0x2802'0840       0x2  zf_device_tft180.o [48]
    .data            inited   0x2802'0842       0x2  zf_device_tft180.o [48]
    .data            inited   0x2802'0844       0x2  zf_driver_delay.o [49]
    .data            inited   0x2802'0846       0x1  JLNU_control.o [5]
    .data            inited   0x2802'0847       0x1  JLNU_control.o [5]
    .data            inited   0x2802'0848       0x1  JLNU_control.o [5]
    .data            inited   0x2802'0849       0x1  JLNU_control.o [5]
    .data            inited   0x2802'084a       0x1  JLNU_control.o [5]
    .data            inited   0x2802'084b       0x1  JLNU_control.o [5]
    .data            inited   0x2802'084c       0x1  JLNU_menu.o [5]
    .data            inited   0x2802'084d       0x1  JLNU_menu.o [5]
    .data            inited   0x2802'084e       0x1  zf_common_debug.o [46]
    .data            inited   0x2802'084f       0x1  zf_device_tft180.o [48]
    .data            inited   0x2802'0850       0x1  zf_driver_delay.o [49]
                            - 0x2802'0851     0x851

"P2", part 2 of 3:                           0x33a0
  .bss               zero     0x2802'0854     0x800  zf_driver_flash.o [49]
  .bss               zero     0x2802'1058     0x640  JLNU_control.o [5]
  .bss               zero     0x2802'1698     0x320  JLNU_control.o [5]
  .bss               zero     0x2802'19b8     0x320  JLNU_control.o [5]
  .bss               zero     0x2802'1cd8     0x320  JLNU_control.o [5]
  .bss               zero     0x2802'1ff8     0x320  JLNU_control.o [5]
  .bss               zero     0x2802'2318     0x320  JLNU_control.o [5]
  .bss               zero     0x2802'2638     0x320  JLNU_control.o [5]
  .bss               zero     0x2802'2958     0x320  JLNU_control.o [5]
  .bss               zero     0x2802'2c78     0x320  JLNU_control.o [5]
  .bss               zero     0x2802'2f98     0x320  JLNU_control.o [5]
  .bss               zero     0x2802'32b8     0x200  zf_device_tsl1401.o [48]
  .bss               zero     0x2802'34b8     0x118  zf_driver_uart.o [49]
  .bss               zero     0x2802'35d0      0x80  zf_device_gnss.o [48]
  .bss               zero     0x2802'3650      0x80  zf_device_gnss.o [48]
  .bss               zero     0x2802'36d0      0x80  zf_device_gnss.o [48]
  .bss               zero     0x2802'3750      0x80  zf_device_gnss.o [48]
  .bss               zero     0x2802'37d0      0x70  cy_syslib.o [36]
  .bss               zero     0x2802'3840      0x48  zf_device_gnss.o [48]
  .bss               zero     0x2802'3888      0x48  zf_driver_adc.o [49]
  .bss               zero     0x2802'38d0      0x40  zf_common_debug.o [46]
  .bss               zero     0x2802'3910      0x40  zf_device_wireless_uart.o [48]
  .bss               zero     0x2802'3950      0x20  JLNU_control.o [5]
  .bss               zero     0x2802'3970      0x20  JLNU_control.o [5]
  .bss               zero     0x2802'3990      0x20  JLNU_control.o [5]
  .bss               zero     0x2802'39b0      0x20  JLNU_control.o [5]
  .bss               zero     0x2802'39d0      0x20  JLNU_control.o [5]
  .bss               zero     0x2802'39f0      0x20  JLNU_UART_Wireless.o [5]
  .bss               zero     0x2802'3a10      0x1c  zf_device_uart_receiver.o [48]
  .bss               zero     0x2802'3a2c      0x18  cy_sysclk.o [33]
  .bss               zero     0x2802'3a44      0x18  cy_syslib.o [36]
  .bss               zero     0x2802'3a5c      0x18  zf_common_debug.o [46]
  .bss               zero     0x2802'3a74      0x18  zf_device_gnss.o [48]
  .bss               zero     0x2802'3a8c      0x18  zf_device_wireless_uart.o [48]
  .bss               zero     0x2802'3aa4      0x14  JLNU_Brushless_Motor.o [5]
  .bss               zero     0x2802'3ab8      0x14  zf_common_debug.o [46]
  .bss               zero     0x2802'3ae0      0x10  cy_srom.o [30]
  .bss               zero     0x2802'3af0      0x10  JLNU_control.o [5]
  .bss               zero     0x2802'3b00      0x10  zf_device_uart_receiver.o [48]
  .bss               zero     0x2802'3b10       0x8  zf_device_imu660rc.o [48]
  .bss               zero     0x2802'3b18       0x8  heap0.o [50]
  .bss               zero     0x2802'3b20       0x4  cy_srom.o [30]
  .bss               zero     0x2802'3b24       0x4  cy_srom.o [30]
  .bss               zero     0x2802'3b28       0x4  cy_syslib.o [36]
  .bss               zero     0x2802'3b2c       0x4  JLNU_control.o [5]
  .bss               zero     0x2802'3b30       0x4  JLNU_control.o [5]
  .bss               zero     0x2802'3b34       0x4  JLNU_control.o [5]
  .bss               zero     0x2802'3b38       0x4  JLNU_control.o [5]
  .bss               zero     0x2802'3b3c       0x4  JLNU_control.o [5]
  .bss               zero     0x2802'3b40       0x4  JLNU_control.o [5]
  .bss               zero     0x2802'3b44       0x4  JLNU_control.o [5]
  .bss               zero     0x2802'3b48       0x4  JLNU_control.o [5]
  .bss               zero     0x2802'3b4c       0x4  JLNU_control.o [5]
  .bss               zero     0x2802'3b50       0x4  JLNU_control.o [5]
  .bss               zero     0x2802'3b54       0x4  JLNU_control.o [5]
  .bss               zero     0x2802'3b58       0x4  JLNU_control.o [5]
  .bss               zero     0x2802'3b5c       0x4  JLNU_Imu660.o [5]
  .bss               zero     0x2802'3b60       0x4  JLNU_Imu660.o [5]
  .bss               zero     0x2802'3b64       0x4  JLNU_Imu660.o [5]
  .bss               zero     0x2802'3b68       0x4  JLNU_Imu660.o [5]
  .bss               zero     0x2802'3b6c       0x4  JLNU_Imu660.o [5]
  .bss               zero     0x2802'3b70       0x4  JLNU_Imu660.o [5]
  .bss               zero     0x2802'3b74       0x4  JLNU_Imu660.o [5]
  .bss               zero     0x2802'3b78       0x4  JLNU_Imu660.o [5]
  .bss               zero     0x2802'3b7c       0x4  JLNU_Imu660.o [5]
  .bss               zero     0x2802'3b80       0x4  JLNU_Imu660.o [5]
  .bss               zero     0x2802'3b84       0x4  system_tviibh4m_cm7.o [22]
  .bss               zero     0x2802'3b88       0x4  system_tviibh4m_cm7.o [22]
  .bss               zero     0x2802'3b8c       0x4  system_tviibh4m_cm7.o [22]
  .bss               zero     0x2802'3b90       0x4  system_tviibh4m_cm7.o [22]
  .bss               zero     0x2802'3b94       0x4  system_tviibh4m_cm7.o [22]
  .bss               zero     0x2802'3b98       0x4  zf_common_clock.o [46]
  .bss               zero     0x2802'3b9c       0x4  zf_common_interrupt.o [46]
  .bss               zero     0x2802'3ba0       0x4  zf_driver_spi.o [49]
  .bss               zero     0x2802'3ba4       0x4  zf_driver_timer.o [49]
  .bss               zero     0x2802'3ba8       0x4  xgetmemchunk.o [50]
  .bss               zero     0x2802'3bac       0x4  xfail_s.o [50]
  .bss               zero     0x2802'3bb0       0x2  JLNU_control.o [5]
  .bss               zero     0x2802'3bb2       0x2  JLNU_control.o [5]
  .bss               zero     0x2802'3bb4       0x2  JLNU_control.o [5]
  .bss               zero     0x2802'3bb6       0x2  JLNU_control.o [5]
  .bss               zero     0x2802'3bb8       0x2  JLNU_control.o [5]
  .bss               zero     0x2802'3bba       0x2  zf_device_imu660rc.o [48]
  .bss               zero     0x2802'3bbc       0x2  zf_device_imu660rc.o [48]
  .bss               zero     0x2802'3bbe       0x2  zf_device_imu660rc.o [48]
  .bss               zero     0x2802'3bc0       0x2  zf_device_imu660rc.o [48]
  .bss               zero     0x2802'3bc2       0x2  zf_device_imu660rc.o [48]
  .bss               zero     0x2802'3bc4       0x2  zf_device_imu660rc.o [48]
  .bss               zero     0x2802'3bc6       0x1  cy_mw_flash.o [13]
  .bss               zero     0x2802'3bc7       0x1  cy_mw_flash.o [13]
  .bss               zero     0x2802'3bc8       0x1  cy_sysclk.o [33]
  .bss               zero     0x2802'3bc9       0x1  JLNU_control.o [5]
  .bss               zero     0x2802'3bca       0x1  JLNU_control.o [5]
  .bss               zero     0x2802'3bcb       0x1  JLNU_control.o [5]
  .bss               zero     0x2802'3bcc       0x1  JLNU_control.o [5]
  .bss               zero     0x2802'3bcd       0x1  JLNU_control.o [5]
  .bss               zero     0x2802'3bce       0x1  JLNU_control.o [5]
  .bss               zero     0x2802'3bcf       0x1  JLNU_control.o [5]
  .bss               zero     0x2802'3bd0       0x1  JLNU_control.o [5]
  .bss               zero     0x2802'3bd1       0x1  JLNU_control.o [5]
  .bss               zero     0x2802'3bd2       0x1  JLNU_control.o [5]
  .bss               zero     0x2802'3bd3       0x1  JLNU_control.o [5]
  .bss               zero     0x2802'3bd4       0x1  JLNU_control.o [5]
  .bss               zero     0x2802'3bd5       0x1  JLNU_control.o [5]
  .bss               zero     0x2802'3bd6       0x1  JLNU_control.o [5]
  .bss               zero     0x2802'3bd7       0x1  JLNU_control.o [5]
  .bss               zero     0x2802'3bd8       0x1  JLNU_key.o [5]
  .bss               zero     0x2802'3bd9       0x1  JLNU_key.o [5]
  .bss               zero     0x2802'3bda       0x1  JLNU_key.o [5]
  .bss               zero     0x2802'3bdb       0x1  JLNU_menu.o [5]
  .bss               zero     0x2802'3bdc       0x1  JLNU_menu.o [5]
  .bss               zero     0x2802'3bdd       0x1  JLNU_menu.o [5]
  .bss               zero     0x2802'3bde       0x1  JLNU_menu.o [5]
  .bss               zero     0x2802'3bdf       0x1  JLNU_menu.o [5]
  .bss               zero     0x2802'3be0       0x1  JLNU_UART_Wireless.o [5]
  .bss               zero     0x2802'3be1       0x1  main_cm7_0.o [45]
  .bss               zero     0x2802'3be2       0x1  main_cm7_0.o [45]
  .bss               zero     0x2802'3be3       0x1  zf_common_debug.o [46]
  .bss               zero     0x2802'3be4       0x1  zf_common_debug.o [46]
  .bss               zero     0x2802'3be5       0x1  zf_common_debug.o [46]
  .bss               zero     0x2802'3be6       0x1  zf_device_gnss.o [48]
  .bss               zero     0x2802'3be7       0x1  zf_device_gnss.o [48]
  .bss               zero     0x2802'3be8       0x1  zf_device_gnss.o [48]
  .bss               zero     0x2802'3be9       0x1  zf_device_gnss.o [48]
  .bss               zero     0x2802'3bea       0x1  zf_device_gnss.o [48]
  .bss               zero     0x2802'3beb       0x1  zf_device_imu660rc.o [48]
  .bss               zero     0x2802'3bec       0x1  zf_device_tft180.o [48]
  .bss               zero     0x2802'3bed       0x1  zf_device_tsl1401.o [48]
  .bss               zero     0x2802'3bee       0x1  zf_device_tsl1401.o [48]
  .bss               zero     0x2802'3bef       0x1  zf_device_type.o [48]
  .bss               zero     0x2802'3bf0       0x1  zf_device_uart_receiver.o [48]
  .bss               zero     0x2802'3bf1       0x1  zf_device_wireless_uart.o [48]
  .bss               zero     0x2802'3bf2       0x1  zf_driver_flash.o [49]
                            - 0x2802'3bf3    0x339f

"P2", part 3 of 3:                             0x80
  .intvec_ram        uninit   0x2802'3c00      0x80  startup_cm7.o [31]
                            - 0x2802'3c80      0x80

"A1":                                        0x2400
  HEAP_STACK                  0x2807'dc00    0x2400  <Block>
    HEAP                      0x2807'dc00     0x400  <Block>
      HEAP           uninit   0x2807'dc00     0x400  <Block tail>
    CSTACK                    0x2807'e000    0x2000  <Block>
      CSTACK         uninit   0x2807'e000    0x2000  <Block tail>
                            - 0x2808'0000    0x2400

Unused ranges:

         From           To       Size
         ----           --       ----
  0x1009'1448  0x1027'ffff  0x1e'ebb8
  0x2802'0851  0x2802'0853        0x3
  0x2802'3bf4  0x2802'3bff        0xc
  0x2802'3c80  0x2807'dbff   0x5'9f80


*******************************************************************************
*** INIT TABLE
***

          Address      Size
          -------      ----
Zero (__iar_zero_init3)
    1 destination range, total size 0x339f:
          0x2802'0854  0x339f

Copy/lz77 (__iar_lz77_init_single3)
    1 source range, total size 0x129 (13% of destination):
          0x1009'12a8   0x129
    1 destination range, total size 0x851:
          0x2802'0000   0x851



*******************************************************************************
*** MODULE SUMMARY
***

    Module                     ro code  ro data  rw data
    ------                     -------  -------  -------
command line/config:
    ----------------------------------------------------
    Total:

D:\SmartCar\mine\JLNU_SmartCar_TwoLeg\E01_gpio_demo\iar\Debug_m7_0\Obj\adc_11722776235721520015.dir: [1]
    ----------------------------------------------------
    Total:

D:\SmartCar\mine\JLNU_SmartCar_TwoLeg\E01_gpio_demo\iar\Debug_m7_0\Obj\audioss_1346650047966882938.dir: [2]
    ----------------------------------------------------
    Total:

D:\SmartCar\mine\JLNU_SmartCar_TwoLeg\E01_gpio_demo\iar\Debug_m7_0\Obj\button_4990804375159372270.dir: [3]
    ----------------------------------------------------
    Total:

D:\SmartCar\mine\JLNU_SmartCar_TwoLeg\E01_gpio_demo\iar\Debug_m7_0\Obj\canfd_1800690984773873875.dir: [4]
    ----------------------------------------------------
    Total:

D:\SmartCar\mine\JLNU_SmartCar_TwoLeg\E01_gpio_demo\iar\Debug_m7_0\Obj\code_17896468042025673432.dir: [5]
    JLNU_Brushless_Motor.o         378                20
    JLNU_Buzzer.o                   48
    JLNU_Flash.o                   824
    JLNU_Imu660.o                1'784        3       68
    JLNU_PID.o                     252
    JLNU_Servo.o                   242        2        8
    JLNU_UART_Wireless.o           248                33
    JLNU_YaoKong.o                 268        2       12
    JLNU_control.o               5'824        9    9'107
    JLNU_key.o                   2'484                 3
    JLNU_menu.o                  9'972      800        7
    ----------------------------------------------------
    Total:                      22'324      816    9'258

D:\SmartCar\mine\JLNU_SmartCar_TwoLeg\E01_gpio_demo\iar\Debug_m7_0\Obj\cpu_15938736945165268644.dir: [6]
    ----------------------------------------------------
    Total:

D:\SmartCar\mine\JLNU_SmartCar_TwoLeg\E01_gpio_demo\iar\Debug_m7_0\Obj\crypto_1190170608956581615.dir: [7]
    ----------------------------------------------------
    Total:

D:\SmartCar\mine\JLNU_SmartCar_TwoLeg\E01_gpio_demo\iar\Debug_m7_0\Obj\dma_12106025507578611576.dir: [8]
    ----------------------------------------------------
    Total:

D:\SmartCar\mine\JLNU_SmartCar_TwoLeg\E01_gpio_demo\iar\Debug_m7_0\Obj\eth_phy_18133017486186456677.dir: [9]
    ----------------------------------------------------
    Total:

D:\SmartCar\mine\JLNU_SmartCar_TwoLeg\E01_gpio_demo\iar\Debug_m7_0\Obj\ethernet_6029839089178797009.dir: [10]
    ----------------------------------------------------
    Total:

D:\SmartCar\mine\JLNU_SmartCar_TwoLeg\E01_gpio_demo\iar\Debug_m7_0\Obj\evtgen_3404189088603873129.dir: [11]
    ----------------------------------------------------
    Total:

D:\SmartCar\mine\JLNU_SmartCar_TwoLeg\E01_gpio_demo\iar\Debug_m7_0\Obj\flash_8529866181315662935.dir: [12]
    cy_flash.o                   1'196       20
    ----------------------------------------------------
    Total:                       1'196       20

D:\SmartCar\mine\JLNU_SmartCar_TwoLeg\E01_gpio_demo\iar\Debug_m7_0\Obj\flash_864493325053435817.dir: [13]
    cy_mw_flash.o                  732       96        2
    ----------------------------------------------------
    Total:                         732       96        2

D:\SmartCar\mine\JLNU_SmartCar_TwoLeg\E01_gpio_demo\iar\Debug_m7_0\Obj\gpio_3999404635324069351.dir: [14]
    cy_gpio.o                      404
    ----------------------------------------------------
    Total:                         404

D:\SmartCar\mine\JLNU_SmartCar_TwoLeg\E01_gpio_demo\iar\Debug_m7_0\Obj\ipc_10145506163450686023.dir: [15]
    cy_ipc_drv.o                    96        4
    ----------------------------------------------------
    Total:                          96        4

D:\SmartCar\mine\JLNU_SmartCar_TwoLeg\E01_gpio_demo\iar\Debug_m7_0\Obj\lin_18429031207028094880.dir: [16]
    ----------------------------------------------------
    Total:

D:\SmartCar\mine\JLNU_SmartCar_TwoLeg\E01_gpio_demo\iar\Debug_m7_0\Obj\lvd_6353935867039560245.dir: [17]
    ----------------------------------------------------
    Total:

D:\SmartCar\mine\JLNU_SmartCar_TwoLeg\E01_gpio_demo\iar\Debug_m7_0\Obj\mcwdt_4052485907822033969.dir: [18]
    ----------------------------------------------------
    Total:

D:\SmartCar\mine\JLNU_SmartCar_TwoLeg\E01_gpio_demo\iar\Debug_m7_0\Obj\mpu_5663187252346826382.dir: [19]
    ----------------------------------------------------
    Total:

D:\SmartCar\mine\JLNU_SmartCar_TwoLeg\E01_gpio_demo\iar\Debug_m7_0\Obj\power_14453085144426420577.dir: [20]
    ----------------------------------------------------
    Total:

D:\SmartCar\mine\JLNU_SmartCar_TwoLeg\E01_gpio_demo\iar\Debug_m7_0\Obj\prot_10722960861768657883.dir: [21]
    ----------------------------------------------------
    Total:

D:\SmartCar\mine\JLNU_SmartCar_TwoLeg\E01_gpio_demo\iar\Debug_m7_0\Obj\rev_b_4986922561640112550.dir: [22]
    system_tviibh4m_cm7.o          336      120       20
    ----------------------------------------------------
    Total:                         336      120       20

D:\SmartCar\mine\JLNU_SmartCar_TwoLeg\E01_gpio_demo\iar\Debug_m7_0\Obj\rev_b_6162237342861132223.dir: [23]
    cy_interrupt_map.o             408      279    1'776
    ----------------------------------------------------
    Total:                         408      279    1'776

D:\SmartCar\mine\JLNU_SmartCar_TwoLeg\E01_gpio_demo\iar\Debug_m7_0\Obj\scb_15490842639181808494.dir: [24]
    cy_scb_spi.o                   496       16
    cy_scb_uart.o                  788       40
    ----------------------------------------------------
    Total:                       1'284       56

D:\SmartCar\mine\JLNU_SmartCar_TwoLeg\E01_gpio_demo\iar\Debug_m7_0\Obj\sd_host_2982766354293506895.dir: [25]
    ----------------------------------------------------
    Total:

D:\SmartCar\mine\JLNU_SmartCar_TwoLeg\E01_gpio_demo\iar\Debug_m7_0\Obj\semihosting_143864889731838620.dir: [26]
    ----------------------------------------------------
    Total:

D:\SmartCar\mine\JLNU_SmartCar_TwoLeg\E01_gpio_demo\iar\Debug_m7_0\Obj\smartio_5451710003740070188.dir: [27]
    ----------------------------------------------------
    Total:

D:\SmartCar\mine\JLNU_SmartCar_TwoLeg\E01_gpio_demo\iar\Debug_m7_0\Obj\smif_427648126384146252.dir: [28]
    ----------------------------------------------------
    Total:

D:\SmartCar\mine\JLNU_SmartCar_TwoLeg\E01_gpio_demo\iar\Debug_m7_0\Obj\smif_mem_6470536964353725183.dir: [29]
    ----------------------------------------------------
    Total:

D:\SmartCar\mine\JLNU_SmartCar_TwoLeg\E01_gpio_demo\iar\Debug_m7_0\Obj\srom_13018798572330080582.dir: [30]
    cy_srom.o                      748      104       24
    ----------------------------------------------------
    Total:                         748      104       24

D:\SmartCar\mine\JLNU_SmartCar_TwoLeg\E01_gpio_demo\iar\Debug_m7_0\Obj\startup_479057977785470282.dir: [31]
    startup.o                      516       24
    startup_cm7.o                  442               128
    ----------------------------------------------------
    Total:                         958       24      128

D:\SmartCar\mine\JLNU_SmartCar_TwoLeg\E01_gpio_demo\iar\Debug_m7_0\Obj\sw_timer_4215635015939382130.dir: [32]
    ----------------------------------------------------
    Total:

D:\SmartCar\mine\JLNU_SmartCar_TwoLeg\E01_gpio_demo\iar\Debug_m7_0\Obj\sysclk_16149231235676103872.dir: [33]
    cy_sysclk.o                  2'280      192       25
    ----------------------------------------------------
    Total:                       2'280      192       25

D:\SmartCar\mine\JLNU_SmartCar_TwoLeg\E01_gpio_demo\iar\Debug_m7_0\Obj\sysflt_12293435975120599261.dir: [34]
    ----------------------------------------------------
    Total:

D:\SmartCar\mine\JLNU_SmartCar_TwoLeg\E01_gpio_demo\iar\Debug_m7_0\Obj\sysint_7435970359207984181.dir: [35]
    cy_sysint.o                    172        8
    ----------------------------------------------------
    Total:                         172        8

D:\SmartCar\mine\JLNU_SmartCar_TwoLeg\E01_gpio_demo\iar\Debug_m7_0\Obj\syslib_16330585751512546975.dir: [36]
    cy_syslib.o                    262               140
    cy_syslib_iar.o                 30
    ----------------------------------------------------
    Total:                         292               140

D:\SmartCar\mine\JLNU_SmartCar_TwoLeg\E01_gpio_demo\iar\Debug_m7_0\Obj\syspm_10887939769544754770.dir: [37]
    ----------------------------------------------------
    Total:

D:\SmartCar\mine\JLNU_SmartCar_TwoLeg\E01_gpio_demo\iar\Debug_m7_0\Obj\sysreghc_17676636058511625587.dir: [38]
    ----------------------------------------------------
    Total:

D:\SmartCar\mine\JLNU_SmartCar_TwoLeg\E01_gpio_demo\iar\Debug_m7_0\Obj\sysreset_14586141425677365288.dir: [39]
    ----------------------------------------------------
    Total:

D:\SmartCar\mine\JLNU_SmartCar_TwoLeg\E01_gpio_demo\iar\Debug_m7_0\Obj\sysrtc_10747768817563771611.dir: [40]
    ----------------------------------------------------
    Total:

D:\SmartCar\mine\JLNU_SmartCar_TwoLeg\E01_gpio_demo\iar\Debug_m7_0\Obj\systick_16016591671695740695.dir: [41]
    ----------------------------------------------------
    Total:

D:\SmartCar\mine\JLNU_SmartCar_TwoLeg\E01_gpio_demo\iar\Debug_m7_0\Obj\syswdt_9118657615806274156.dir: [42]
    ----------------------------------------------------
    Total:

D:\SmartCar\mine\JLNU_SmartCar_TwoLeg\E01_gpio_demo\iar\Debug_m7_0\Obj\tcpwm_422923530147891246.dir: [43]
    cy_tcpwm.o                      12
    cy_tcpwm_counter.o             440       20
    cy_tcpwm_pwm.o                 522       28
    ----------------------------------------------------
    Total:                         974       48

D:\SmartCar\mine\JLNU_SmartCar_TwoLeg\E01_gpio_demo\iar\Debug_m7_0\Obj\trigmux_9729677290734583340.dir: [44]
    ----------------------------------------------------
    Total:

D:\SmartCar\mine\JLNU_SmartCar_TwoLeg\E01_gpio_demo\iar\Debug_m7_0\Obj\user_8514941877209965082.dir: [45]
    cm7_0_isr.o                    732
    main_cm7_0.o                   572                 2
    ----------------------------------------------------
    Total:                       1'304                 2

D:\SmartCar\mine\JLNU_SmartCar_TwoLeg\E01_gpio_demo\iar\Debug_m7_0\Obj\zf_common_1201165462030747823.dir: [46]
    zf_common_clock.o               28                 4
    zf_common_debug.o            1'092      120      112
    zf_common_fifo.o             1'096       76
    zf_common_font.o                      2'072
    zf_common_function.o           944       80
    zf_common_interrupt.o          226                 4
    ----------------------------------------------------
    Total:                       3'386    2'348      120

D:\SmartCar\mine\JLNU_SmartCar_TwoLeg\E01_gpio_demo\iar\Debug_m7_0\Obj\zf_components_14936052685886095442.dir: [47]
    ----------------------------------------------------
    Total:

D:\SmartCar\mine\JLNU_SmartCar_TwoLeg\E01_gpio_demo\iar\Debug_m7_0\Obj\zf_device_6570275422786408770.dir: [48]
    zf_device_gnss.o             2'252      168      613
    zf_device_imu660rc.o           608      108       21
    zf_device_tft180.o           4'352       81       10
    zf_device_tsl1401.o            124               514
    zf_device_type.o                68        1        9
    zf_device_uart_receiver.o      364                45
    zf_device_wireless_uart.o      264       84       89
    ----------------------------------------------------
    Total:                       8'032      442    1'301

D:\SmartCar\mine\JLNU_SmartCar_TwoLeg\E01_gpio_demo\iar\Debug_m7_0\Obj\zf_driver_11922370083829174090.dir: [49]
    zf_driver_adc.o                116        2       84
    zf_driver_delay.o              644        1        3
    zf_driver_exti.o               220       13       96
    zf_driver_flash.o              516       76    2'049
    zf_driver_gpio.o               272
    zf_driver_pit.o                920        9       60
    zf_driver_pwm.o              3'608       76
    zf_driver_spi.o              3'148       78       20
    zf_driver_timer.o              680                 4
    zf_driver_uart.o             2'536       81      320
    ----------------------------------------------------
    Total:                      12'660      336    2'636

dl7M_tln.a: [50]
    abort.o                          6
    exit.o                           4
    heap0.o                        316                 8
    heaptramp0.o                     4
    sprintf.o                       64
    strncmp.o                       42
    vla_alloc.o                     22
    xfail_s.o                       64                 4
    xgetmemchunk.o                  44                 4
    xprintffull_nomb.o           3'758
    xsprout.o                       10
    ----------------------------------------------------
    Total:                       4'334                16

m7M_tlv.a: [51]
    DblCmpGe.o                      52
    DblCmpLe.o                      52
    DblDiv.o                        18
    DblMul.o                        18
    DblSub.o                        18
    DblToS32.o                      14
    DblToU32.o                      14
    S32ToDbl.o                      14
    U32ToDbl.o                      14
    asinf.o                         92
    atan2f.o                       106
    cos_sin32.o                    468
    cos_sin64.o                    756
    fpinit_M.o                      34
    frexp.o                        112
    ldexp.o                        260
    sqrtf.o                         30
    xatanf.o                       164
    ----------------------------------------------------
    Total:                       2'236

rt7M_tl.a: [52]
    ABImemclr4.o                     6
    ABImemcpy.o                    166
    ABImemset.o                    102
    ABImemset48.o                   50
    I64DivMod.o                    560
    I64DivZer.o                      2
    cexit.o                         10
    cmain.o                         30
    cstartup_M.o                    28
    data_init.o                     40
    lz77_init_single.o             126
    memchr.o                        88
    strchr.o                        22
    strlen.o                        54
    strncpy.o                      112
    zero_init3.o                    56
    ----------------------------------------------------
    Total:                       1'452

shb_l.a: [53]
    exit.o                          20
    ----------------------------------------------------
    Total:                          20

    Gaps                            48        8       24
    Linker created                           32    9'216
--------------------------------------------------------
    Grand Total:                65'676    4'933   24'688


*******************************************************************************
*** ENTRY LIST
***

Entry                       Address    Size  Type      Object
-----                       -------    ----  ----      ------
.iar.init_table$$Base   0x1009'0c34           --   Gb  - Linker created -
.iar.init_table$$Limit  0x1009'0c54           --   Gb  - Linker created -
?main                   0x1009'0ca1          Code  Gb  cmain.o [52]
Aldata                  0x2802'3b18     0x8  Data  Lc  heap0.o [50]
Angle_Differential_Control
                        0x1008'9259    0x20  Code  Gb  JLNU_control.o [5]
Angle_Goal              0x2802'3b30     0x4  Data  Gb  JLNU_control.o [5]
Angular_Calculate       0x1008'9137    0x16  Code  Gb  JLNU_control.o [5]
Angular_V_Calculate     0x1008'9117    0x20  Code  Gb  JLNU_control.o [5]
BusFault_Handler        0x1009'1275          Code  Wk  startup_cm7.o [31]
Buzzer_Init             0x1008'abc9    0x10  Code  Gb  JLNU_Buzzer.o [5]
Buzzer_Off              0x1008'abed     0xc  Code  Gb  JLNU_Buzzer.o [5]
Buzzer_On               0x1008'abd9    0x10  Code  Gb  JLNU_Buzzer.o [5]
Buzzer_Time             0x2802'3bb8     0x2  Data  Gb  JLNU_control.o [5]
CH5_Down                0x1008'b3b7    0x24  Code  Gb  JLNU_YaoKong.o [5]
CH5_Down::last_state    0x2802'0744     0x4  Data  Lc  JLNU_YaoKong.o [5]
CH5_state               0x2802'3bd4     0x1  Data  Gb  JLNU_control.o [5]
CH6_Down                0x1008'b3db    0x24  Code  Gb  JLNU_YaoKong.o [5]
CH6_Down::last_state    0x2802'0748     0x4  Data  Lc  JLNU_YaoKong.o [5]
CH6_state               0x2802'3bd5     0x1  Data  Gb  JLNU_control.o [5]
CSTACK$$Base            0x2807'e000           --   Gb  - Linker created -
CSTACK$$Limit           0x2808'0000           --   Gb  - Linker created -
Calculate_Target_Angle  0x1008'92b1    0x1c  Code  Gb  JLNU_control.o [5]
Convert_GPS_To_XY       0x1008'ac45    0xa4  Code  Gb  JLNU_Imu660.o [5]
CopyVectorTable         0x1009'047d    0x34  Code  Lc  startup.o [31]
CpuUserInt0_Handler     0x1009'04ff    0x26  Code  Gb  cy_interrupt_map.o [23]
CpuUserInt10_Handler    0x1009'1291          Code  Wk  startup_cm7.o [31]
CpuUserInt11_Handler    0x1009'1295          Code  Wk  startup_cm7.o [31]
CpuUserInt12_Handler    0x1009'1299          Code  Wk  startup_cm7.o [31]
CpuUserInt13_Handler    0x1009'129d          Code  Wk  startup_cm7.o [31]
CpuUserInt14_Handler    0x1009'12a1          Code  Wk  startup_cm7.o [31]
CpuUserInt15_Handler    0x1009'12a5          Code  Wk  startup_cm7.o [31]
CpuUserInt1_Handler     0x1009'0525    0x26  Code  Gb  cy_interrupt_map.o [23]
CpuUserInt2_Handler     0x1009'054b    0x26  Code  Gb  cy_interrupt_map.o [23]
CpuUserInt3_Handler     0x1009'0571    0x26  Code  Gb  cy_interrupt_map.o [23]
CpuUserInt4_Handler     0x1009'0597    0x26  Code  Gb  cy_interrupt_map.o [23]
CpuUserInt5_Handler     0x1009'05bd    0x26  Code  Gb  cy_interrupt_map.o [23]
CpuUserInt6_Handler     0x1009'05e3    0x26  Code  Gb  cy_interrupt_map.o [23]
CpuUserInt7_Handler     0x1009'0609    0x26  Code  Gb  cy_interrupt_map.o [23]
CpuUserInt8_Handler     0x1009'1289          Code  Wk  startup_cm7.o [31]
CpuUserInt9_Handler     0x1009'128d          Code  Wk  startup_cm7.o [31]
Cy_DefaultUserHandler   0x1009'04fd     0x2  Code  Gb  cy_interrupt_map.o [23]
Cy_FlashHandler         0x1008'c0fb    0x34  Code  Lc  cy_mw_flash.o [13]
Cy_FlashInit            0x1008'c12f    0x3c  Code  Gb  cy_mw_flash.o [13]
Cy_FlashSectorErase     0x1008'c16b    0x7e  Code  Gb  cy_mw_flash.o [13]
Cy_FlashWriteWork       0x1008'c275    0xbc  Code  Gb  cy_mw_flash.o [13]
Cy_Flash_BlankCheck     0x1008'cb43    0xb4  Code  Gb  cy_flash.o [12]
Cy_Flash_BoundsCheck    0x1008'c9f9    0x24  Code  Gb  cy_flash.o [12]
Cy_Flash_CallSromApiForFlashWrite
                        0x1008'c7e9    0x6a  Code  Lc  cy_flash.o [12]
Cy_Flash_EraseSector    0x1008'cadb    0x68  Code  Gb  cy_flash.o [12]
Cy_Flash_IsWorkSmallSector
                        0x1008'c94f    0x40  Code  Gb  cy_flash.o [12]
Cy_Flash_MainBoundsCheck
                        0x1008'c98f    0x6a  Code  Gb  cy_flash.o [12]
Cy_Flash_ProcessOpcode  0x1008'ca1d    0xbe  Code  Gb  cy_flash.o [12]
Cy_Flash_ProgramRow     0x1008'c853    0x92  Code  Gb  cy_flash.o [12]
Cy_Flash_WorkBoundsCheck
                        0x1008'c8e5    0x6a  Code  Gb  cy_flash.o [12]
Cy_Flashc_GetMainBankMode
                        0x1008'c7c7     0xe  Code  Lc  cy_flash.o [12]
Cy_Flashc_GetWorkBankMode
                        0x1008'c7b9     0xe  Code  Lc  cy_flash.o [12]
Cy_Flashc_InvalidateFlashCacheBuffer
                        0x1008'c7d5    0x14  Code  Lc  cy_flash.o [12]
Cy_Flashc_InvalidateFlashCacheBuffer
                        0x1008'c0cf    0x14  Code  Lc  cy_mw_flash.o [13]
Cy_Flashc_MainWriteEnable
                        0x1008'c0e3     0xc  Code  Lc  cy_mw_flash.o [13]
Cy_Flashc_WorkWriteEnable
                        0x1008'c0ef     0xc  Code  Lc  cy_mw_flash.o [13]
Cy_GPIO_ClearInterrupt  0x1008'5613     0xe  Code  Lc  cy_gpio.o [14]
Cy_GPIO_ClearInterrupt  0x1008'bfad     0xe  Code  Lc  zf_driver_exti.o [49]
Cy_GPIO_Clr             0x1008'5051     0xa  Code  Lc  zf_driver_gpio.o [49]
Cy_GPIO_GetInterruptStatusMasked
                        0x1008'bfbb     0xa  Code  Lc  zf_driver_exti.o [49]
Cy_GPIO_Pin_Init        0x1008'5657    0x72  Code  Gb  cy_gpio.o [14]
Cy_GPIO_Read            0x1008'503d     0xa  Code  Lc  zf_driver_gpio.o [49]
Cy_GPIO_Set             0x1008'5047     0xa  Code  Lc  zf_driver_gpio.o [49]
Cy_GPIO_SetDriveSel     0x1008'55f5    0x1e  Code  Lc  cy_gpio.o [14]
Cy_GPIO_SetDrivemode    0x1008'55a5    0x1c  Code  Lc  cy_gpio.o [14]
Cy_GPIO_SetHSIOM        0x1008'5541    0x4c  Code  Lc  cy_gpio.o [14]
Cy_GPIO_SetInterruptEdge
                        0x1008'563b    0x1c  Code  Lc  cy_gpio.o [14]
Cy_GPIO_SetInterruptMask
                        0x1008'5621    0x1a  Code  Lc  cy_gpio.o [14]
Cy_GPIO_SetSlewRate     0x1008'55db    0x1a  Code  Lc  cy_gpio.o [14]
Cy_GPIO_SetVtrip        0x1008'55c1    0x1a  Code  Lc  cy_gpio.o [14]
Cy_GPIO_Write           0x1008'558d    0x18  Code  Lc  cy_gpio.o [14]
Cy_IPC_Drv_AcquireNotify
                        0x1008'cc65     0xc  Code  Lc  cy_ipc_drv.o [15]
Cy_IPC_Drv_ClearInterrupt
                        0x1008'c3af    0x14  Code  Lc  cy_srom.o [30]
Cy_IPC_Drv_GetInterruptStatusMasked
                        0x1008'c3ab     0x4  Code  Lc  cy_srom.o [30]
Cy_IPC_Drv_GetIntrBaseAddr
                        0x1008'c365    0x34  Code  Lc  cy_srom.o [30]
Cy_IPC_Drv_IsLockAcquired
                        0x1008'c3c3     0x8  Code  Lc  cy_srom.o [30]
Cy_IPC_Drv_LockAcquire  0x1008'cc79    0x10  Code  Gb  cy_ipc_drv.o [15]
Cy_IPC_Drv_SendMsgWord_2
                        0x1008'cc89    0x34  Code  Gb  cy_ipc_drv.o [15]
Cy_IPC_Drv_SetInterruptMask
                        0x1008'c399    0x12  Code  Lc  cy_srom.o [30]
Cy_IPC_Drv_WriteData1Value
                        0x1008'cc75     0x4  Code  Lc  cy_ipc_drv.o [15]
Cy_IPC_Drv_WriteDataValue
                        0x1008'cc71     0x4  Code  Lc  cy_ipc_drv.o [15]
Cy_RestoreIRQ           0x1009'00ad          Code  Gb  startup_cm7.o [31]
Cy_SCB_ClearRxFifo      0x1008'3b03    0x1e  Code  Lc  zf_driver_spi.o [49]
Cy_SCB_ClearRxInterrupt
                        0x1008'f1eb     0xa  Code  Lc  cm7_0_isr.o [45]
Cy_SCB_ClearTxInterrupt
                        0x1008'f1fb     0xa  Code  Lc  cm7_0_isr.o [45]
Cy_SCB_GetFifoSize      0x1008'3b5d    0x12  Code  Lc  zf_driver_spi.o [49]
Cy_SCB_GetNumInRxFifo   0x1008'3af9     0xa  Code  Lc  zf_driver_spi.o [49]
Cy_SCB_GetNumInRxFifo   0x1008'5a8d     0xa  Code  Lc  zf_driver_uart.o [49]
Cy_SCB_GetNumInTxFifo   0x1008'3b27     0xa  Code  Lc  zf_driver_spi.o [49]
Cy_SCB_GetNumInTxFifo   0x1008'5a9d     0xa  Code  Lc  zf_driver_uart.o [49]
Cy_SCB_GetRxInterruptMask
                        0x1008'f1e5     0x6  Code  Lc  cm7_0_isr.o [45]
Cy_SCB_GetRxInterruptMask
                        0x1008'5ad9     0x6  Code  Lc  zf_driver_uart.o [49]
Cy_SCB_GetTxInterruptMask
                        0x1008'f1f5     0x6  Code  Lc  cm7_0_isr.o [45]
Cy_SCB_GetTxInterruptMask
                        0x1008'5ae5     0x6  Code  Lc  zf_driver_uart.o [49]
Cy_SCB_GetTxSrValid     0x1008'3b31     0xa  Code  Lc  zf_driver_spi.o [49]
Cy_SCB_GetTxSrValid     0x1008'5aa7     0xa  Code  Lc  zf_driver_uart.o [49]
Cy_SCB_IsTxComplete     0x1008'3b3b    0x22  Code  Lc  zf_driver_spi.o [49]
Cy_SCB_IsTxComplete     0x1008'5ab1    0x22  Code  Lc  zf_driver_uart.o [49]
Cy_SCB_ReadRxFifo       0x1008'5a87     0x6  Code  Lc  zf_driver_uart.o [49]
Cy_SCB_SPI_ClearRxFifo  0x1008'3b8d     0x8  Code  Lc  zf_driver_spi.o [49]
Cy_SCB_SPI_Enable       0x1008'3b6f     0xa  Code  Lc  zf_driver_spi.o [49]
Cy_SCB_SPI_GetNumInRxFifo
                        0x1008'3b85     0x8  Code  Lc  zf_driver_spi.o [49]
Cy_SCB_SPI_Init         0x1008'56d5   0x1d8  Code  Gb  cy_scb_spi.o [24]
Cy_SCB_SPI_SetActiveSlaveSelect
                        0x1008'3b79     0xc  Code  Lc  zf_driver_spi.o [49]
Cy_SCB_SetRxInterruptMask
                        0x1008'5ad3     0x6  Code  Lc  zf_driver_uart.o [49]
Cy_SCB_SetTxInterruptMask
                        0x1008'5adf     0x6  Code  Lc  zf_driver_uart.o [49]
Cy_SCB_UART_DeInit      0x1008'6c29    0x5c  Code  Gb  cy_scb_uart.o [24]
Cy_SCB_UART_Enable      0x1008'5aeb     0xa  Code  Lc  zf_driver_uart.o [49]
Cy_SCB_UART_Init        0x1008'69a5   0x284  Code  Gb  cy_scb_uart.o [24]
Cy_SCB_WriteTxFifo      0x1008'3b21     0x6  Code  Lc  zf_driver_spi.o [49]
Cy_SCB_WriteTxFifo      0x1008'5a97     0x6  Code  Lc  zf_driver_uart.o [49]
Cy_SaveIRQ              0x1009'00a5          Code  Gb  startup_cm7.o [31]
Cy_Srom_CallApi         0x1008'c3cb    0xb8  Code  Gb  cy_srom.o [30]
Cy_Srom_CallApi_NonBlock
                        0x1008'c483    0x66  Code  Gb  cy_srom.o [30]
Cy_Srom_ConvertRespToStatus
                        0x1008'c54f    0x1e  Code  Gb  cy_srom.o [30]
Cy_Srom_GetApiResponse  0x1008'c519    0x36  Code  Gb  cy_srom.o [30]
Cy_Srom_GetResponseType
                        0x1008'c4e9    0x30  Code  Gb  cy_srom.o [30]
Cy_Srom_ISR_ResponseIPC
                        0x1008'c5c9    0x58  Code  Lc  cy_srom.o [30]
Cy_Srom_SetResponseHandler
                        0x1008'c56d    0x5a  Code  Gb  cy_srom.o [30]
Cy_SysClk_CheckDividerExisting
                        0x1008'3875    0x2a  Code  Lc  zf_driver_delay.o [49]
Cy_SysClk_CheckDividerExisting
                        0x1008'ee4d    0x2c  Code  Lc  zf_driver_pit.o [49]
Cy_SysClk_CheckDividerExisting
                        0x1008'7cbd    0x2c  Code  Lc  zf_driver_pwm.o [49]
Cy_SysClk_CheckDividerExisting
                        0x1008'3b95    0x2c  Code  Lc  zf_driver_spi.o [49]
Cy_SysClk_CheckDividerExisting
                        0x1008'f7f5    0x2a  Code  Lc  zf_driver_timer.o [49]
Cy_SysClk_CheckDividerExisting
                        0x1008'58e3    0x2c  Code  Lc  zf_driver_uart.o [49]
Cy_SysClk_ClkPathGetSource
                        0x1008'd7f1    0x54  Code  Gb  cy_sysclk.o [33]
Cy_SysClk_EcoGetStatus  0x1008'd67d    0x1a  Code  Lc  cy_sysclk.o [33]
Cy_SysClk_Fast0ClkGetDivider
                        0x1008'd7c5    0x16  Code  Lc  cy_sysclk.o [33]
Cy_SysClk_Fast1ClkGetDivider
                        0x1008'd7db    0x16  Code  Lc  cy_sysclk.o [33]
Cy_SysClk_FllGetConfiguration
[...]
gps_gnths_parse         0x1008'e39d    0x46  Code  Lc  zf_device_gnss.o [48]
gps_rmc_buffer          0x2802'36d0    0x80  Data  Lc  zf_device_gnss.o [48]
gps_ths_buffer          0x2802'3750    0x80  Data  Lc  zf_device_gnss.o [48]
imu660rc_acc_x          0x2802'3bc0     0x2  Data  Gb  zf_device_imu660rc.o [48]
imu660rc_acc_y          0x2802'3bc2     0x2  Data  Gb  zf_device_imu660rc.o [48]
imu660rc_acc_z          0x2802'3bc4     0x2  Data  Gb  zf_device_imu660rc.o [48]
imu660rc_get_acc        0x1008'bb99    0x2e  Code  Gb  zf_device_imu660rc.o [48]
imu660rc_get_gyro       0x1008'bbc7    0x2e  Code  Gb  zf_device_imu660rc.o [48]
imu660rc_gyro_x         0x2802'3bba     0x2  Data  Gb  zf_device_imu660rc.o [48]
imu660rc_gyro_y         0x2802'3bbc     0x2  Data  Gb  zf_device_imu660rc.o [48]
imu660rc_gyro_z         0x2802'3bbe     0x2  Data  Gb  zf_device_imu660rc.o [48]
imu660rc_init           0x1008'bbf7   0x116  Code  Gb  zf_device_imu660rc.o [48]
imu660rc_quarternion_rate
                        0x2802'3beb     0x1  Data  Lc  zf_device_imu660rc.o [48]
imu660rc_read_register  0x1008'bb0f    0x24  Code  Lc  zf_device_imu660rc.o [48]
imu660rc_read_registers
                        0x1008'bb33    0x26  Code  Lc  zf_device_imu660rc.o [48]
imu660rc_self_check     0x1008'bb67    0x32  Code  Lc  zf_device_imu660rc.o [48]
imu660rc_set_mem_bank   0x1008'bb59     0xe  Code  Lc  zf_device_imu660rc.o [48]
imu660rc_transition_factor
                        0x2802'3b10     0x8  Data  Gb  zf_device_imu660rc.o [48]
imu660rc_write_register
                        0x1008'baed    0x22  Code  Lc  zf_device_imu660rc.o [48]
intFreqInitialized      0x2802'3bc8     0x1  Data  Gb  cy_sysclk.o [33]
integralFBx             0x2802'3b74     0x4  Data  Lc  JLNU_Imu660.o [5]
integralFBy             0x2802'3b78     0x4  Data  Lc  JLNU_Imu660.o [5]
integralFBz             0x2802'3b7c     0x4  Data  Lc  JLNU_Imu660.o [5]
internalBaseFreqInfo    0x2802'3a2c    0x18  Data  Gb  cy_sysclk.o [33]
interrupt_global_disable
                        0x1008'67d9    0x14  Code  Gb  zf_common_interrupt.o [46]
interrupt_global_enable
                        0x1008'67c9    0x10  Code  Gb  zf_common_interrupt.o [46]
interrupt_global_flag   0x2802'3b9c     0x4  Data  Lc  zf_common_interrupt.o [46]
interrupt_init          0x1008'6819    0x36  Code  Gb  zf_common_interrupt.o [46]
interrupt_set_priority  0x1008'680d     0xc  Code  Gb  zf_common_interrupt.o [46]
last_cycle_count        0x2802'3b80     0x4  Data  Lc  JLNU_Imu660.o [5]
ldexp                   0x1008'8ce5          Code  Gb  ldexp.o [51]
ldexpl                  0x1008'8ce5          Code  Gb  ldexp.o [51]
lpf_acc_x               0x2802'3b5c     0x4  Data  Gb  JLNU_Imu660.o [5]
lpf_acc_y               0x2802'3b60     0x4  Data  Gb  JLNU_Imu660.o [5]
lpf_acc_z               0x2802'3b64     0x4  Data  Gb  JLNU_Imu660.o [5]
lpf_gyro_x              0x2802'3b68     0x4  Data  Gb  JLNU_Imu660.o [5]
lpf_gyro_y              0x2802'3b6c     0x4  Data  Gb  JLNU_Imu660.o [5]
lpf_gyro_z              0x2802'3b70     0x4  Data  Gb  JLNU_Imu660.o [5]
main                    0x1008'fa9d   0x23c  Code  Gb  main_cm7_0.o [45]
main::was_high          0x2802'3be2     0x1  Data  Lc  main_cm7_0.o [45]
memchr                  0x1008'8ba1          Code  Gb  memchr.o [52]
menu_init               0x1008'0081    0x1a  Code  Gb  JLNU_menu.o [5]
menu_level              0x2802'084d     0x1  Data  Gb  JLNU_menu.o [5]
menu_serial_number_One  0x2802'084c     0x1  Data  Gb  JLNU_menu.o [5]
menu_serial_number_Three
                        0x2802'3bdc     0x1  Data  Gb  JLNU_menu.o [5]
menu_serial_number_Two  0x2802'3bdb     0x1  Data  Gb  JLNU_menu.o [5]
motor_value             0x2802'3aa4    0x14  Data  Gb  JLNU_Brushless_Motor.o [5]
pit0_ch0_isr            0x1008'f205     0xa  Code  Gb  cm7_0_isr.o [45]
pit0_ch10_isr           0x1008'f227    0x78  Code  Gb  cm7_0_isr.o [45]
pit0_ch11_isr           0x1008'f29f     0xa  Code  Gb  cm7_0_isr.o [45]
pit0_ch12_isr           0x1008'f2a9     0xa  Code  Gb  cm7_0_isr.o [45]
pit0_ch13_isr           0x1008'f2b3     0xa  Code  Gb  cm7_0_isr.o [45]
pit0_ch14_isr           0x1008'f2bd     0xa  Code  Gb  cm7_0_isr.o [45]
pit0_ch15_isr           0x1008'f2c7     0xa  Code  Gb  cm7_0_isr.o [45]
pit0_ch16_isr           0x1008'f2d1     0xa  Code  Gb  cm7_0_isr.o [45]
pit0_ch17_isr           0x1008'f2db     0xa  Code  Gb  cm7_0_isr.o [45]
pit0_ch18_isr           0x1008'f2e5     0xa  Code  Gb  cm7_0_isr.o [45]
pit0_ch19_isr           0x1008'f2ef     0xa  Code  Gb  cm7_0_isr.o [45]
pit0_ch1_isr            0x1008'f20f     0xa  Code  Gb  cm7_0_isr.o [45]
pit0_ch20_isr           0x1008'f2f9     0xa  Code  Gb  cm7_0_isr.o [45]
pit0_ch21_isr           0x1008'f303     0xe  Code  Gb  cm7_0_isr.o [45]
pit0_ch2_isr            0x1008'f219     0xe  Code  Gb  cm7_0_isr.o [45]
pit_init                0x1008'efe1   0x1ee  Code  Gb  zf_driver_pit.o [49]
pit_isr_flag_clear      0x1008'efb7    0x2a  Code  Gb  zf_driver_pit.o [49]
pit_isr_func            0x2802'07c0    0x3c  Data  Gb  zf_driver_pit.o [49]
programSizeBytesLut     0x1009'0dc0    0x14  Data  Lc  cy_flash.o [12]
pwm_all_channel_close   0x1008'886d    0x1a  Code  Gb  zf_driver_pwm.o [49]
pwm_init                0x1008'88e1   0x1e4  Code  Gb  zf_driver_pwm.o [49]
pwm_l                   0x2802'0836     0x2  Data  Gb  JLNU_Servo.o [5]
pwm_r                   0x2802'0834     0x2  Data  Gb  JLNU_Servo.o [5]
pwm_set_duty            0x1008'8887    0x5a  Code  Gb  zf_driver_pwm.o [49]
sar_adc                 0x2802'0754     0xc  Data  Lc  zf_driver_adc.o [49]
scalbln                 0x1008'8ce5          Code  Gb  ldexp.o [51]
scalblnl                0x1008'8ce5          Code  Gb  ldexp.o [51]
scalbn                  0x1008'8ce5          Code  Gb  ldexp.o [51]
scalbnl                 0x1008'8ce5          Code  Gb  ldexp.o [51]
scale                   0x1008'7b45    0x46  Code  Lc  xprintffull_nomb.o [50]
scb_module              0x2802'0820    0x14  Data  Gb  zf_driver_uart.o [49]
sec_hand                0x2802'3bac     0x4  Data  Lc  xfail_s.o [50]
selected_index          0x2802'3bdd     0x1  Data  Gb  JLNU_menu.o [5]
set_wireless_type       0x1008'f73f    0x32  Code  Gb  zf_device_type.o [48]
sinf                    0x1008'ab59     0x4  Code  Gb  cos_sin32.o [51]
small_driver_get_speed  0x1008'a805    0x2a  Code  Gb  JLNU_Brushless_Motor.o [5]
small_driver_init       0x1008'a82f    0x2e  Code  Gb  JLNU_Brushless_Motor.o [5]
small_driver_set_duty   0x1008'a7c3    0x42  Code  Gb  JLNU_Brushless_Motor.o [5]
small_driver_uart_init  0x1008'a861    0x2a  Code  Gb  JLNU_Brushless_Motor.o [5]
speed_convert_clamped   0x1008'b311    0x20  Code  Gb  JLNU_YaoKong.o [5]
spi_get_clk_hsiom       0x1008'3df5    0x28  Code  Lc  zf_driver_spi.o [49]
spi_get_clk_pin         0x1008'3d39    0x28  Code  Lc  zf_driver_spi.o [49]
spi_get_cs_hsiom        0x1008'3e6d    0x44  Code  Lc  zf_driver_spi.o [49]
spi_get_cs_pin          0x1008'3db1    0x44  Code  Lc  zf_driver_spi.o [49]
spi_get_miso_hsiom      0x1008'3e45    0x28  Code  Lc  zf_driver_spi.o [49]
spi_get_miso_pin        0x1008'3d89    0x28  Code  Lc  zf_driver_spi.o [49]
spi_get_mosi_hsiom      0x1008'3e1d    0x28  Code  Lc  zf_driver_spi.o [49]
spi_get_mosi_pin        0x1008'3d61    0x28  Code  Lc  zf_driver_spi.o [49]
spi_init                0x1008'44a1   0x28e  Code  Gb  zf_driver_spi.o [49]
spi_module              0x2802'07fc    0x10  Data  Gb  zf_driver_spi.o [49]
spi_read_8bit_register  0x1008'42dd    0xd0  Code  Gb  zf_driver_spi.o [49]
spi_read_8bit_registers
                        0x1008'43ad    0xe2  Code  Gb  zf_driver_spi.o [49]
spi_write_16bit         0x1008'4097    0xaa  Code  Gb  zf_driver_spi.o [49]
spi_write_16bit_array   0x1008'4141    0xb6  Code  Gb  zf_driver_spi.o [49]
spi_write_8bit          0x1008'3fed    0xaa  Code  Gb  zf_driver_spi.o [49]
spi_write_8bit_register
                        0x1008'41f7    0xde  Code  Gb  zf_driver_spi.o [49]
sprintf                 0x1008'62e5    0x40  Code  Gb  sprintf.o [50]
sqrtf                   0x1008'abf9          Code  Gb  sqrtf.o [51]
strchr                  0x1008'8b49          Code  Gb  strchr.o [52]
strlen                  0x1008'62ad          Code  Gb  strlen.o [52]
strncmp                 0x1008'e831    0x2a  Code  Gb  strncmp.o [50]
strncpy                 0x1008'c651          Code  Gb  strncpy.o [52]
switch_transition_length
                        0x1008'3eb1   0x13c  Code  Lc  zf_driver_spi.o [49]
system_clock            0x2802'3b98     0x4  Data  Gb  zf_common_clock.o [46]
system_delay_init       0x1008'3a37    0xa6  Code  Gb  zf_driver_delay.o [49]
system_delay_ms         0x1008'39d9    0x5e  Code  Gb  zf_driver_delay.o [49]
tft180_bgcolor          0x2802'0842     0x2  Data  Lc  zf_device_tft180.o [48]
tft180_clear            0x1008'295d    0x7c  Code  Gb  zf_device_tft180.o [48]
tft180_debug_init       0x1008'28f3    0x68  Code  Lc  zf_device_tft180.o [48]
tft180_display_dir      0x2802'084f     0x1  Data  Lc  zf_device_tft180.o [48]
tft180_display_font     0x2802'3bec     0x1  Data  Lc  zf_device_tft180.o [48]
tft180_draw_circle      0x1008'3539   0x314  Code  Gb  zf_device_tft180.o [48]
tft180_draw_line        0x1008'2a9d   0x23e  Code  Gb  zf_device_tft180.o [48]
tft180_draw_point       0x1008'2a21    0x7c  Code  Gb  zf_device_tft180.o [48]
tft180_height_max       0x2802'083e     0x2  Data  Gb  zf_device_tft180.o [48]
tft180_init             0x1008'31cd   0x36a  Code  Gb  zf_device_tft180.o [48]
tft180_pencolor         0x2802'0840     0x2  Data  Lc  zf_device_tft180.o [48]
tft180_set_color        0x1008'2a13     0xe  Code  Gb  zf_device_tft180.o [48]
tft180_set_dir          0x1008'29d9    0x3a  Code  Gb  zf_device_tft180.o [48]
tft180_set_region       0x1008'2793   0x160  Code  Lc  zf_device_tft180.o [48]
tft180_show_char        0x1008'2ce1   0x1f4  Code  Gb  zf_device_tft180.o [48]
tft180_show_float       0x1008'3059   0x13c  Code  Gb  zf_device_tft180.o [48]
tft180_show_string      0x1008'2ed5    0xaa  Code  Gb  zf_device_tft180.o [48]
tft180_show_uint        0x1008'2f7f    0xda  Code  Gb  zf_device_tft180.o [48]
tft180_width_max        0x2802'083c     0x2  Data  Gb  zf_device_tft180.o [48]
tft180_write_index      0x1008'2775    0x1e  Code  Lc  zf_device_tft180.o [48]
tft_show                0x1008'009b   0x49c  Code  Gb  JLNU_menu.o [5]
timer_ch                0x2802'0850     0x1  Data  Lc  zf_driver_delay.o [49]
timer_clear             0x1008'f9af    0x16  Code  Gb  zf_driver_timer.o [49]
timer_get               0x1008'f981    0x2e  Code  Gb  zf_driver_timer.o [49]
timer_init              0x1008'f9c5    0xc8  Code  Gb  zf_driver_timer.o [49]
timer_start             0x1008'f959    0x28  Code  Gb  zf_driver_timer.o [49]
tsl1401_collect_pit_handler
                        0x1008'f6c1    0x68  Code  Gb  zf_device_tsl1401.o [48]
tsl1401_data            0x2802'32b8   0x200  Data  Gb  zf_device_tsl1401.o [48]
tsl1401_finish_flag     0x2802'3bee     0x1  Data  Gb  zf_device_tsl1401.o [48]
tsl1401_init_state      0x2802'3bed     0x1  Data  Lc  zf_device_tsl1401.o [48]
type_default_callback   0x1008'f73d     0x2  Code  Lc  zf_device_type.o [48]
uart0_isr               0x1008'f35d    0x40  Code  Gb  cm7_0_isr.o [45]
uart1_isr               0x1008'f39d    0x42  Code  Gb  cm7_0_isr.o [45]
uart2_isr               0x1008'f3df    0x40  Code  Gb  cm7_0_isr.o [45]
uart3_isr               0x1008'f41f    0x40  Code  Gb  cm7_0_isr.o [45]
uart4_isr               0x1008'f45f    0x42  Code  Gb  cm7_0_isr.o [45]
uart_context            0x2802'34b8   0x118  Data  Gb  zf_driver_uart.o [49]
uart_control_callback   0x1008'a711    0xb2  Code  Gb  JLNU_Brushless_Motor.o [5]
uart_init               0x1008'60d1   0x190  Code  Gb  zf_driver_uart.o [49]
uart_isr_func           0x2802'080c    0x14  Data  Gb  zf_driver_uart.o [49]
uart_query_byte         0x1008'5ce7    0x32  Code  Gb  zf_driver_uart.o [49]
uart_receiver           0x2802'3b00    0x10  Data  Gb  zf_device_uart_receiver.o [48]
uart_receiver_analysis  0x1008'fdfd    0xca  Code  Lc  zf_device_uart_receiver.o [48]
uart_receiver_callback  0x1008'fec7    0x4a  Code  Gb  zf_device_uart_receiver.o [48]
uart_receiver_callback::length
                        0x2802'3bf0     0x1  Data  Lc  zf_device_uart_receiver.o [48]
uart_receiver_data      0x2802'3a10    0x1c  Data  Gb  zf_device_uart_receiver.o [48]
uart_receiver_handler   0x2802'0750     0x4  Data  Gb  zf_device_type.o [48]
uart_receiver_init      0x1008'ff11    0x2e  Code  Gb  zf_device_uart_receiver.o [48]
uart_receiver_interval_time
                        0x1008'fde9    0x14  Code  Lc  zf_device_uart_receiver.o [48]
uart_rx_interrupt       0x1008'5e35    0xfe  Code  Gb  zf_driver_uart.o [49]
uart_sbus_init          0x1008'5f33   0x19e  Code  Gb  zf_driver_uart.o [49]
uart_tx_interrupt       0x1008'5d19   0x11c  Code  Gb  zf_driver_uart.o [49]
uart_write_buffer       0x1008'5cad    0x1e  Code  Gb  zf_driver_uart.o [49]
uart_write_byte         0x1008'5c85    0x28  Code  Gb  zf_driver_uart.o [49]
uart_write_string       0x1008'5ccb    0x1c  Code  Gb  zf_driver_uart.o [49]
updateAttitude_rc       0x1008'aec9   0x3b4  Code  Gb  JLNU_Imu660.o [5]
utc_to_btc              0x1008'e055    0x96  Code  Lc  zf_device_gnss.o [48]
wireless_module_uart_handler
                        0x2802'074c     0x4  Data  Gb  zf_device_type.o [48]
wireless_type           0x2802'3bef     0x1  Data  Gb  zf_device_type.o [48]
wireless_uart_buffer    0x2802'3910    0x40  Data  Lc  zf_device_wireless_uart.o [48]
wireless_uart_callback  0x1008'f64f    0x1c  Code  Gb  zf_device_wireless_uart.o [48]
wireless_uart_data      0x2802'3bf1     0x1  Data  Lc  zf_device_wireless_uart.o [48]
wireless_uart_fifo      0x2802'3a8c    0x18  Data  Lc  zf_device_wireless_uart.o [48]
wireless_uart_init      0x1008'f66b    0x40  Code  Gb  zf_device_wireless_uart.o [48]
wireless_uart_read_buffer
                        0x1008'f623    0x2c  Code  Gb  zf_device_wireless_uart.o [48]
wireless_uart_send_float
                        0x1008'f4ed    0xcc  Code  Gb  JLNU_UART_Wireless.o [5]
wireless_uart_send_string
                        0x1008'f5b9    0x6a  Code  Gb  zf_device_wireless_uart.o [48]
zf_debug_assert_enable  0x2802'084e     0x1  Data  Lc  zf_common_debug.o [46]
zf_debug_init_flag      0x2802'3be3     0x1  Data  Lc  zf_common_debug.o [46]


[1] = D:\SmartCar\mine\JLNU_SmartCar_TwoLeg\E01_gpio_demo\iar\Debug_m7_0\Obj\adc_11722776235721520015.dir
[2] = D:\SmartCar\mine\JLNU_SmartCar_TwoLeg\E01_gpio_demo\iar\Debug_m7_0\Obj\audioss_1346650047966882938.dir
[3] = D:\SmartCar\mine\JLNU_SmartCar_TwoLeg\E01_gpio_demo\iar\Debug_m7_0\Obj\button_4990804375159372270.dir
[4] = D:\SmartCar\mine\JLNU_SmartCar_TwoLeg\E01_gpio_demo\iar\Debug_m7_0\Obj\canfd_1800690984773873875.dir
[5] = D:\SmartCar\mine\JLNU_SmartCar_TwoLeg\E01_gpio_demo\iar\Debug_m7_0\Obj\code_17896468042025673432.dir
[6] = D:\SmartCar\mine\JLNU_SmartCar_TwoLeg\E01_gpio_demo\iar\Debug_m7_0\Obj\cpu_15938736945165268644.dir
[7] = D:\SmartCar\mine\JLNU_SmartCar_TwoLeg\E01_gpio_demo\iar\Debug_m7_0\Obj\crypto_1190170608956581615.dir
[8] = D:\SmartCar\mine\JLNU_SmartCar_TwoLeg\E01_gpio_demo\iar\Debug_m7_0\Obj\dma_12106025507578611576.dir
[9] = D:\SmartCar\mine\JLNU_SmartCar_TwoLeg\E01_gpio_demo\iar\Debug_m7_0\Obj\eth_phy_18133017486186456677.dir
[10] = D:\SmartCar\mine\JLNU_SmartCar_TwoLeg\E01_gpio_demo\iar\Debug_m7_0\Obj\ethernet_6029839089178797009.dir
[11] = D:\SmartCar\mine\JLNU_SmartCar_TwoLeg\E01_gpio_demo\iar\Debug_m7_0\Obj\evtgen_3404189088603873129.dir
[12] = D:\SmartCar\mine\JLNU_SmartCar_TwoLeg\E01_gpio_demo\iar\Debug_m7_0\Obj\flash_8529866181315662935.dir
[13] = D:\SmartCar\mine\JLNU_SmartCar_TwoLeg\E01_gpio_demo\iar\Debug_m7_0\Obj\flash_864493325053435817.dir
[14] = D:\SmartCar\mine\JLNU_SmartCar_TwoLeg\E01_gpio_demo\iar\Debug_m7_0\Obj\gpio_3999404635324069351.dir
[15] = D:\SmartCar\mine\JLNU_SmartCar_TwoLeg\E01_gpio_demo\iar\Debug_m7_0\Obj\ipc_10145506163450686023.dir
[16] = D:\SmartCar\mine\JLNU_SmartCar_TwoLeg\E01_gpio_demo\iar\Debug_m7_0\Obj\lin_18429031207028094880.dir
[17] = D:\SmartCar\mine\JLNU_SmartCar_TwoLeg\E01_gpio_demo\iar\Debug_m7_0\Obj\lvd_6353935867039560245.dir
[18] = D:\SmartCar\mine\JLNU_SmartCar_TwoLeg\E01_gpio_demo\iar\Debug_m7_0\Obj\mcwdt_4052485907822033969.dir
[19] = D:\SmartCar\mine\JLNU_SmartCar_TwoLeg\E01_gpio_demo\iar\Debug_m7_0\Obj\mpu_5663187252346826382.dir
[20] = D:\SmartCar\mine\JLNU_SmartCar_TwoLeg\E01_gpio_demo\iar\Debug_m7_0\Obj\power_14453085144426420577.dir
[21] = D:\SmartCar\mine\JLNU_SmartCar_TwoLeg\E01_gpio_demo\iar\Debug_m7_0\Obj\prot_10722960861768657883.dir
[22] = D:\SmartCar\mine\JLNU_SmartCar_TwoLeg\E01_gpio_demo\iar\Debug_m7_0\Obj\rev_b_4986922561640112550.dir
[23] = D:\SmartCar\mine\JLNU_SmartCar_TwoLeg\E01_gpio_demo\iar\Debug_m7_0\Obj\rev_b_6162237342861132223.dir
[24] = D:\SmartCar\mine\JLNU_SmartCar_TwoLeg\E01_gpio_demo\iar\Debug_m7_0\Obj\scb_15490842639181808494.dir
[25] = D:\SmartCar\mine\JLNU_SmartCar_TwoLeg\E01_gpio_demo\iar\Debug_m7_0\Obj\sd_host_2982766354293506895.dir
[26] = D:\SmartCar\mine\JLNU_SmartCar_TwoLeg\E01_gpio_demo\iar\Debug_m7_0\Obj\semihosting_143864889731838620.dir
[27] = D:\SmartCar\mine\JLNU_SmartCar_TwoLeg\E01_gpio_demo\iar\Debug_m7_0\Obj\smartio_5451710003740070188.dir
[28] = D:\SmartCar\mine\JLNU_SmartCar_TwoLeg\E01_gpio_demo\iar\Debug_m7_0\Obj\smif_427648126384146252.dir
[29] = D:\SmartCar\mine\JLNU_SmartCar_TwoLeg\E01_gpio_demo\iar\Debug_m7_0\Obj\smif_mem_6470536964353725183.dir
[30] = D:\SmartCar\mine\JLNU_SmartCar_TwoLeg\E01_gpio_demo\iar\Debug_m7_0\Obj\srom_13018798572330080582.dir
[31] = D:\SmartCar\mine\JLNU_SmartCar_TwoLeg\E01_gpio_demo\iar\Debug_m7_0\Obj\startup_479057977785470282.dir
[32] = D:\SmartCar\mine\JLNU_SmartCar_TwoLeg\E01_gpio_demo\iar\Debug_m7_0\Obj\sw_timer_4215635015939382130.dir
[33] = D:\SmartCar\mine\JLNU_SmartCar_TwoLeg\E01_gpio_demo\iar\Debug_m7_0\Obj\sysclk_16149231235676103872.dir
[34] = D:\SmartCar\mine\JLNU_SmartCar_TwoLeg\E01_gpio_demo\iar\Debug_m7_0\Obj\sysflt_12293435975120599261.dir
[35] = D:\SmartCar\mine\JLNU_SmartCar_TwoLeg\E01_gpio_demo\iar\Debug_m7_0\Obj\sysint_7435970359207984181.dir
[36] = D:\SmartCar\mine\JLNU_SmartCar_TwoLeg\E01_gpio_demo\iar\Debug_m7_0\Obj\syslib_16330585751512546975.dir
[37] = D:\SmartCar\mine\JLNU_SmartCar_TwoLeg\E01_gpio_demo\iar\Debug_m7_0\Obj\syspm_10887939769544754770.dir
[38] = D:\SmartCar\mine\JLNU_SmartCar_TwoLeg\E01_gpio_demo\iar\Debug_m7_0\Obj\sysreghc_17676636058511625587.dir
[39] = D:\SmartCar\mine\JLNU_SmartCar_TwoLeg\E01_gpio_demo\iar\Debug_m7_0\Obj\sysreset_14586141425677365288.dir
[40] = D:\SmartCar\mine\JLNU_SmartCar_TwoLeg\E01_gpio_demo\iar\Debug_m7_0\Obj\sysrtc_10747768817563771611.dir
[41] = D:\SmartCar\mine\JLNU_SmartCar_TwoLeg\E01_gpio_demo\iar\Debug_m7_0\Obj\systick_16016591671695740695.dir
[42] = D:\SmartCar\mine\JLNU_SmartCar_TwoLeg\E01_gpio_demo\iar\Debug_m7_0\Obj\syswdt_9118657615806274156.dir
[43] = D:\SmartCar\mine\JLNU_SmartCar_TwoLeg\E01_gpio_demo\iar\Debug_m7_0\Obj\tcpwm_422923530147891246.dir
[44] = D:\SmartCar\mine\JLNU_SmartCar_TwoLeg\E01_gpio_demo\iar\Debug_m7_0\Obj\trigmux_9729677290734583340.dir
[45] = D:\SmartCar\mine\JLNU_SmartCar_TwoLeg\E01_gpio_demo\iar\Debug_m7_0\Obj\user_8514941877209965082.dir
[46] = D:\SmartCar\mine\JLNU_SmartCar_TwoLeg\E01_gpio_demo\iar\Debug_m7_0\Obj\zf_common_1201165462030747823.dir
[47] = D:\SmartCar\mine\JLNU_SmartCar_TwoLeg\E01_gpio_demo\iar\Debug_m7_0\Obj\zf_components_14936052685886095442.dir
[48] = D:\SmartCar\mine\JLNU_SmartCar_TwoLeg\E01_gpio_demo\iar\Debug_m7_0\Obj\zf_device_6570275422786408770.dir
[49] = D:\SmartCar\mine\JLNU_SmartCar_TwoLeg\E01_gpio_demo\iar\Debug_m7_0\Obj\zf_driver_11922370083829174090.dir
[50] = dl7M_tln.a
[51] = m7M_tlv.a
[52] = rt7M_tl.a
[53] = shb_l.a
[54] = zf_device_config.a

  65'676 bytes of readonly  code memory
   4'933 bytes of readonly  data memory
  24'688 bytes of readwrite data memory

Errors: none
Warnings: none
