###############################################################################
#
# IAR ELF Linker V9.40.1.364/W64 for ARM                  17/Dec/2025  17:26:50
# Copyright 2007-2023 IAR Systems AB.
#
#    Output file  =
#        D:\SmartCar\mine\JLNU_SmartCar_TwoLeg\E01_gpio_demo\iar\project_config\Debug_m7_0\Exe\cyt4bb7_cm_7_0.out
#    Map file     =
#        D:\SmartCar\mine\JLNU_SmartCar_TwoLeg\E01_gpio_demo\iar\Debug_m7_0\List\cyt4bb7_cm_7_0.map
#    Command line =
#        -f
#        D:\SmartCar\mine\JLNU_SmartCar_TwoLeg\E01_gpio_demo\iar\project_config\Debug_m7_0\Exe\cyt4bb7_cm_7_0.out.rsp
#        (D:\SmartCar\mine\JLNU_SmartCar_TwoLeg\E01_gpio_demo\iar\Debug_m7_0\Obj\user_8514941877209965082.dir\cm7_0_isr.o
#        D:\SmartCar\mine\JLNU_SmartCar_TwoLeg\E01_gpio_demo\iar\Debug_m7_0\Obj\adc_11722776235721520015.dir\cy_adc.o
#        D:\SmartCar\mine\JLNU_SmartCar_TwoLeg\E01_gpio_demo\iar\Debug_m7_0\Obj\button_4990804375159372270.dir\cy_button.o
#        D:\SmartCar\mine\JLNU_SmartCar_TwoLeg\E01_gpio_demo\iar\Debug_m7_0\Obj\canfd_1800690984773873875.dir\cy_canfd.o
#        D:\SmartCar\mine\JLNU_SmartCar_TwoLeg\E01_gpio_demo\iar\Debug_m7_0\Obj\cpu_15938736945165268644.dir\cy_cpu.o
#        D:\SmartCar\mine\JLNU_SmartCar_TwoLeg\E01_gpio_demo\iar\Debug_m7_0\Obj\crypto_1190170608956581615.dir\cy_crypto_config.o
#        D:\SmartCar\mine\JLNU_SmartCar_TwoLeg\E01_gpio_demo\iar\Debug_m7_0\Obj\eth_phy_18133017486186456677.dir\cy_dp83867.o
#        D:\SmartCar\mine\JLNU_SmartCar_TwoLeg\E01_gpio_demo\iar\Debug_m7_0\Obj\ethernet_6029839089178797009.dir\cy_ethif.o
#        D:\SmartCar\mine\JLNU_SmartCar_TwoLeg\E01_gpio_demo\iar\Debug_m7_0\Obj\evtgen_3404189088603873129.dir\cy_evtgen.o
#        D:\SmartCar\mine\JLNU_SmartCar_TwoLeg\E01_gpio_demo\iar\Debug_m7_0\Obj\flash_8529866181315662935.dir\cy_flash.o
#        D:\SmartCar\mine\JLNU_SmartCar_TwoLeg\E01_gpio_demo\iar\Debug_m7_0\Obj\gpio_3999404635324069351.dir\cy_gpio.o
#        D:\SmartCar\mine\JLNU_SmartCar_TwoLeg\E01_gpio_demo\iar\Debug_m7_0\Obj\audioss_1346650047966882938.dir\cy_i2s.o
#        D:\SmartCar\mine\JLNU_SmartCar_TwoLeg\E01_gpio_demo\iar\Debug_m7_0\Obj\rev_b_6162237342861132223.dir\cy_interrupt_map.o
#        D:\SmartCar\mine\JLNU_SmartCar_TwoLeg\E01_gpio_demo\iar\Debug_m7_0\Obj\ipc_10145506163450686023.dir\cy_ipc_drv.o
#        D:\SmartCar\mine\JLNU_SmartCar_TwoLeg\E01_gpio_demo\iar\Debug_m7_0\Obj\ipc_10145506163450686023.dir\cy_ipc_pipe.o
#        D:\SmartCar\mine\JLNU_SmartCar_TwoLeg\E01_gpio_demo\iar\Debug_m7_0\Obj\ipc_10145506163450686023.dir\cy_ipc_sema.o
#        D:\SmartCar\mine\JLNU_SmartCar_TwoLeg\E01_gpio_demo\iar\Debug_m7_0\Obj\lin_18429031207028094880.dir\cy_lin.o
#        D:\SmartCar\mine\JLNU_SmartCar_TwoLeg\E01_gpio_demo\iar\Debug_m7_0\Obj\lvd_6353935867039560245.dir\cy_lvd.o
#        D:\SmartCar\mine\JLNU_SmartCar_TwoLeg\E01_gpio_demo\iar\Debug_m7_0\Obj\mcwdt_4052485907822033969.dir\cy_mcwdt.o
#        D:\SmartCar\mine\JLNU_SmartCar_TwoLeg\E01_gpio_demo\iar\Debug_m7_0\Obj\dma_12106025507578611576.dir\cy_mdma.o
#        D:\SmartCar\mine\JLNU_SmartCar_TwoLeg\E01_gpio_demo\iar\Debug_m7_0\Obj\mpu_5663187252346826382.dir\cy_mpu.o
#        D:\SmartCar\mine\JLNU_SmartCar_TwoLeg\E01_gpio_demo\iar\Debug_m7_0\Obj\flash_864493325053435817.dir\cy_mw_flash.o
#        D:\SmartCar\mine\JLNU_SmartCar_TwoLeg\E01_gpio_demo\iar\Debug_m7_0\Obj\dma_12106025507578611576.dir\cy_pdma.o
#        D:\SmartCar\mine\JLNU_SmartCar_TwoLeg\E01_gpio_demo\iar\Debug_m7_0\Obj\power_14453085144426420577.dir\cy_power.o
#        D:\SmartCar\mine\JLNU_SmartCar_TwoLeg\E01_gpio_demo\iar\Debug_m7_0\Obj\prot_10722960861768657883.dir\cy_prot.o
#        D:\SmartCar\mine\JLNU_SmartCar_TwoLeg\E01_gpio_demo\iar\Debug_m7_0\Obj\scb_15490842639181808494.dir\cy_scb_common.o
#        D:\SmartCar\mine\JLNU_SmartCar_TwoLeg\E01_gpio_demo\iar\Debug_m7_0\Obj\scb_15490842639181808494.dir\cy_scb_ezi2c.o
#        D:\SmartCar\mine\JLNU_SmartCar_TwoLeg\E01_gpio_demo\iar\Debug_m7_0\Obj\scb_15490842639181808494.dir\cy_scb_i2c.o
#        D:\SmartCar\mine\JLNU_SmartCar_TwoLeg\E01_gpio_demo\iar\Debug_m7_0\Obj\scb_15490842639181808494.dir\cy_scb_spi.o
#        D:\SmartCar\mine\JLNU_SmartCar_TwoLeg\E01_gpio_demo\iar\Debug_m7_0\Obj\scb_15490842639181808494.dir\cy_scb_uart.o
#        D:\SmartCar\mine\JLNU_SmartCar_TwoLeg\E01_gpio_demo\iar\Debug_m7_0\Obj\sd_host_2982766354293506895.dir\cy_sd_host.o
#        D:\SmartCar\mine\JLNU_SmartCar_TwoLeg\E01_gpio_demo\iar\Debug_m7_0\Obj\semihosting_143864889731838620.dir\cy_semihosting.o
#        D:\SmartCar\mine\JLNU_SmartCar_TwoLeg\E01_gpio_demo\iar\Debug_m7_0\Obj\smartio_5451710003740070188.dir\cy_smartio.o
#        D:\SmartCar\mine\JLNU_SmartCar_TwoLeg\E01_gpio_demo\iar\Debug_m7_0\Obj\smif_427648126384146252.dir\cy_smif.o
#        D:\SmartCar\mine\JLNU_SmartCar_TwoLeg\E01_gpio_demo\iar\Debug_m7_0\Obj\smif_mem_6470536964353725183.dir\cy_smif_device_common.o
#        D:\SmartCar\mine\JLNU_SmartCar_TwoLeg\E01_gpio_demo\iar\Debug_m7_0\Obj\smif_mem_6470536964353725183.dir\cy_smif_hb_flash.o
#        D:\SmartCar\mine\JLNU_SmartCar_TwoLeg\E01_gpio_demo\iar\Debug_m7_0\Obj\smif_427648126384146252.dir\cy_smif_memslot.o
#        D:\SmartCar\mine\JLNU_SmartCar_TwoLeg\E01_gpio_demo\iar\Debug_m7_0\Obj\smif_mem_6470536964353725183.dir\cy_smif_s25fl.o
#        D:\SmartCar\mine\JLNU_SmartCar_TwoLeg\E01_gpio_demo\iar\Debug_m7_0\Obj\smif_mem_6470536964353725183.dir\cy_smif_s25fs.o
#        D:\SmartCar\mine\JLNU_SmartCar_TwoLeg\E01_gpio_demo\iar\Debug_m7_0\Obj\smif_mem_6470536964353725183.dir\cy_smif_semp.o
#        D:\SmartCar\mine\JLNU_SmartCar_TwoLeg\E01_gpio_demo\iar\Debug_m7_0\Obj\smif_427648126384146252.dir\cy_smif_ver_specific.o
#        D:\SmartCar\mine\JLNU_SmartCar_TwoLeg\E01_gpio_demo\iar\Debug_m7_0\Obj\srom_13018798572330080582.dir\cy_srom.o
#        D:\SmartCar\mine\JLNU_SmartCar_TwoLeg\E01_gpio_demo\iar\Debug_m7_0\Obj\sw_timer_4215635015939382130.dir\cy_sw_tmr.o
#        D:\SmartCar\mine\JLNU_SmartCar_TwoLeg\E01_gpio_demo\iar\Debug_m7_0\Obj\sysclk_16149231235676103872.dir\cy_sysclk.o
#        D:\SmartCar\mine\JLNU_SmartCar_TwoLeg\E01_gpio_demo\iar\Debug_m7_0\Obj\sysflt_12293435975120599261.dir\cy_sysflt.o
#        D:\SmartCar\mine\JLNU_SmartCar_TwoLeg\E01_gpio_demo\iar\Debug_m7_0\Obj\sysint_7435970359207984181.dir\cy_sysint.o
#        D:\SmartCar\mine\JLNU_SmartCar_TwoLeg\E01_gpio_demo\iar\Debug_m7_0\Obj\syslib_16330585751512546975.dir\cy_syslib.o
#        D:\SmartCar\mine\JLNU_SmartCar_TwoLeg\E01_gpio_demo\iar\Debug_m7_0\Obj\syslib_16330585751512546975.dir\cy_syslib_iar.o
#        D:\SmartCar\mine\JLNU_SmartCar_TwoLeg\E01_gpio_demo\iar\Debug_m7_0\Obj\syspm_10887939769544754770.dir\cy_syspm.o
#        D:\SmartCar\mine\JLNU_SmartCar_TwoLeg\E01_gpio_demo\iar\Debug_m7_0\Obj\sysreghc_17676636058511625587.dir\cy_sysreghc.o
#        D:\SmartCar\mine\JLNU_SmartCar_TwoLeg\E01_gpio_demo\iar\Debug_m7_0\Obj\sysreset_14586141425677365288.dir\cy_sysreset.o
#        D:\SmartCar\mine\JLNU_SmartCar_TwoLeg\E01_gpio_demo\iar\Debug_m7_0\Obj\sysrtc_10747768817563771611.dir\cy_sysrtc.o
#        D:\SmartCar\mine\JLNU_SmartCar_TwoLeg\E01_gpio_demo\iar\Debug_m7_0\Obj\systick_16016591671695740695.dir\cy_systick.o
#        D:\SmartCar\mine\JLNU_SmartCar_TwoLeg\E01_gpio_demo\iar\Debug_m7_0\Obj\syswdt_9118657615806274156.dir\cy_syswdt.o
#        D:\SmartCar\mine\JLNU_SmartCar_TwoLeg\E01_gpio_demo\iar\Debug_m7_0\Obj\tcpwm_422923530147891246.dir\cy_tcpwm.o
#        D:\SmartCar\mine\JLNU_SmartCar_TwoLeg\E01_gpio_demo\iar\Debug_m7_0\Obj\tcpwm_422923530147891246.dir\cy_tcpwm_counter.o
#        D:\SmartCar\mine\JLNU_SmartCar_TwoLeg\E01_gpio_demo\iar\Debug_m7_0\Obj\tcpwm_422923530147891246.dir\cy_tcpwm_pwm.o
#        D:\SmartCar\mine\JLNU_SmartCar_TwoLeg\E01_gpio_demo\iar\Debug_m7_0\Obj\tcpwm_422923530147891246.dir\cy_tcpwm_quaddec.o
#        D:\SmartCar\mine\JLNU_SmartCar_TwoLeg\E01_gpio_demo\iar\Debug_m7_0\Obj\tcpwm_422923530147891246.dir\cy_tcpwm_sr.o
#        D:\SmartCar\mine\JLNU_SmartCar_TwoLeg\E01_gpio_demo\iar\Debug_m7_0\Obj\trigmux_9729677290734583340.dir\cy_trigmux.o
#        D:\SmartCar\mine\JLNU_SmartCar_TwoLeg\E01_gpio_demo\iar\Debug_m7_0\Obj\ethernet_6029839089178797009.dir\edd.o
#        D:\SmartCar\mine\JLNU_SmartCar_TwoLeg\E01_gpio_demo\iar\Debug_m7_0\Obj\ethernet_6029839089178797009.dir\edd_rx.o
#        D:\SmartCar\mine\JLNU_SmartCar_TwoLeg\E01_gpio_demo\iar\Debug_m7_0\Obj\ethernet_6029839089178797009.dir\edd_tx.o
#        D:\SmartCar\mine\JLNU_SmartCar_TwoLeg\E01_gpio_demo\iar\Debug_m7_0\Obj\code_17896468042025673432.dir\JLNU_Brushless_Motor.o
#        D:\SmartCar\mine\JLNU_SmartCar_TwoLeg\E01_gpio_demo\iar\Debug_m7_0\Obj\code_17896468042025673432.dir\JLNU_control.o
#        D:\SmartCar\mine\JLNU_SmartCar_TwoLeg\E01_gpio_demo\iar\Debug_m7_0\Obj\code_17896468042025673432.dir\JLNU_Imu660.o
#        D:\SmartCar\mine\JLNU_SmartCar_TwoLeg\E01_gpio_demo\iar\Debug_m7_0\Obj\code_17896468042025673432.dir\JLNU_Imu660ra.o
#        D:\SmartCar\mine\JLNU_SmartCar_TwoLeg\E01_gpio_demo\iar\Debug_m7_0\Obj\code_17896468042025673432.dir\JLNU_imu963ar.o
#        D:\SmartCar\mine\JLNU_SmartCar_TwoLeg\E01_gpio_demo\iar\Debug_m7_0\Obj\code_17896468042025673432.dir\JLNU_Ins.o
#        D:\SmartCar\mine\JLNU_SmartCar_TwoLeg\E01_gpio_demo\iar\Debug_m7_0\Obj\code_17896468042025673432.dir\JLNU_kalman.o
#        D:\SmartCar\mine\JLNU_SmartCar_TwoLeg\E01_gpio_demo\iar\Debug_m7_0\Obj\code_17896468042025673432.dir\JLNU_key.o
#        D:\SmartCar\mine\JLNU_SmartCar_TwoLeg\E01_gpio_demo\iar\Debug_m7_0\Obj\code_17896468042025673432.dir\JLNU_menu.o
#        D:\SmartCar\mine\JLNU_SmartCar_TwoLeg\E01_gpio_demo\iar\Debug_m7_0\Obj\code_17896468042025673432.dir\JLNU_PID.o
#        D:\SmartCar\mine\JLNU_SmartCar_TwoLeg\E01_gpio_demo\iar\Debug_m7_0\Obj\code_17896468042025673432.dir\JLNU_Servo.o
#        D:\SmartCar\mine\JLNU_SmartCar_TwoLeg\E01_gpio_demo\iar\Debug_m7_0\Obj\code_17896468042025673432.dir\JLNU_task0.o
#        D:\SmartCar\mine\JLNU_SmartCar_TwoLeg\E01_gpio_demo\iar\Debug_m7_0\Obj\code_17896468042025673432.dir\JLNU_UART_Wireless.o
#        D:\SmartCar\mine\JLNU_SmartCar_TwoLeg\E01_gpio_demo\iar\Debug_m7_0\Obj\user_8514941877209965082.dir\main_cm7_0.o
#        D:\SmartCar\mine\JLNU_SmartCar_TwoLeg\E01_gpio_demo\iar\Debug_m7_0\Obj\zf_components_14936052685886095442.dir\seekfree_assistant.o
#        D:\SmartCar\mine\JLNU_SmartCar_TwoLeg\E01_gpio_demo\iar\Debug_m7_0\Obj\zf_components_14936052685886095442.dir\seekfree_assistant_interface.o
#        D:\SmartCar\mine\JLNU_SmartCar_TwoLeg\E01_gpio_demo\iar\Debug_m7_0\Obj\startup_479057977785470282.dir\startup.o
#        D:\SmartCar\mine\JLNU_SmartCar_TwoLeg\E01_gpio_demo\iar\Debug_m7_0\Obj\startup_479057977785470282.dir\startup_cm7.o
#        D:\SmartCar\mine\JLNU_SmartCar_TwoLeg\E01_gpio_demo\iar\Debug_m7_0\Obj\rev_b_4986922561640112550.dir\system_tviibh4m_cm7.o
#        D:\SmartCar\mine\JLNU_SmartCar_TwoLeg\E01_gpio_demo\iar\Debug_m7_0\Obj\zf_common_1201165462030747823.dir\zf_common_clock.o
#        D:\SmartCar\mine\JLNU_SmartCar_TwoLeg\E01_gpio_demo\iar\Debug_m7_0\Obj\zf_common_1201165462030747823.dir\zf_common_debug.o
#        D:\SmartCar\mine\JLNU_SmartCar_TwoLeg\E01_gpio_demo\iar\Debug_m7_0\Obj\zf_common_1201165462030747823.dir\zf_common_fifo.o
#        D:\SmartCar\mine\JLNU_SmartCar_TwoLeg\E01_gpio_demo\iar\Debug_m7_0\Obj\zf_common_1201165462030747823.dir\zf_common_font.o
#        D:\SmartCar\mine\JLNU_SmartCar_TwoLeg\E01_gpio_demo\iar\Debug_m7_0\Obj\zf_common_1201165462030747823.dir\zf_common_function.o
#        D:\SmartCar\mine\JLNU_SmartCar_TwoLeg\E01_gpio_demo\iar\Debug_m7_0\Obj\zf_common_1201165462030747823.dir\zf_common_interrupt.o
#        D:\SmartCar\mine\JLNU_SmartCar_TwoLeg\E01_gpio_demo\iar\Debug_m7_0\Obj\zf_device_6570275422786408770.dir\zf_device_ble6a20.o
#        D:\SmartCar\mine\JLNU_SmartCar_TwoLeg\E01_gpio_demo\iar\Debug_m7_0\Obj\zf_device_6570275422786408770.dir\zf_device_dl1a.o
#        D:\SmartCar\mine\JLNU_SmartCar_TwoLeg\E01_gpio_demo\iar\Debug_m7_0\Obj\zf_device_6570275422786408770.dir\zf_device_dl1b.o
#        D:\SmartCar\mine\JLNU_SmartCar_TwoLeg\E01_gpio_demo\iar\Debug_m7_0\Obj\zf_device_6570275422786408770.dir\zf_device_gnss.o
#        D:\SmartCar\mine\JLNU_SmartCar_TwoLeg\E01_gpio_demo\iar\Debug_m7_0\Obj\zf_device_6570275422786408770.dir\zf_device_icm20602.o
#        D:\SmartCar\mine\JLNU_SmartCar_TwoLeg\E01_gpio_demo\iar\Debug_m7_0\Obj\zf_device_6570275422786408770.dir\zf_device_imu660ra.o
#        D:\SmartCar\mine\JLNU_SmartCar_TwoLeg\E01_gpio_demo\iar\Debug_m7_0\Obj\zf_device_6570275422786408770.dir\zf_device_imu963ra.o
#        D:\SmartCar\mine\JLNU_SmartCar_TwoLeg\E01_gpio_demo\iar\Debug_m7_0\Obj\zf_device_6570275422786408770.dir\zf_device_ips114.o
#        D:\SmartCar\mine\JLNU_SmartCar_TwoLeg\E01_gpio_demo\iar\Debug_m7_0\Obj\zf_device_6570275422786408770.dir\zf_device_ips200.o
#        D:\SmartCar\mine\JLNU_SmartCar_TwoLeg\E01_gpio_demo\iar\Debug_m7_0\Obj\zf_device_6570275422786408770.dir\zf_device_ips200pro.o
#        D:\SmartCar\mine\JLNU_SmartCar_TwoLeg\E01_gpio_demo\iar\Debug_m7_0\Obj\zf_device_6570275422786408770.dir\zf_device_key.o
#        D:\SmartCar\mine\JLNU_SmartCar_TwoLeg\E01_gpio_demo\iar\Debug_m7_0\Obj\zf_device_6570275422786408770.dir\zf_device_menc15a.o
#        D:\SmartCar\mine\JLNU_SmartCar_TwoLeg\E01_gpio_demo\iar\Debug_m7_0\Obj\zf_device_6570275422786408770.dir\zf_device_mt9v03x.o
#        D:\SmartCar\mine\JLNU_SmartCar_TwoLeg\E01_gpio_demo\iar\Debug_m7_0\Obj\zf_device_6570275422786408770.dir\zf_device_oled.o
#        D:\SmartCar\mine\JLNU_SmartCar_TwoLeg\E01_gpio_demo\iar\Debug_m7_0\Obj\zf_device_6570275422786408770.dir\zf_device_tft180.o
#        D:\SmartCar\mine\JLNU_SmartCar_TwoLeg\E01_gpio_demo\iar\Debug_m7_0\Obj\zf_device_6570275422786408770.dir\zf_device_tsl1401.o
#        D:\SmartCar\mine\JLNU_SmartCar_TwoLeg\E01_gpio_demo\iar\Debug_m7_0\Obj\zf_device_6570275422786408770.dir\zf_device_type.o
#        D:\SmartCar\mine\JLNU_SmartCar_TwoLeg\E01_gpio_demo\iar\Debug_m7_0\Obj\zf_device_6570275422786408770.dir\zf_device_uart_receiver.o
#        D:\SmartCar\mine\JLNU_SmartCar_TwoLeg\E01_gpio_demo\iar\Debug_m7_0\Obj\zf_device_6570275422786408770.dir\zf_device_wifi_spi.o
#        D:\SmartCar\mine\JLNU_SmartCar_TwoLeg\E01_gpio_demo\iar\Debug_m7_0\Obj\zf_device_6570275422786408770.dir\zf_device_wifi_uart.o
#        D:\SmartCar\mine\JLNU_SmartCar_TwoLeg\E01_gpio_demo\iar\Debug_m7_0\Obj\zf_device_6570275422786408770.dir\zf_device_wireless_uart.o
#        D:\SmartCar\mine\JLNU_SmartCar_TwoLeg\E01_gpio_demo\iar\Debug_m7_0\Obj\zf_driver_11922370083829174090.dir\zf_driver_adc.o
#        D:\SmartCar\mine\JLNU_SmartCar_TwoLeg\E01_gpio_demo\iar\Debug_m7_0\Obj\zf_driver_11922370083829174090.dir\zf_driver_delay.o
#        D:\SmartCar\mine\JLNU_SmartCar_TwoLeg\E01_gpio_demo\iar\Debug_m7_0\Obj\zf_driver_11922370083829174090.dir\zf_driver_dma.o
#        D:\SmartCar\mine\JLNU_SmartCar_TwoLeg\E01_gpio_demo\iar\Debug_m7_0\Obj\zf_driver_11922370083829174090.dir\zf_driver_encoder.o
#        D:\SmartCar\mine\JLNU_SmartCar_TwoLeg\E01_gpio_demo\iar\Debug_m7_0\Obj\zf_driver_11922370083829174090.dir\zf_driver_exti.o
#        D:\SmartCar\mine\JLNU_SmartCar_TwoLeg\E01_gpio_demo\iar\Debug_m7_0\Obj\zf_driver_11922370083829174090.dir\zf_driver_flash.o
#        D:\SmartCar\mine\JLNU_SmartCar_TwoLeg\E01_gpio_demo\iar\Debug_m7_0\Obj\zf_driver_11922370083829174090.dir\zf_driver_gpio.o
#        D:\SmartCar\mine\JLNU_SmartCar_TwoLeg\E01_gpio_demo\iar\Debug_m7_0\Obj\zf_driver_11922370083829174090.dir\zf_driver_ipc.o
#        D:\SmartCar\mine\JLNU_SmartCar_TwoLeg\E01_gpio_demo\iar\Debug_m7_0\Obj\zf_driver_11922370083829174090.dir\zf_driver_pit.o
#        D:\SmartCar\mine\JLNU_SmartCar_TwoLeg\E01_gpio_demo\iar\Debug_m7_0\Obj\zf_driver_11922370083829174090.dir\zf_driver_pwm.o
#        D:\SmartCar\mine\JLNU_SmartCar_TwoLeg\E01_gpio_demo\iar\Debug_m7_0\Obj\zf_driver_11922370083829174090.dir\zf_driver_soft_iic.o
#        D:\SmartCar\mine\JLNU_SmartCar_TwoLeg\E01_gpio_demo\iar\Debug_m7_0\Obj\zf_driver_11922370083829174090.dir\zf_driver_soft_spi.o
#        D:\SmartCar\mine\JLNU_SmartCar_TwoLeg\E01_gpio_demo\iar\Debug_m7_0\Obj\zf_driver_11922370083829174090.dir\zf_driver_spi.o
#        D:\SmartCar\mine\JLNU_SmartCar_TwoLeg\E01_gpio_demo\iar\Debug_m7_0\Obj\zf_driver_11922370083829174090.dir\zf_driver_timer.o
#        D:\SmartCar\mine\JLNU_SmartCar_TwoLeg\E01_gpio_demo\iar\Debug_m7_0\Obj\zf_driver_11922370083829174090.dir\zf_driver_uart.o
#        --no_out_extension -o
#        D:\SmartCar\mine\JLNU_SmartCar_TwoLeg\E01_gpio_demo\iar\project_config\Debug_m7_0\Exe\cyt4bb7_cm_7_0.out
#        --config_def _CORE_cm7_0_=0 --config_def _LINK_flash_=0 --map
#        D:\SmartCar\mine\JLNU_SmartCar_TwoLeg\E01_gpio_demo\iar\Debug_m7_0\List\cyt4bb7_cm_7_0.map
#        --config
#        D:\SmartCar\mine\JLNU_SmartCar_TwoLeg\E01_gpio_demo\iar\project_config\..\icf\linker_directives_tviibh.icf
#        --semihosting
#        D:\SmartCar\mine\JLNU_SmartCar_TwoLeg\E01_gpio_demo\iar\project_config\..\..\..\libraries\sdk\tviibh4m\src\drivers\crypto\libs\libcrypto_server_cm0plus_iar.a
#        D:\SmartCar\mine\JLNU_SmartCar_TwoLeg\E01_gpio_demo\iar\project_config\..\..\..\libraries\zf_device\zf_device_config.a
#        D:\SmartCar\mine\JLNU_SmartCar_TwoLeg\E01_gpio_demo\iar\project_config\..\..\..\libraries\sdk\common\hdr\cmsis\dsp\iar_cortexM7lf_math.a
#        --entry __iar_program_start --vfe --text_out locale --cpu=Cortex-M7
#        --fpu=VFPv5_d16) --dependencies=n
#        D:\SmartCar\mine\JLNU_SmartCar_TwoLeg\E01_gpio_demo\iar\project_config\Debug_m7_0\Exe\cyt4bb7_cm_7_0.out.iar_deps
#
###############################################################################

*******************************************************************************
*** RUNTIME MODEL ATTRIBUTES
***

CppFlavor       = *
__CPP_Runtime   = 1
__Heap_Handler  = Basic
__SystemLibrary = DLib
__dlib_version  = 6


*******************************************************************************
*** HEAP SELECTION
***

The basic heap was selected because --advanced_heap
was not specified and the application did not appear to
be primarily optimized for speed.


*******************************************************************************
*** PLACEMENT SUMMARY
***

"A0":  place at start of [from 0x1008'0000 to 0x1027'ffff] { section .intvec };
"P1":  place in [from 0x1008'0000 to 0x1027'ffff] { ro };
"P2":  place in [from 0x2802'0000 to 0x2807'ffff] { rw };
define block HEAP with size = 1K, alignment = 8 { };
define block CSTACK with size = 8K, alignment = 8 { };
define block HEAP_STACK { block HEAP, last block CSTACK };
"A1":  place at end of [from 0x2802'0000 to 0x2807'ffff] { block HEAP_STACK };
do not initialize { section .intvec_ram };
initialize by copy { rw };

No sections matched the following patterns:

  ro section .sflash_app_prot  in "P6"
  ro section .sflash_nar       in "P4"
  ro section .sflash_pkey      in "P5"
  ro section .sflash_toc2      in "P7"
  ro section .sflash_uf_rows   in "P3"
  ro section .work_flash       in "P8"
  section .global_ram_data     in "P9"


  Section            Kind         Address    Size  Object
  -------            ----         -------    ----  ------
"A0":                                        0x80
  .intvec            ro code  0x1008'0000    0x80  startup_cm7.o [31]
                            - 0x1008'0080    0x80

"P1":                                      0xa3a9
  .rodata            const    0x1008'0080  0x2000  zf_device_config.o [54]
  .text              ro code  0x1008'2080   0xeae  xprintffull_nomb.o [50]
  .text              ro code  0x1008'2f2e    0x7e  lz77_init_single.o [52]
  .text              ro code  0x1008'2fac    0x16  strchr.o [52]
  .text              ro code  0x1008'2fc2     0xa  xsprout.o [50]
  .text              ro code  0x1008'2fcc    0x40  xfail_s.o [50]
  .text              ro code  0x1008'300c    0x36  strlen.o [52]
  .text              ro code  0x1008'3044    0x58  memchr.o [52]
  .text              ro code  0x1008'309c    0xa6  ABImemcpy.o [52]
  .text              ro code  0x1008'3144    0x70  frexp.o [51]
  .text              ro code  0x1008'31b4    0x34  DblCmpLe.o [51]
  .text              ro code  0x1008'31e8    0x34  DblCmpGe.o [51]
  .text              ro code  0x1008'321c   0x104  ldexp.o [51]
  .text              ro code  0x1008'3320     0xe  DblToS32.o [51]
  .text              ro code  0x1008'332e     0xe  S32ToDbl.o [51]
  .text              ro code  0x1008'333c    0x12  DblSub.o [51]
  .text              ro code  0x1008'334e    0x12  DblDiv.o [51]
  .text              ro code  0x1008'3360     0xe  DblToU32.o [51]
  .text              ro code  0x1008'336e     0xe  U32ToDbl.o [51]
  .text              ro code  0x1008'337c    0x12  DblMul.o [51]
  .text              ro code  0x1008'3390   0x230  I64DivMod.o [52]
  .text              ro code  0x1008'35c0     0x6  abort.o [50]
  .text              ro code  0x1008'35c8     0x2  I64DivZer.o [52]
  .text              ro code  0x1008'35cc    0x14  exit.o [53]
  .text              ro code  0x1008'35e0   0xe18  zf_driver_pwm.o [49]
  .text              ro code  0x1008'43f8   0x444  zf_common_debug.o [46]
  .text              ro code  0x1008'483c    0x66  ABImemset.o [52]
  .text              ro code  0x1008'48a4   0x194  cy_gpio.o [14]
  .text              ro code  0x1008'4a38   0x20a  cy_tcpwm_pwm.o [43]
  .text              ro code  0x1008'4c42     0xc  cy_tcpwm.o [43]
  .text              ro code  0x1008'4c50   0x828  zf_driver_uart.o [49]
  .text              ro code  0x1008'5478    0x40  sprintf.o [50]
  .text              ro code  0x1008'54b8   0x448  zf_common_fifo.o [46]
  .text              ro code  0x1008'5900    0xe2  zf_common_interrupt.o [46]
  .text              ro code  0x1008'59e4     0x6  ABImemclr4.o [52]
  .text              ro code  0x1008'59ec   0x314  cy_scb_uart.o [24]
  .text              ro code  0x1008'5d00    0xac  cy_sysint.o [35]
  .text              ro code  0x1008'5dac    0x32  ABImemset48.o [52]
  .text              ro code  0x1008'5de0   0xa5c  zf_driver_spi.o [49]
  .text              ro code  0x1008'683c   0x1f0  cy_scb_spi.o [24]
  .text              ro code  0x1008'6a2c   0x8e8  cy_sysclk.o [33]
  .text              ro code  0x1008'7314    0x70  strncpy.o [52]
  .text              ro code  0x1008'7384    0xa8  cy_syslib.o [36]
  .text              ro code  0x1008'742c     0x2  cy_syslib.o [36]
  .text              ro code  0x1008'7430   0x4f4  JLNU_Imu660.o [5]
  .text              ro code  0x1008'7924   0x258  zf_device_imu660ra.o [48]
  .text              ro code  0x1008'7b7c    0x26  JLNU_kalman.o [5]
  .text              ro code  0x1008'7ba4    0x1e  sqrtf.o [51]
  .text              ro code  0x1008'7bc4    0x6a  atan2f.o [51]
  .text              ro code  0x1008'7c30    0x5c  asinf.o [51]
  .text              ro code  0x1008'7c8c   0x284  zf_driver_delay.o [49]
  .text              ro code  0x1008'7f10   0x110  zf_driver_gpio.o [49]
  .text              ro code  0x1008'8020    0xa4  xatanf.o [51]
  .text              ro code  0x1008'80c4   0x1ae  cy_tcpwm_counter.o [43]
  .text              ro code  0x1008'8274   0x498  JLNU_control.o [5]
  .text              ro code  0x1008'870c   0x17a  JLNU_Brushless_Motor.o [5]
  .text              ro code  0x1008'8888    0xfc  JLNU_PID.o [5]
  .text              ro code  0x1008'8984   0x398  zf_driver_pit.o [49]
  .text              ro code  0x1008'8d1c   0x2d0  cm7_0_isr.o [45]
  .text              ro code  0x1008'8fec   0x13e  JLNU_UART_Wireless.o [5]
  .text              ro code  0x1008'912c   0x108  zf_device_wireless_uart.o [48]
  .text              ro code  0x1008'9234    0x7c  zf_device_tsl1401.o [48]
  .text              ro code  0x1008'92b0   0x114  zf_device_gnss.o [48]
  .text              ro code  0x1008'93c4    0x44  zf_device_type.o [48]
  .text              ro code  0x1008'9408    0x74  zf_driver_adc.o [49]
  .text              ro code  0x1008'947c    0x2a  strncmp.o [50]
  .text              ro code  0x1008'94a8   0x204  startup.o [31]
  .text              ro code  0x1008'96ac   0x150  system_tviibh4m_cm7.o [22]
  .text              ro code  0x1008'97fc     0x8  startup_cm7.o [31]
  .text              ro code  0x1008'9804     0x6  startup_cm7.o [31]
  .text              ro code  0x1008'980c   0x198  cy_interrupt_map.o [23]
  .text              ro code  0x1008'99a4   0x104  JLNU_key.o [5]
  .text              ro code  0x1008'9aa8    0xb0  startup_cm7.o [31]
  .text              ro code  0x1008'9b58    0xac  main_cm7_0.o [45]
  .text              ro code  0x1008'9c04    0x1c  zf_common_clock.o [46]
  .text              ro code  0x1008'9c20    0x94  JLNU_Servo.o [5]
  .rodata            const    0x1008'9cb4    0x60  system_tviibh4m_cm7.o [22]
  .rodata            const    0x1008'9d14    0x5c  cy_sysclk.o [33]
  .rodata            const    0x1008'9d70    0x5c  cy_sysclk.o [33]
  .rodata            const    0x1008'9dcc    0x54  zf_device_wireless_uart.o [48]
  .rodata            const    0x1008'9e20    0x50  zf_device_imu660ra.o [48]
  .rodata            const    0x1008'9e70    0x4c  zf_common_fifo.o [46]
  .rodata            const    0x1008'9ebc    0x4c  zf_driver_pwm.o [49]
  .rodata            const    0x1008'9f08    0x4c  zf_driver_spi.o [49]
  .rodata            const    0x1008'9f54    0x4c  zf_driver_uart.o [49]
  .text              ro code  0x1008'9fa0    0x38  zero_init3.o [52]
  .text              ro code  0x1008'9fd8    0x28  data_init.o [52]
  .text              ro code  0x1008'a000    0x22  fpinit_M.o [51]
  .iar.init_table    const    0x1008'a024    0x20  - Linker created -
  .text              ro code  0x1008'a044    0x20  startup_cm7.o [31]
  .text              ro code  0x1008'a070    0x1e  cy_syslib_iar.o [36]
  .text              ro code  0x1008'a090    0x1e  cmain.o [52]
  .text              ro code  0x1008'a0b0     0x4  startup_cm7.o [31]
  .text              ro code  0x1008'a0b4     0x4  exit.o [50]
  .text              ro code  0x1008'a0b8     0xa  cexit.o [52]
  .rodata            const    0x1008'a0c4    0x1c  zf_common_debug.o [46]
  .rodata            const    0x1008'a0e0    0x1c  zf_device_imu660ra.o [48]
  .text              ro code  0x1008'a0fc    0x1c  startup_cm7.o [31]
  .text              ro code  0x1008'a118    0x1c  cstartup_M.o [52]
  .rodata            const    0x1008'a134    0x18  startup.o [31]
  .rodata            const    0x1008'a14c    0x18  system_tviibh4m_cm7.o [22]
  .rodata            const    0x1008'a164    0x18  zf_common_debug.o [46]
  .rodata            const    0x1008'a17c    0x18  zf_device_imu660ra.o [48]
  .rodata            const    0x1008'a194    0x10  zf_common_debug.o [46]
  .rodata            const    0x1008'a1a4    0x10  zf_common_debug.o [46]
  .rodata            const    0x1008'a1b4     0xc  zf_common_debug.o [46]
  .rodata            const    0x1008'a1c0     0xc  zf_common_debug.o [46]
  .rodata            const    0x1008'a1cc     0xc  zf_common_debug.o [46]
  .text              ro code  0x1008'a1d8     0xc  cy_syslib.o [36]
  .rodata            const    0x1008'a1e4     0x8  cy_sysclk.o [33]
  .rodata            const    0x1008'a1ec     0x4  cy_interrupt_map.o [23]
  .rodata            const    0x1008'a1f0     0x4  cy_interrupt_map.o [23]
  .rodata            const    0x1008'a1f4     0x4  cy_interrupt_map.o [23]
  .rodata            const    0x1008'a1f8     0x4  cy_interrupt_map.o [23]
  .rodata            const    0x1008'a1fc     0x4  cy_interrupt_map.o [23]
  .rodata            const    0x1008'a200     0x4  cy_interrupt_map.o [23]
  .rodata            const    0x1008'a204     0x4  cy_interrupt_map.o [23]
  .rodata            const    0x1008'a208     0x4  cy_interrupt_map.o [23]
  .rodata            const    0x1008'a20c     0x4  cy_scb_spi.o [24]
  .rodata            const    0x1008'a210     0x4  cy_scb_spi.o [24]
  .rodata            const    0x1008'a214     0x4  cy_scb_spi.o [24]
  .rodata            const    0x1008'a218     0x4  cy_scb_spi.o [24]
  .rodata            const    0x1008'a21c     0x4  cy_scb_uart.o [24]
  .rodata            const    0x1008'a220     0x4  cy_scb_uart.o [24]
  .rodata            const    0x1008'a224     0x4  cy_scb_uart.o [24]
  .rodata            const    0x1008'a228     0x4  cy_scb_uart.o [24]
  .rodata            const    0x1008'a22c     0x4  cy_scb_uart.o [24]
  .rodata            const    0x1008'a230     0x4  cy_scb_uart.o [24]
  .rodata            const    0x1008'a234     0x4  cy_scb_uart.o [24]
  .rodata            const    0x1008'a238     0x4  cy_scb_uart.o [24]
  .rodata            const    0x1008'a23c     0x4  cy_scb_uart.o [24]
  .rodata            const    0x1008'a240     0x4  cy_scb_uart.o [24]
  .rodata            const    0x1008'a244     0x4  cy_sysint.o [35]
  .rodata            const    0x1008'a248     0x4  cy_sysint.o [35]
  .rodata            const    0x1008'a24c     0x4  cy_tcpwm_counter.o [43]
  .rodata            const    0x1008'a250     0x4  cy_tcpwm_counter.o [43]
  .rodata            const    0x1008'a254     0x4  cy_tcpwm_counter.o [43]
  .rodata            const    0x1008'a258     0x4  cy_tcpwm_counter.o [43]
  .rodata            const    0x1008'a25c     0x4  cy_tcpwm_counter.o [43]
  .rodata            const    0x1008'a260     0x4  cy_tcpwm_pwm.o [43]
  .rodata            const    0x1008'a264     0x4  cy_tcpwm_pwm.o [43]
  .rodata            const    0x1008'a268     0x4  cy_tcpwm_pwm.o [43]
  .rodata            const    0x1008'a26c     0x4  cy_tcpwm_pwm.o [43]
  .rodata            const    0x1008'a270     0x4  cy_tcpwm_pwm.o [43]
  .rodata            const    0x1008'a274     0x4  cy_tcpwm_pwm.o [43]
  .rodata            const    0x1008'a278     0x4  cy_tcpwm_pwm.o [43]
  .text              ro code  0x1008'a27c     0x4  startup_cm7.o [31]
  .text              ro code  0x1008'a280     0x4  startup_cm7.o [31]
  .text              ro code  0x1008'a284     0x4  startup_cm7.o [31]
  .text              ro code  0x1008'a288     0x4  startup_cm7.o [31]
  .text              ro code  0x1008'a28c     0x4  startup_cm7.o [31]
  .text              ro code  0x1008'a290     0x4  startup_cm7.o [31]
  .text              ro code  0x1008'a294     0x4  startup_cm7.o [31]
  .text              ro code  0x1008'a298     0x4  startup_cm7.o [31]
  .text              ro code  0x1008'a29c     0x4  startup_cm7.o [31]
  .text              ro code  0x1008'a2a0     0x4  startup_cm7.o [31]
  .text              ro code  0x1008'a2a4     0x4  startup_cm7.o [31]
  .text              ro code  0x1008'a2a8     0x4  startup_cm7.o [31]
  .text              ro code  0x1008'a2ac     0x4  startup_cm7.o [31]
  .text              ro code  0x1008'a2b0     0x4  startup_cm7.o [31]
  .text              ro code  0x1008'a2b4     0x4  startup_cm7.o [31]
  .rodata            const    0x1008'a2b8     0x0  zero_init3.o [52]
  .rodata            const    0x1008'a2b8     0x0  lz77_init_single.o [52]
  Initializer bytes  const    0x1008'a2b8    0xb1  <for P2-1>
                            - 0x1008'a369  0xa2e9

"P2", part 1 of 3:                          0x7a6
  P2-1                        0x2802'0000   0x7a6  <Init block>
    .data            inited   0x2802'0000   0x6ec  cy_interrupt_map.o [23]
    .data            inited   0x2802'06ec     0x4  cy_interrupt_map.o [23]
    .data            inited   0x2802'06f0    0x1c  JLNU_Imu660.o [5]
    .data            inited   0x2802'070c     0x8  zf_device_imu660ra.o [48]
    .data            inited   0x2802'0714     0x4  zf_device_type.o [48]
    .data            inited   0x2802'0718     0x4  zf_device_type.o [48]
    .data            inited   0x2802'071c     0xc  zf_driver_adc.o [49]
    .data            inited   0x2802'0728    0x3c  zf_driver_pit.o [49]
    .data            inited   0x2802'0764    0x10  zf_driver_spi.o [49]
    .data            inited   0x2802'0774    0x14  zf_driver_uart.o [49]
    .data            inited   0x2802'0788    0x14  zf_driver_uart.o [49]
    .data            inited   0x2802'079c     0x2  JLNU_Servo.o [5]
    .data            inited   0x2802'079e     0x2  JLNU_Servo.o [5]
    .data            inited   0x2802'07a0     0x2  JLNU_Servo.o [5]
    .data            inited   0x2802'07a2     0x2  zf_driver_delay.o [49]
    .data            inited   0x2802'07a4     0x1  zf_common_debug.o [46]
    .data            inited   0x2802'07a5     0x1  zf_driver_delay.o [49]
                            - 0x2802'07a6   0x7a6

"P2", part 2 of 3:                          0x7a4
  .bss               zero     0x2802'07a8   0x200  zf_device_tsl1401.o [48]
  .bss               zero     0x2802'09a8   0x118  zf_driver_uart.o [49]
  .bss               zero     0x2802'0ac0    0x80  zf_device_gnss.o [48]
  .bss               zero     0x2802'0b40    0x80  zf_device_gnss.o [48]
  .bss               zero     0x2802'0bc0    0x80  zf_device_gnss.o [48]
  .bss               zero     0x2802'0c40    0x70  cy_syslib.o [36]
  .bss               zero     0x2802'0cb0    0x48  zf_driver_adc.o [49]
  .bss               zero     0x2802'0cf8    0x40  zf_common_debug.o [46]
  .bss               zero     0x2802'0d38    0x40  zf_device_wireless_uart.o [48]
  .bss               zero     0x2802'0d78    0x30  JLNU_Imu660.o [5]
  .bss               zero     0x2802'0da8    0x20  JLNU_control.o [5]
  .bss               zero     0x2802'0dc8    0x20  JLNU_control.o [5]
  .bss               zero     0x2802'0de8    0x20  JLNU_control.o [5]
  .bss               zero     0x2802'0e08    0x20  JLNU_control.o [5]
  .bss               zero     0x2802'0e28    0x20  JLNU_UART_Wireless.o [5]
  .bss               zero     0x2802'0e48    0x18  cy_sysclk.o [33]
  .bss               zero     0x2802'0e60    0x18  cy_syslib.o [36]
  .bss               zero     0x2802'0e78    0x18  zf_common_debug.o [46]
  .bss               zero     0x2802'0e90    0x18  zf_device_gnss.o [48]
  .bss               zero     0x2802'0ea8    0x18  zf_device_wireless_uart.o [48]
  .bss               zero     0x2802'0ec0    0x14  JLNU_Brushless_Motor.o [5]
  .bss               zero     0x2802'0ed4    0x14  zf_common_debug.o [46]
  .bss               zero     0x2802'0ee8     0x4  cy_syslib.o [36]
  .bss               zero     0x2802'0eec     0x4  JLNU_control.o [5]
  .bss               zero     0x2802'0ef0     0x4  JLNU_control.o [5]
  .bss               zero     0x2802'0ef4     0x4  JLNU_Imu660.o [5]
  .bss               zero     0x2802'0ef8     0x4  JLNU_Imu660.o [5]
  .bss               zero     0x2802'0efc     0x4  JLNU_Imu660.o [5]
  .bss               zero     0x2802'0f00     0x4  system_tviibh4m_cm7.o [22]
  .bss               zero     0x2802'0f04     0x4  system_tviibh4m_cm7.o [22]
  .bss               zero     0x2802'0f08     0x4  system_tviibh4m_cm7.o [22]
  .bss               zero     0x2802'0f0c     0x4  system_tviibh4m_cm7.o [22]
  .bss               zero     0x2802'0f10     0x4  system_tviibh4m_cm7.o [22]
  .bss               zero     0x2802'0f14     0x4  zf_common_clock.o [46]
  .bss               zero     0x2802'0f18     0x4  zf_common_interrupt.o [46]
  .bss               zero     0x2802'0f1c     0x4  zf_driver_spi.o [49]
  .bss               zero     0x2802'0f20     0x4  xfail_s.o [50]
  .bss               zero     0x2802'0f24     0x2  JLNU_control.o [5]
  .bss               zero     0x2802'0f26     0x2  JLNU_control.o [5]
  .bss               zero     0x2802'0f28     0x2  JLNU_control.o [5]
  .bss               zero     0x2802'0f2a     0x2  JLNU_control.o [5]
  .bss               zero     0x2802'0f2c     0x2  zf_device_imu660ra.o [48]
  .bss               zero     0x2802'0f2e     0x2  zf_device_imu660ra.o [48]
  .bss               zero     0x2802'0f30     0x2  zf_device_imu660ra.o [48]
  .bss               zero     0x2802'0f32     0x2  zf_device_imu660ra.o [48]
  .bss               zero     0x2802'0f34     0x2  zf_device_imu660ra.o [48]
  .bss               zero     0x2802'0f36     0x2  zf_device_imu660ra.o [48]
  .bss               zero     0x2802'0f38     0x1  cy_sysclk.o [33]
  .bss               zero     0x2802'0f39     0x1  JLNU_control.o [5]
  .bss               zero     0x2802'0f3a     0x1  JLNU_key.o [5]
  .bss               zero     0x2802'0f3b     0x1  JLNU_key.o [5]
  .bss               zero     0x2802'0f3c     0x1  JLNU_key.o [5]
  .bss               zero     0x2802'0f3d     0x1  JLNU_UART_Wireless.o [5]
  .bss               zero     0x2802'0f3e     0x1  zf_common_debug.o [46]
  .bss               zero     0x2802'0f3f     0x1  zf_common_debug.o [46]
  .bss               zero     0x2802'0f40     0x1  zf_common_debug.o [46]
  .bss               zero     0x2802'0f41     0x1  zf_device_gnss.o [48]
  .bss               zero     0x2802'0f42     0x1  zf_device_gnss.o [48]
  .bss               zero     0x2802'0f43     0x1  zf_device_gnss.o [48]
  .bss               zero     0x2802'0f44     0x1  zf_device_gnss.o [48]
  .bss               zero     0x2802'0f45     0x1  zf_device_gnss.o [48]
  .bss               zero     0x2802'0f46     0x1  zf_device_tsl1401.o [48]
  .bss               zero     0x2802'0f47     0x1  zf_device_tsl1401.o [48]
  .bss               zero     0x2802'0f48     0x1  zf_device_type.o [48]
  .bss               zero     0x2802'0f49     0x1  zf_device_wireless_uart.o [48]
                            - 0x2802'0f4a   0x7a2

"P2", part 3 of 3:                           0x80
  .intvec_ram        uninit   0x2802'0f80    0x80  startup_cm7.o [31]
                            - 0x2802'1000    0x80

"A1":                                      0x2000
  HEAP_STACK                  0x2807'e000  0x2000  <Block>
    CSTACK                    0x2807'e000  0x2000  <Block>
      CSTACK         uninit   0x2807'e000  0x2000  <Block tail>
                            - 0x2808'0000  0x2000

Unused ranges:

         From           To       Size
         ----           --       ----
  0x1008'a429  0x1027'ffff  0x1f'5bd7
  0x2802'07a6  0x2802'07a7        0x2
  0x2802'0f4c  0x2802'0f7f       0x34
  0x2802'1000  0x2807'dfff   0x5'd000


*******************************************************************************
*** INIT TABLE
***

          Address      Size
          -------      ----
Zero (__iar_zero_init3)
    1 destination range, total size 0x7a2:
          0x2802'07a8  0x7a2

Copy/lz77 (__iar_lz77_init_single3)
    1 source range, total size 0xb1 (9% of destination):
          0x1008'a2b8   0xb1
    1 destination range, total size 0x7a6:
          0x2802'0000  0x7a6



*******************************************************************************
*** MODULE SUMMARY
***

    Module                     ro code  ro data  rw data
    ------                     -------  -------  -------
command line/config:
    ----------------------------------------------------
    Total:

D:\SmartCar\mine\JLNU_SmartCar_TwoLeg\E01_gpio_demo\iar\Debug_m7_0\Obj\adc_11722776235721520015.dir: [1]
    ----------------------------------------------------
    Total:

D:\SmartCar\mine\JLNU_SmartCar_TwoLeg\E01_gpio_demo\iar\Debug_m7_0\Obj\audioss_1346650047966882938.dir: [2]
    ----------------------------------------------------
    Total:

D:\SmartCar\mine\JLNU_SmartCar_TwoLeg\E01_gpio_demo\iar\Debug_m7_0\Obj\button_4990804375159372270.dir: [3]
    ----------------------------------------------------
    Total:

D:\SmartCar\mine\JLNU_SmartCar_TwoLeg\E01_gpio_demo\iar\Debug_m7_0\Obj\canfd_1800690984773873875.dir: [4]
    ----------------------------------------------------
    Total:

D:\SmartCar\mine\JLNU_SmartCar_TwoLeg\E01_gpio_demo\iar\Debug_m7_0\Obj\code_17896468042025673432.dir: [5]
    JLNU_Brushless_Motor.o         378                20
    JLNU_Imu660.o                1'268        3       88
    JLNU_PID.o                     252
    JLNU_Servo.o                   148                 6
    JLNU_UART_Wireless.o           318                33
    JLNU_control.o               1'176               145
    JLNU_kalman.o                   38
    JLNU_key.o                     260                 3
    ----------------------------------------------------
    Total:                       3'838        3      295

D:\SmartCar\mine\JLNU_SmartCar_TwoLeg\E01_gpio_demo\iar\Debug_m7_0\Obj\cpu_15938736945165268644.dir: [6]
    ----------------------------------------------------
    Total:

D:\SmartCar\mine\JLNU_SmartCar_TwoLeg\E01_gpio_demo\iar\Debug_m7_0\Obj\crypto_1190170608956581615.dir: [7]
    ----------------------------------------------------
    Total:

D:\SmartCar\mine\JLNU_SmartCar_TwoLeg\E01_gpio_demo\iar\Debug_m7_0\Obj\dma_12106025507578611576.dir: [8]
    ----------------------------------------------------
    Total:

D:\SmartCar\mine\JLNU_SmartCar_TwoLeg\E01_gpio_demo\iar\Debug_m7_0\Obj\eth_phy_18133017486186456677.dir: [9]
    ----------------------------------------------------
    Total:

D:\SmartCar\mine\JLNU_SmartCar_TwoLeg\E01_gpio_demo\iar\Debug_m7_0\Obj\ethernet_6029839089178797009.dir: [10]
    ----------------------------------------------------
    Total:

D:\SmartCar\mine\JLNU_SmartCar_TwoLeg\E01_gpio_demo\iar\Debug_m7_0\Obj\evtgen_3404189088603873129.dir: [11]
    ----------------------------------------------------
    Total:

D:\SmartCar\mine\JLNU_SmartCar_TwoLeg\E01_gpio_demo\iar\Debug_m7_0\Obj\flash_8529866181315662935.dir: [12]
    ----------------------------------------------------
    Total:

D:\SmartCar\mine\JLNU_SmartCar_TwoLeg\E01_gpio_demo\iar\Debug_m7_0\Obj\flash_864493325053435817.dir: [13]
    ----------------------------------------------------
    Total:

D:\SmartCar\mine\JLNU_SmartCar_TwoLeg\E01_gpio_demo\iar\Debug_m7_0\Obj\gpio_3999404635324069351.dir: [14]
    cy_gpio.o                      404
    ----------------------------------------------------
    Total:                         404

D:\SmartCar\mine\JLNU_SmartCar_TwoLeg\E01_gpio_demo\iar\Debug_m7_0\Obj\ipc_10145506163450686023.dir: [15]
    ----------------------------------------------------
    Total:

D:\SmartCar\mine\JLNU_SmartCar_TwoLeg\E01_gpio_demo\iar\Debug_m7_0\Obj\lin_18429031207028094880.dir: [16]
    ----------------------------------------------------
    Total:

D:\SmartCar\mine\JLNU_SmartCar_TwoLeg\E01_gpio_demo\iar\Debug_m7_0\Obj\lvd_6353935867039560245.dir: [17]
    ----------------------------------------------------
    Total:

D:\SmartCar\mine\JLNU_SmartCar_TwoLeg\E01_gpio_demo\iar\Debug_m7_0\Obj\mcwdt_4052485907822033969.dir: [18]
    ----------------------------------------------------
    Total:

D:\SmartCar\mine\JLNU_SmartCar_TwoLeg\E01_gpio_demo\iar\Debug_m7_0\Obj\mpu_5663187252346826382.dir: [19]
    ----------------------------------------------------
    Total:

D:\SmartCar\mine\JLNU_SmartCar_TwoLeg\E01_gpio_demo\iar\Debug_m7_0\Obj\power_14453085144426420577.dir: [20]
    ----------------------------------------------------
    Total:

D:\SmartCar\mine\JLNU_SmartCar_TwoLeg\E01_gpio_demo\iar\Debug_m7_0\Obj\prot_10722960861768657883.dir: [21]
    ----------------------------------------------------
    Total:

D:\SmartCar\mine\JLNU_SmartCar_TwoLeg\E01_gpio_demo\iar\Debug_m7_0\Obj\rev_b_4986922561640112550.dir: [22]
    system_tviibh4m_cm7.o          336      120       20
    ----------------------------------------------------
    Total:                         336      120       20

D:\SmartCar\mine\JLNU_SmartCar_TwoLeg\E01_gpio_demo\iar\Debug_m7_0\Obj\rev_b_6162237342861132223.dir: [23]
    cy_interrupt_map.o             408      192    1'776
    ----------------------------------------------------
    Total:                         408      192    1'776

D:\SmartCar\mine\JLNU_SmartCar_TwoLeg\E01_gpio_demo\iar\Debug_m7_0\Obj\scb_15490842639181808494.dir: [24]
    cy_scb_spi.o                   496       16
    cy_scb_uart.o                  788       40
    ----------------------------------------------------
    Total:                       1'284       56

D:\SmartCar\mine\JLNU_SmartCar_TwoLeg\E01_gpio_demo\iar\Debug_m7_0\Obj\sd_host_2982766354293506895.dir: [25]
    ----------------------------------------------------
    Total:

D:\SmartCar\mine\JLNU_SmartCar_TwoLeg\E01_gpio_demo\iar\Debug_m7_0\Obj\semihosting_143864889731838620.dir: [26]
    ----------------------------------------------------
    Total:

D:\SmartCar\mine\JLNU_SmartCar_TwoLeg\E01_gpio_demo\iar\Debug_m7_0\Obj\smartio_5451710003740070188.dir: [27]
    ----------------------------------------------------
    Total:

D:\SmartCar\mine\JLNU_SmartCar_TwoLeg\E01_gpio_demo\iar\Debug_m7_0\Obj\smif_427648126384146252.dir: [28]
    ----------------------------------------------------
    Total:

D:\SmartCar\mine\JLNU_SmartCar_TwoLeg\E01_gpio_demo\iar\Debug_m7_0\Obj\smif_mem_6470536964353725183.dir: [29]
    ----------------------------------------------------
    Total:

D:\SmartCar\mine\JLNU_SmartCar_TwoLeg\E01_gpio_demo\iar\Debug_m7_0\Obj\srom_13018798572330080582.dir: [30]
    ----------------------------------------------------
    Total:

D:\SmartCar\mine\JLNU_SmartCar_TwoLeg\E01_gpio_demo\iar\Debug_m7_0\Obj\startup_479057977785470282.dir: [31]
    startup.o                      516       24
    startup_cm7.o                  442               128
    ----------------------------------------------------
    Total:                         958       24      128

D:\SmartCar\mine\JLNU_SmartCar_TwoLeg\E01_gpio_demo\iar\Debug_m7_0\Obj\sw_timer_4215635015939382130.dir: [32]
    ----------------------------------------------------
    Total:

D:\SmartCar\mine\JLNU_SmartCar_TwoLeg\E01_gpio_demo\iar\Debug_m7_0\Obj\sysclk_16149231235676103872.dir: [33]
    cy_sysclk.o                  2'280      192       25
    ----------------------------------------------------
    Total:                       2'280      192       25

D:\SmartCar\mine\JLNU_SmartCar_TwoLeg\E01_gpio_demo\iar\Debug_m7_0\Obj\sysflt_12293435975120599261.dir: [34]
    ----------------------------------------------------
    Total:

D:\SmartCar\mine\JLNU_SmartCar_TwoLeg\E01_gpio_demo\iar\Debug_m7_0\Obj\sysint_7435970359207984181.dir: [35]
    cy_sysint.o                    172        8
    ----------------------------------------------------
    Total:                         172        8

D:\SmartCar\mine\JLNU_SmartCar_TwoLeg\E01_gpio_demo\iar\Debug_m7_0\Obj\syslib_16330585751512546975.dir: [36]
    cy_syslib.o                    182               140
    cy_syslib_iar.o                 30
    ----------------------------------------------------
    Total:                         212               140

D:\SmartCar\mine\JLNU_SmartCar_TwoLeg\E01_gpio_demo\iar\Debug_m7_0\Obj\syspm_10887939769544754770.dir: [37]
    ----------------------------------------------------
    Total:

D:\SmartCar\mine\JLNU_SmartCar_TwoLeg\E01_gpio_demo\iar\Debug_m7_0\Obj\sysreghc_17676636058511625587.dir: [38]
    ----------------------------------------------------
    Total:

D:\SmartCar\mine\JLNU_SmartCar_TwoLeg\E01_gpio_demo\iar\Debug_m7_0\Obj\sysreset_14586141425677365288.dir: [39]
    ----------------------------------------------------
    Total:

D:\SmartCar\mine\JLNU_SmartCar_TwoLeg\E01_gpio_demo\iar\Debug_m7_0\Obj\sysrtc_10747768817563771611.dir: [40]
    ----------------------------------------------------
    Total:

D:\SmartCar\mine\JLNU_SmartCar_TwoLeg\E01_gpio_demo\iar\Debug_m7_0\Obj\systick_16016591671695740695.dir: [41]
    ----------------------------------------------------
    Total:

D:\SmartCar\mine\JLNU_SmartCar_TwoLeg\E01_gpio_demo\iar\Debug_m7_0\Obj\syswdt_9118657615806274156.dir: [42]
    ----------------------------------------------------
    Total:

D:\SmartCar\mine\JLNU_SmartCar_TwoLeg\E01_gpio_demo\iar\Debug_m7_0\Obj\tcpwm_422923530147891246.dir: [43]
    cy_tcpwm.o                      12
    cy_tcpwm_counter.o             430       20
    cy_tcpwm_pwm.o                 522       28
    ----------------------------------------------------
    Total:                         964       48

D:\SmartCar\mine\JLNU_SmartCar_TwoLeg\E01_gpio_demo\iar\Debug_m7_0\Obj\trigmux_9729677290734583340.dir: [44]
    ----------------------------------------------------
    Total:

D:\SmartCar\mine\JLNU_SmartCar_TwoLeg\E01_gpio_demo\iar\Debug_m7_0\Obj\user_8514941877209965082.dir: [45]
    cm7_0_isr.o                    720
    main_cm7_0.o                   172
    ----------------------------------------------------
    Total:                         892

D:\SmartCar\mine\JLNU_SmartCar_TwoLeg\E01_gpio_demo\iar\Debug_m7_0\Obj\zf_common_1201165462030747823.dir: [46]
    zf_common_clock.o               28                 4
    zf_common_debug.o            1'092      120      112
    zf_common_fifo.o             1'096       76
    zf_common_interrupt.o          226                 4
    ----------------------------------------------------
    Total:                       2'442      196      120

D:\SmartCar\mine\JLNU_SmartCar_TwoLeg\E01_gpio_demo\iar\Debug_m7_0\Obj\zf_components_14936052685886095442.dir: [47]
    ----------------------------------------------------
    Total:

D:\SmartCar\mine\JLNU_SmartCar_TwoLeg\E01_gpio_demo\iar\Debug_m7_0\Obj\zf_device_6570275422786408770.dir: [48]
    zf_device_gnss.o               276               413
    zf_device_imu660ra.o           600      132       20
    zf_device_tsl1401.o            124               514
    zf_device_type.o                68        1        9
    zf_device_wireless_uart.o      264       84       89
    ----------------------------------------------------
    Total:                       1'332      217    1'045

D:\SmartCar\mine\JLNU_SmartCar_TwoLeg\E01_gpio_demo\iar\Debug_m7_0\Obj\zf_driver_11922370083829174090.dir: [49]
    zf_driver_adc.o                116        1       84
    zf_driver_delay.o              644        1        3
    zf_driver_gpio.o               272
    zf_driver_pit.o                920        6       60
    zf_driver_pwm.o              3'608       76
    zf_driver_spi.o              2'652       77       20
    zf_driver_uart.o             2'088       80      320
    ----------------------------------------------------
    Total:                      10'300      241      487

dl7M_tln.a: [50]
    abort.o                          6
    exit.o                           4
    sprintf.o                       64
    strncmp.o                       42
    xfail_s.o                       64                 4
    xprintffull_nomb.o           3'758
    xsprout.o                       10
    ----------------------------------------------------
    Total:                       3'948                 4

m7M_tlv.a: [51]
    DblCmpGe.o                      52
    DblCmpLe.o                      52
    DblDiv.o                        18
    DblMul.o                        18
    DblSub.o                        18
    DblToS32.o                      14
    DblToU32.o                      14
    S32ToDbl.o                      14
    U32ToDbl.o                      14
    asinf.o                         92
    atan2f.o                       106
    fpinit_M.o                      34
    frexp.o                        112
    ldexp.o                        260
    sqrtf.o                         30
    xatanf.o                       164
    ----------------------------------------------------
    Total:                       1'012

rt7M_tl.a: [52]
    ABImemclr4.o                     6
    ABImemcpy.o                    166
    ABImemset.o                    102
    ABImemset48.o                   50
    I64DivMod.o                    560
    I64DivZer.o                      2
    cexit.o                         10
    cmain.o                         30
    cstartup_M.o                    28
    data_init.o                     40
    lz77_init_single.o             126
    memchr.o                        88
    strchr.o                        22
    strlen.o                        54
    strncpy.o                      112
    zero_init3.o                    56
    ----------------------------------------------------
    Total:                       1'452

shb_l.a: [53]
    exit.o                          20
    ----------------------------------------------------
    Total:                          20

zf_device_config.a: [54]
    zf_device_config.o                    8'192
    ----------------------------------------------------
    Total:                                8'192

    Gaps                            54        4
    Linker created                           32    8'192
--------------------------------------------------------
    Grand Total:                32'308    9'525   12'232


*******************************************************************************
*** ENTRY LIST
***

Entry                       Address    Size  Type      Object
-----                       -------    ----  ----      ------
.iar.init_table$$Base   0x1008'a024           --   Gb  - Linker created -
.iar.init_table$$Limit  0x1008'a044           --   Gb  - Linker created -
?main                   0x1008'a091          Code  Gb  cmain.o [52]
Angle_Differential_Control
                        0x1008'8413    0x16  Code  Gb  JLNU_control.o [5]
Angle_Goal              0x2802'0ef0     0x4  Data  Gb  JLNU_control.o [5]
Angular_Calculate       0x1008'8375    0x52  Code  Gb  JLNU_control.o [5]
Angular_V_Calculate     0x1008'8351    0x22  Code  Gb  JLNU_control.o [5]
BusFault_Handler        0x1008'a285          Code  Wk  startup_cm7.o [31]
CSTACK$$Base            0x2807'e000           --   Gb  - Linker created -
CSTACK$$Limit           0x2808'0000           --   Gb  - Linker created -
CopyVectorTable         0x1008'9649    0x34  Code  Lc  startup.o [31]
CpuUserInt0_Handler     0x1008'982b    0x26  Code  Gb  cy_interrupt_map.o [23]
CpuUserInt10_Handler    0x1008'a2a1          Code  Wk  startup_cm7.o [31]
CpuUserInt11_Handler    0x1008'a2a5          Code  Wk  startup_cm7.o [31]
CpuUserInt12_Handler    0x1008'a2a9          Code  Wk  startup_cm7.o [31]
CpuUserInt13_Handler    0x1008'a2ad          Code  Wk  startup_cm7.o [31]
CpuUserInt14_Handler    0x1008'a2b1          Code  Wk  startup_cm7.o [31]
CpuUserInt15_Handler    0x1008'a2b5          Code  Wk  startup_cm7.o [31]
CpuUserInt1_Handler     0x1008'9851    0x26  Code  Gb  cy_interrupt_map.o [23]
CpuUserInt2_Handler     0x1008'9877    0x26  Code  Gb  cy_interrupt_map.o [23]
CpuUserInt3_Handler     0x1008'989d    0x26  Code  Gb  cy_interrupt_map.o [23]
CpuUserInt4_Handler     0x1008'98c3    0x26  Code  Gb  cy_interrupt_map.o [23]
CpuUserInt5_Handler     0x1008'98e9    0x26  Code  Gb  cy_interrupt_map.o [23]
CpuUserInt6_Handler     0x1008'990f    0x26  Code  Gb  cy_interrupt_map.o [23]
CpuUserInt7_Handler     0x1008'9935    0x26  Code  Gb  cy_interrupt_map.o [23]
CpuUserInt8_Handler     0x1008'a299          Code  Wk  startup_cm7.o [31]
CpuUserInt9_Handler     0x1008'a29d          Code  Wk  startup_cm7.o [31]
Cy_DefaultUserHandler   0x1008'9829     0x2  Code  Gb  cy_interrupt_map.o [23]
Cy_GPIO_ClearInterrupt  0x1008'4977     0xe  Code  Lc  cy_gpio.o [14]
Cy_GPIO_Clr             0x1008'7f25     0xa  Code  Lc  zf_driver_gpio.o [49]
Cy_GPIO_Pin_Init        0x1008'49bb    0x72  Code  Gb  cy_gpio.o [14]
Cy_GPIO_Read            0x1008'7f11     0xa  Code  Lc  zf_driver_gpio.o [49]
Cy_GPIO_Set             0x1008'7f1b     0xa  Code  Lc  zf_driver_gpio.o [49]
Cy_GPIO_SetDriveSel     0x1008'4959    0x1e  Code  Lc  cy_gpio.o [14]
Cy_GPIO_SetDrivemode    0x1008'4909    0x1c  Code  Lc  cy_gpio.o [14]
Cy_GPIO_SetHSIOM        0x1008'48a5    0x4c  Code  Lc  cy_gpio.o [14]
Cy_GPIO_SetInterruptEdge
                        0x1008'499f    0x1c  Code  Lc  cy_gpio.o [14]
Cy_GPIO_SetInterruptMask
                        0x1008'4985    0x1a  Code  Lc  cy_gpio.o [14]
Cy_GPIO_SetSlewRate     0x1008'493f    0x1a  Code  Lc  cy_gpio.o [14]
Cy_GPIO_SetVtrip        0x1008'4925    0x1a  Code  Lc  cy_gpio.o [14]
Cy_GPIO_Write           0x1008'48f1    0x18  Code  Lc  cy_gpio.o [14]
Cy_RestoreIRQ           0x1008'9805          Code  Gb  startup_cm7.o [31]
Cy_SCB_ClearRxFifo      0x1008'5deb    0x1e  Code  Lc  zf_driver_spi.o [49]
Cy_SCB_ClearRxInterrupt
                        0x1008'8d23     0xa  Code  Lc  cm7_0_isr.o [45]
Cy_SCB_ClearTxInterrupt
                        0x1008'8d33     0xa  Code  Lc  cm7_0_isr.o [45]
Cy_SCB_GetFifoSize      0x1008'5e45    0x12  Code  Lc  zf_driver_spi.o [49]
Cy_SCB_GetNumInRxFifo   0x1008'5de1     0xa  Code  Lc  zf_driver_spi.o [49]
Cy_SCB_GetNumInRxFifo   0x1008'4dfb     0xa  Code  Lc  zf_driver_uart.o [49]
Cy_SCB_GetNumInTxFifo   0x1008'5e0f     0xa  Code  Lc  zf_driver_spi.o [49]
Cy_SCB_GetNumInTxFifo   0x1008'4e0b     0xa  Code  Lc  zf_driver_uart.o [49]
Cy_SCB_GetRxInterruptMask
                        0x1008'8d1d     0x6  Code  Lc  cm7_0_isr.o [45]
Cy_SCB_GetRxInterruptMask
                        0x1008'4e47     0x6  Code  Lc  zf_driver_uart.o [49]
Cy_SCB_GetTxInterruptMask
                        0x1008'8d2d     0x6  Code  Lc  cm7_0_isr.o [45]
Cy_SCB_GetTxInterruptMask
                        0x1008'4e53     0x6  Code  Lc  zf_driver_uart.o [49]
Cy_SCB_GetTxSrValid     0x1008'5e19     0xa  Code  Lc  zf_driver_spi.o [49]
Cy_SCB_GetTxSrValid     0x1008'4e15     0xa  Code  Lc  zf_driver_uart.o [49]
Cy_SCB_IsTxComplete     0x1008'5e23    0x22  Code  Lc  zf_driver_spi.o [49]
Cy_SCB_IsTxComplete     0x1008'4e1f    0x22  Code  Lc  zf_driver_uart.o [49]
Cy_SCB_ReadRxFifo       0x1008'4df5     0x6  Code  Lc  zf_driver_uart.o [49]
Cy_SCB_SPI_ClearRxFifo  0x1008'5e75     0x8  Code  Lc  zf_driver_spi.o [49]
Cy_SCB_SPI_Enable       0x1008'5e57     0xa  Code  Lc  zf_driver_spi.o [49]
Cy_SCB_SPI_GetNumInRxFifo
                        0x1008'5e6d     0x8  Code  Lc  zf_driver_spi.o [49]
Cy_SCB_SPI_Init         0x1008'683d   0x1d8  Code  Gb  cy_scb_spi.o [24]
Cy_SCB_SPI_SetActiveSlaveSelect
                        0x1008'5e61     0xc  Code  Lc  zf_driver_spi.o [49]
Cy_SCB_SetRxInterruptMask
                        0x1008'4e41     0x6  Code  Lc  zf_driver_uart.o [49]
Cy_SCB_SetTxInterruptMask
                        0x1008'4e4d     0x6  Code  Lc  zf_driver_uart.o [49]
Cy_SCB_UART_DeInit      0x1008'5c71    0x5c  Code  Gb  cy_scb_uart.o [24]
Cy_SCB_UART_Enable      0x1008'4e59     0xa  Code  Lc  zf_driver_uart.o [49]
Cy_SCB_UART_Init        0x1008'59ed   0x284  Code  Gb  cy_scb_uart.o [24]
Cy_SCB_WriteTxFifo      0x1008'5e09     0x6  Code  Lc  zf_driver_spi.o [49]
Cy_SCB_WriteTxFifo      0x1008'4e05     0x6  Code  Lc  zf_driver_uart.o [49]
Cy_SaveIRQ              0x1008'97fd          Code  Gb  startup_cm7.o [31]
Cy_SysClk_CheckDividerExisting
                        0x1008'7c8d    0x2a  Code  Lc  zf_driver_delay.o [49]
Cy_SysClk_CheckDividerExisting
                        0x1008'8985    0x2c  Code  Lc  zf_driver_pit.o [49]
Cy_SysClk_CheckDividerExisting
                        0x1008'35e1    0x2c  Code  Lc  zf_driver_pwm.o [49]
Cy_SysClk_CheckDividerExisting
                        0x1008'5e7d    0x2c  Code  Lc  zf_driver_spi.o [49]
Cy_SysClk_CheckDividerExisting
                        0x1008'4c51    0x2c  Code  Lc  zf_driver_uart.o [49]
Cy_SysClk_ClkPathGetSource
                        0x1008'6ba1    0x54  Code  Gb  cy_sysclk.o [33]
Cy_SysClk_EcoGetStatus  0x1008'6a2d    0x1a  Code  Lc  cy_sysclk.o [33]
Cy_SysClk_Fast0ClkGetDivider
                        0x1008'6b75    0x16  Code  Lc  cy_sysclk.o [33]
Cy_SysClk_Fast1ClkGetDivider
                        0x1008'6b8b    0x16  Code  Lc  cy_sysclk.o [33]
Cy_SysClk_FllGetConfiguration
                        0x1008'6bfd    0x7e  Code  Gb  cy_sysclk.o [33]
Cy_SysClk_FllGetLockStatus
                        0x1008'6a47     0xc  Code  Lc  cy_sysclk.o [33]
Cy_SysClk_GetClockGroup
                        0x1008'7d35     0x8  Code  Lc  zf_driver_delay.o [49]
Cy_SysClk_GetClockGroup
                        0x1008'8a33     0x8  Code  Lc  zf_driver_pit.o [49]
Cy_SysClk_GetClockGroup
                        0x1008'368f     0x8  Code  Lc  zf_driver_pwm.o [49]
Cy_SysClk_GetClockGroup
                        0x1008'5f61     0x8  Code  Lc  zf_driver_spi.o [49]
Cy_SysClk_GetClockGroup
                        0x1008'4d35     0x8  Code  Lc  zf_driver_uart.o [49]
Cy_SysClk_GetCoreFrequency
                        0x1008'72c1    0x2a  Code  Gb  cy_sysclk.o [33]
Cy_SysClk_GetEcoFrequency
                        0x1008'6dc9    0x32  Code  Gb  cy_sysclk.o [33]
Cy_SysClk_GetExtFrequency
                        0x1008'6dfd    0x1e  Code  Gb  cy_sysclk.o [33]
Cy_SysClk_GetFast0Frequency
                        0x1008'7215    0x56  Code  Gb  cy_sysclk.o [33]
Cy_SysClk_GetFast1Frequency
                        0x1008'726b    0x56  Code  Gb  cy_sysclk.o [33]
Cy_SysClk_GetFllInputFrequency
                        0x1008'6f1d     0xc  Code  Gb  cy_sysclk.o [33]
Cy_SysClk_GetFllOutputFrequency
                        0x1008'6f45    0x78  Code  Gb  cy_sysclk.o [33]
Cy_SysClk_GetHfClkFrequency
                        0x1008'7197    0x7a  Code  Gb  cy_sysclk.o [33]
Cy_SysClk_GetIlo0Frequency
                        0x1008'6e1b    0x32  Code  Gb  cy_sysclk.o [33]
Cy_SysClk_GetIlo1Frequency
                        0x1008'6e4d    0x32  Code  Gb  cy_sysclk.o [33]
Cy_SysClk_GetImoFrequency
                        0x1008'6d97    0x32  Code  Gb  cy_sysclk.o [33]
Cy_SysClk_GetPathFrequency
                        0x1008'7165    0x32  Code  Gb  cy_sysclk.o [33]
Cy_SysClk_GetPathSourceFrequency
                        0x1008'6eb9    0x64  Code  Gb  cy_sysclk.o [33]
Cy_SysClk_GetPll400MNo  0x1008'6a91    0x14  Code  Lc  cy_sysclk.o [33]
Cy_SysClk_GetPllInputFrequency
                        0x1008'6f29    0x1c  Code  Gb  cy_sysclk.o [33]
Cy_SysClk_GetPllNo      0x1008'6a55    0x12  Code  Lc  cy_sysclk.o [33]
Cy_SysClk_GetPllOutputFrequency
                        0x1008'6fc1   0x1a0  Code  Gb  cy_sysclk.o [33]
Cy_SysClk_GetWcoFrequency
                        0x1008'6e7f    0x32  Code  Gb  cy_sysclk.o [33]
Cy_SysClk_HfClockGetDivider
                        0x1008'6b33    0x42  Code  Lc  cy_sysclk.o [33]
Cy_SysClk_HfClockGetSource
                        0x1008'6adf    0x54  Code  Lc  cy_sysclk.o [33]
Cy_SysClk_InitGetFreqParams
                        0x1008'6d7d    0x1a  Code  Gb  cy_sysclk.o [33]
Cy_SysClk_PeriphAssignDivider
                        0x1008'7d3d    0x68  Code  Lc  zf_driver_delay.o [49]
Cy_SysClk_PeriphAssignDivider
                        0x1008'8a3b    0x68  Code  Lc  zf_driver_pit.o [49]
Cy_SysClk_PeriphAssignDivider
                        0x1008'3697    0x6a  Code  Lc  zf_driver_pwm.o [49]
Cy_SysClk_PeriphAssignDivider
                        0x1008'5f69    0x6a  Code  Lc  zf_driver_spi.o [49]
Cy_SysClk_PeriphAssignDivider
                        0x1008'4d3d    0x6a  Code  Lc  zf_driver_uart.o [49]
Cy_SysClk_PeriphEnableDivider
                        0x1008'7da5    0x4c  Code  Lc  zf_driver_delay.o [49]
Cy_SysClk_PeriphEnableDivider
                        0x1008'8aa3    0x4c  Code  Lc  zf_driver_pit.o [49]
Cy_SysClk_PeriphEnableDivider
                        0x1008'3701    0x4e  Code  Lc  zf_driver_pwm.o [49]
Cy_SysClk_PeriphEnableDivider
                        0x1008'5fd3    0x4e  Code  Lc  zf_driver_spi.o [49]
Cy_SysClk_PeriphEnableDivider
                        0x1008'4da7    0x4e  Code  Lc  zf_driver_uart.o [49]
Cy_SysClk_PeriphSetDivider
                        0x1008'7cb7    0x7e  Code  Lc  zf_driver_delay.o [49]
Cy_SysClk_PeriphSetDivider
                        0x1008'89b1    0x82  Code  Lc  zf_driver_pit.o [49]
Cy_SysClk_PeriphSetDivider
                        0x1008'360d    0x82  Code  Lc  zf_driver_pwm.o [49]
Cy_SysClk_PeriphSetFracDivider
                        0x1008'5ea9    0xb8  Code  Lc  zf_driver_spi.o [49]
Cy_SysClk_PeriphSetFracDivider
                        0x1008'4c7d    0xb8  Code  Lc  zf_driver_uart.o [49]
Cy_SysClk_Pll400MGetConfiguration
                        0x1008'6ce9    0x84  Code  Gb  cy_sysclk.o [33]
Cy_SysClk_Pll400MGetLockStatus
                        0x1008'6aa5    0x2a  Code  Lc  cy_sysclk.o [33]
Cy_SysClk_PllGetConfiguration
                        0x1008'6c95    0x48  Code  Gb  cy_sysclk.o [33]
Cy_SysClk_PllGetLockStatus
                        0x1008'6a67    0x28  Code  Lc  cy_sysclk.o [33]
Cy_SysClk_WcoOkay       0x1008'6ad1     0xe  Code  Lc  cy_sysclk.o [33]
Cy_SysInt_InitIRQ       0x1008'5d01    0x7e  Code  Gb  cy_sysint.o [35]
Cy_SysInt_SetSystemIrqVector
                        0x1008'5d7f    0x12  Code  Gb  cy_sysint.o [35]
Cy_SysInt_SystemIrqUserTableRamPointer
                        0x2802'06ec     0x4  Data  Gb  cy_interrupt_map.o [23]
Cy_SysLib_DelayCycles   0x1008'a071          Code  Gb  cy_syslib_iar.o [36]
Cy_SysLib_EnterCriticalSection
                        0x1008'a081          Code  Gb  cy_syslib_iar.o [36]
Cy_SysLib_ExitCriticalSection
                        0x1008'a089          Code  Gb  cy_syslib_iar.o [36]
Cy_SysLib_FaultHandler  0x1008'7389    0x90  Code  Gb  cy_syslib.o [36]
Cy_SysLib_Halt          0x1008'7385     0x4  Code  Gb  cy_syslib.o [36]
Cy_SysLib_ProcessingFault
                        0x1008'742d     0x2  Code  Wk  cy_syslib.o [36]
Cy_SysLib_SvcHandler    0x1008'a1d9     0xc  Code  Wk  cy_syslib.o [36]
Cy_SystemInitFpuEnable  0x1008'979d    0x1e  Code  Gb  system_tviibh4m_cm7.o [22]
Cy_SystemIrqUserTable   0x2802'0000   0x6ec  Data  Gb  cy_interrupt_map.o [23]
Cy_Tcpwm_Counter_ClearTC_Intr
                        0x1008'8263    0x10  Code  Gb  cy_tcpwm_counter.o [43]
Cy_Tcpwm_Counter_Enable
                        0x1008'8245     0xa  Code  Gb  cy_tcpwm_counter.o [43]
Cy_Tcpwm_Counter_GetCounter
                        0x1008'8253     0x4  Code  Gb  cy_tcpwm_counter.o [43]
Cy_Tcpwm_Counter_Init   0x1008'80c5   0x16c  Code  Gb  cy_tcpwm_counter.o [43]
Cy_Tcpwm_Counter_SetCounter
                        0x1008'824f     0x4  Code  Gb  cy_tcpwm_counter.o [43]
Cy_Tcpwm_Counter_SetTC_IntrMask
                        0x1008'8257     0xc  Code  Gb  cy_tcpwm_counter.o [43]
Cy_Tcpwm_Pwm_Enable     0x1008'4c39     0xa  Code  Gb  cy_tcpwm_pwm.o [43]
Cy_Tcpwm_Pwm_Init       0x1008'4a39   0x1e4  Code  Gb  cy_tcpwm_pwm.o [43]
Cy_Tcpwm_TriggerStart   0x1008'4c43     0xc  Code  Gb  cy_tcpwm.o [43]
Cy_u32StartupStackEndAddress
                        0x1008'9b54          Data  Gb  startup_cm7.o [31]
Cy_u32StartupStackStartAddress
                        0x1008'9b50          Data  Gb  startup_cm7.o [31]
DebugMon_Handler        0x1008'a28d          Code  Wk  startup_cm7.o [31]
HEAP_STACK$$Base        0x2807'e000           --   Gb  - Linker created -
HEAP_STACK$$Limit       0x2808'0000           --   Gb  - Linker created -
HardFault_Handler       0x1008'a045          Code  Wk  startup_cm7.o [31]
High_Right_Point        0x2802'07a0     0x2  Data  Gb  JLNU_Servo.o [5]
IMU660_GetData          0x1008'7449    0xfe  Code  Gb  JLNU_Imu660.o [5]
IMU660_Init             0x1008'7431    0x18  Code  Gb  JLNU_Imu660.o [5]
InitRamEcc              0x1008'9537   0x100  Code  Lc  startup.o [31]
InitRamEccClearArea     0x1008'9637    0x12  Code  Lc  startup.o [31]
Isr_Control             0x1008'8461   0x258  Code  Gb  JLNU_control.o [5]
KEY_INIT                0x1008'99a5    0x58  Code  Gb  JLNU_key.o [5]
KEY_SCAN                0x1008'99fd    0x3e  Code  Gb  JLNU_key.o [5]
KalmanCreate            0x1008'7b7d    0x26  Code  Gb  JLNU_kalman.o [5]
Key_Before              0x2802'0f3b     0x1  Data  Gb  JLNU_key.o [5]
Key_Down                0x2802'0f3c     0x1  Data  Gb  JLNU_key.o [5]
Key_ISR                 0x1008'9a3b    0x5c  Code  Gb  JLNU_key.o [5]
Key_Now                 0x2802'0f3a     0x1  Data  Gb  JLNU_key.o [5]
MemManage_Handler       0x1008'a281          Code  Wk  startup_cm7.o [31]
Moter_Flag              0x2802'0f39     0x1  Data  Gb  JLNU_control.o [5]
NMI_Handler             0x1008'a27d          Code  Wk  startup_cm7.o [31]
PID_Angle               0x2802'0e08    0x20  Data  Gb  JLNU_control.o [5]
PID_Angle_Init          0x1008'8335    0x1c  Code  Gb  JLNU_control.o [5]
PID_Angular             0x2802'0dc8    0x20  Data  Gb  JLNU_control.o [5]
PID_Angular_V           0x2802'0da8    0x20  Data  Gb  JLNU_control.o [5]
PID_Calculate           0x1008'88ab    0x4e  Code  Gb  JLNU_PID.o [5]
PID_Calculate_Angle     0x1008'88f9    0x7c  Code  Gb  JLNU_PID.o [5]
PID_Init                0x1008'8889    0x22  Code  Gb  JLNU_PID.o [5]
PID_Init_All            0x1008'844d    0x14  Code  Gb  JLNU_control.o [5]
PID_Init_Angular        0x1008'82d1    0x46  Code  Gb  JLNU_control.o [5]
PID_Init_Angular_V      0x1008'82b5    0x1c  Code  Gb  JLNU_control.o [5]
PID_Init_Speed          0x1008'8319    0x1c  Code  Gb  JLNU_control.o [5]
PID_Speed               0x2802'0de8    0x20  Data  Gb  JLNU_control.o [5]
PWM_SET                 0x1008'8275    0x40  Code  Gb  JLNU_control.o [5]
PendSV_Handler          0x1008'a291          Code  Wk  startup_cm7.o [31]
Region$$Table$$Base     0x1008'a024           --   Gb  - Linker created -
Region$$Table$$Limit    0x1008'a044           --   Gb  - Linker created -
Reset_Handler           0x1008'9aa9          Code  Wk  startup_cm7.o [31]
SVC_Handler             0x1008'a0fd          Code  Wk  startup_cm7.o [31]
Servo_Four_Init         0x1008'9c21    0x44  Code  Gb  JLNU_Servo.o [5]
Servo_Left_On           0x1008'9c6d    0x24  Code  Gb  JLNU_Servo.o [5]
Servo_Right_On          0x1008'9c91    0x24  Code  Gb  JLNU_Servo.o [5]
Speed_Calculate         0x1008'83c7    0x4c  Code  Gb  JLNU_control.o [5]
Speed_Forward           0x2802'0f28     0x2  Data  Gb  JLNU_control.o [5]
Speed_Goal              0x2802'0f2a     0x2  Data  Gb  JLNU_control.o [5]
Speed_Left              0x2802'0f24     0x2  Data  Gb  JLNU_control.o [5]
Speed_Right             0x2802'0f26     0x2  Data  Gb  JLNU_control.o [5]
Startup_Init            0x1008'94a9    0x8e  Code  Gb  startup.o [31]
SysTick_Handler         0x1008'a295          Code  Wk  startup_cm7.o [31]
SystemCoreClock         0x2802'0f00     0x4  Data  Gb  system_tviibh4m_cm7.o [22]
SystemCoreClockUpdate   0x1008'9709    0x94  Code  Gb  system_tviibh4m_cm7.o [22]
SystemInit              0x1008'96ad    0x5c  Code  Gb  system_tviibh4m_cm7.o [22]
TimerTime               0x2802'0eec     0x4  Data  Gb  JLNU_control.o [5]
UART_Wireless_Init      0x1008'8fed    0x14  Code  Gb  JLNU_UART_Wireless.o [5]
UsageFault_Handler      0x1008'a289          Code  Wk  startup_cm7.o [31]
Wireless_UART_PIT       0x1008'9001    0x10  Code  Gb  JLNU_UART_Wireless.o [5]
_LC                     0x1008'2081     0x6  Code  Lc  xprintffull_nomb.o [50]
_LitobFullNoMb          0x1008'2d4d   0x114  Code  Lc  xprintffull_nomb.o [50]
_PrintfFullNoMb         0x1008'2087   0xc98  Code  Gb  xprintffull_nomb.o [50]
_PutcharsFullNoMb       0x1008'2eb9    0x2e  Code  Lc  xprintffull_nomb.o [50]
_SProut                 0x1008'2fc3     0xa  Code  Gb  xsprout.o [50]
__NVIC_ClearPendingIRQ  0x1008'980d    0x1c  Code  Lc  cy_interrupt_map.o [23]
__NVIC_ClearPendingIRQ  0x1008'591d    0x1c  Code  Lc  zf_common_interrupt.o [46]
__NVIC_EnableIRQ        0x1008'5901    0x1c  Code  Lc  zf_common_interrupt.o [46]
__NVIC_SetPriority      0x1008'5939    0x24  Code  Lc  zf_common_interrupt.o [46]
__Vectors               0x1008'0000           --   Gb  startup_cm7.o [31]
__Vectors_End           0x1008'0080          Data  Gb  startup_cm7.o [31]
__Vectors_Size {Abs}           0x80           --   Gb  startup_cm7.o [31]
__aeabi_cdcmple         0x1008'31b5          Code  Gb  DblCmpLe.o [51]
__aeabi_cdrcmple        0x1008'31e9          Code  Gb  DblCmpGe.o [51]
__aeabi_d2iz            0x1008'3321     0xe  Code  Gb  DblToS32.o [51]
__aeabi_d2uiz           0x1008'3361     0xe  Code  Gb  DblToU32.o [51]
__aeabi_ddiv            0x1008'334f    0x12  Code  Gb  DblDiv.o [51]
__aeabi_dmul            0x1008'337d    0x12  Code  Gb  DblMul.o [51]
__aeabi_dsub            0x1008'333d    0x12  Code  Gb  DblSub.o [51]
__aeabi_i2d             0x1008'332f     0xe  Code  Gb  S32ToDbl.o [51]
__aeabi_ldiv0           0x1008'35c9          Code  Gb  I64DivZer.o [52]
__aeabi_memclr4         0x1008'59e5          Code  Gb  ABImemclr4.o [52]
__aeabi_memcpy          0x1008'309d          Code  Gb  ABImemcpy.o [52]
__aeabi_memcpy4         0x1008'30bd          Code  Gb  ABImemcpy.o [52]
__aeabi_memcpy8         0x1008'30bd          Code  Gb  ABImemcpy.o [52]
__aeabi_memset          0x1008'483d          Code  Gb  ABImemset.o [52]
__aeabi_ui2d            0x1008'336f     0xe  Code  Gb  U32ToDbl.o [51]
__aeabi_uldivmod        0x1008'3391          Code  Gb  I64DivMod.o [52]
__cmain                 0x1008'a091          Code  Gb  cmain.o [52]
__ecc_init_dtcm_end_address {Abs}
                        0x2000'3fff          Data  Gb  <internal module>
__ecc_init_dtcm_start_address {Abs}
                        0x2000'0000          Data  Gb  <internal module>
__ecc_init_itcm_end_address {Abs}
                             0x3fff          Data  Gb  <internal module>
__ecc_init_itcm_start_address {Abs}
                                0x0          Data  Gb  <internal module>
__ecc_init_sram_end_address {Abs}
                        0x2807'ffff          Data  Gb  <internal module>
__ecc_init_sram_start_address {Abs}
                        0x2802'0000          Data  Gb  <internal module>
__exit                  0x1008'35cd    0x14  Code  Gb  exit.o [53]
__iar_Fail_s            0x1008'2fcd    0x1c  Code  Gb  xfail_s.o [50]
__iar_Memchr            0x1008'3045          Code  Gb  memchr.o [52]
__iar_Memset            0x1008'483d          Code  Gb  ABImemset.o [52]
__iar_Memset4_word      0x1008'5dad          Code  Gb  ABImemset48.o [52]
__iar_Memset8_word      0x1008'5dad          Code  Gb  ABImemset48.o [52]
__iar_Memset_word       0x1008'4845          Code  Gb  ABImemset.o [52]
__iar_Strchr            0x1008'2fad          Code  Gb  strchr.o [52]
__iar_asin32            0x1008'7c31          Code  Gb  asinf.o [51]
__iar_atan2_32          0x1008'7bc5          Code  Gb  atan2f.o [51]
__iar_data_init3        0x1008'9fd9    0x28  Code  Gb  data_init.o [52]
__iar_frexp             0x1008'3151          Code  Gb  frexp.o [51]
__iar_frexpl            0x1008'3151          Code  Gb  frexp.o [51]
__iar_init_vfp          0x1008'a001          Code  Gb  fpinit_M.o [51]
__iar_ldexp64           0x1008'3231          Code  Gb  ldexp.o [51]
__iar_lz77_init_single3
                        0x1008'2f2f    0x7e  Code  Gb  lz77_init_single.o [52]
__iar_program_start     0x1008'a119          Code  Gb  cstartup_M.o [52]
__iar_scalbln64         0x1008'3231          Code  Gb  ldexp.o [51]
__iar_scalbn64          0x1008'3231          Code  Gb  ldexp.o [51]
__iar_softfp___iar_frexp64
                        0x1008'3145          Code  Gb  frexp.o [51]
__iar_softfp___iar_ldexp64
                        0x1008'321d          Code  Gb  ldexp.o [51]
__iar_softfp___iar_scalbln64
                        0x1008'321d          Code  Gb  ldexp.o [51]
__iar_softfp___iar_scalbn64
                        0x1008'321d          Code  Gb  ldexp.o [51]
__iar_softfp_frexp      0x1008'3145          Code  Gb  frexp.o [51]
__iar_softfp_frexpl     0x1008'3145          Code  Gb  frexp.o [51]
__iar_softfp_ldexp      0x1008'321d          Code  Gb  ldexp.o [51]
__iar_softfp_ldexpl     0x1008'321d          Code  Gb  ldexp.o [51]
__iar_softfp_scalbln    0x1008'321d          Code  Gb  ldexp.o [51]
__iar_softfp_scalblnl   0x1008'321d          Code  Gb  ldexp.o [51]
__iar_softfp_scalbn     0x1008'321d          Code  Gb  ldexp.o [51]
__iar_softfp_scalbnl    0x1008'321d          Code  Gb  ldexp.o [51]
__iar_sqrt32            0x1008'7ba5          Code  Gb  sqrtf.o [51]
__iar_xatanf            0x1008'8021          Code  Gb  xatanf.o [51]
__iar_zero_init3        0x1008'9fa1    0x38  Code  Gb  zero_init3.o [52]
__low_level_init        0x1008'a0b1          Code  Gb  startup_cm7.o [31]
__ramVectors            0x2802'0f80          Data  Gb  startup_cm7.o [31]
__vector_table          0x1008'0000          Data  Gb  startup_cm7.o [31]
__vector_table_0x1c     0x1008'001c          Data  Gb  startup_cm7.o [31]
_call_main              0x1008'a09d          Code  Gb  cmain.o [52]
_exit                   0x1008'a0b9          Code  Gb  cexit.o [52]
abort                   0x1008'35c1     0x6  Code  Gb  abort.o [50]
adc_convert             0x1008'9409    0x6c  Code  Gb  zf_driver_adc.o [49]
adc_resolution          0x2802'0cb0    0x48  Data  Lc  zf_driver_adc.o [49]
asinf                   0x1008'7c31          Code  Gb  asinf.o [51]
assert_interrupt_config
                        0x1008'5995     0xc  Code  Gb  zf_common_interrupt.o [46]
atan2f                  0x1008'7bc5          Code  Gb  atan2f.o [51]
attitude                0x2802'06f0    0x1c  Data  Gb  JLNU_Imu660.o [5]
clock_init              0x1008'9c05    0x16  Code  Gb  zf_common_clock.o [46]
cs_pin_save             0x2802'0f1c     0x4  Data  Gb  zf_driver_spi.o [49]
cy_assertFileName       0x2802'0e60    0x18  Data  Gb  cy_syslib.o [36]
cy_assertLine           0x2802'0ee8     0x4  Data  Gb  cy_syslib.o [36]
cy_delay32kMs           0x2802'0f10     0x4  Data  Gb  system_tviibh4m_cm7.o [22]
cy_delayFreqHz          0x2802'0f04     0x4  Data  Gb  system_tviibh4m_cm7.o [22]
cy_delayFreqKhz         0x2802'0f08     0x4  Data  Gb  system_tviibh4m_cm7.o [22]
cy_delayFreqMhz         0x2802'0f0c     0x4  Data  Gb  system_tviibh4m_cm7.o [22]
cy_faultFrame           0x2802'0c40    0x70  Data  Gb  cy_syslib.o [36]
data_buffer             0x2802'0e28    0x20  Data  Gb  JLNU_UART_Wireless.o [5]
data_len                0x2802'0f3d     0x1  Data  Gb  JLNU_UART_Wireless.o [5]
debug_assert_handler    0x1008'4717    0x3c  Code  Gb  zf_common_debug.o [46]
debug_assert_handler::assert_nest_index
                        0x2802'0f40     0x1  Data  Lc  zf_common_debug.o [46]
debug_delay             0x1008'43f9    0x36  Code  Lc  zf_common_debug.o [46]
debug_info_init         0x1008'47bd    0x18  Code  Gb  zf_common_debug.o [46]
debug_init              0x1008'47d5    0x2a  Code  Gb  zf_common_debug.o [46]
debug_interrupr_handler
                        0x1008'46f7    0x20  Code  Gb  zf_common_debug.o [46]
debug_log_handler       0x1008'4753    0x20  Code  Gb  zf_common_debug.o [46]
debug_output            0x1008'443b   0x2bc  Code  Lc  zf_common_debug.o [46]
debug_output_info       0x2802'0ed4    0x14  Data  Lc  zf_common_debug.o [46]
debug_output_init       0x1008'4793    0x2a  Code  Gb  zf_common_debug.o [46]
debug_output_struct_init
                        0x1008'4773    0x20  Code  Gb  zf_common_debug.o [46]
debug_uart_buffer       0x2802'0cf8    0x40  Data  Gb  zf_common_debug.o [46]
debug_uart_data         0x2802'0f3f     0x1  Data  Gb  zf_common_debug.o [46]
debug_uart_fifo         0x2802'0e78    0x18  Data  Gb  zf_common_debug.o [46]
debug_uart_str_output   0x1008'442f     0xc  Code  Lc  zf_common_debug.o [46]
delay_clk               0x2802'07a2     0x2  Data  Lc  zf_driver_delay.o [49]
divNumLocator           0x1008'a1e4     0x8  Data  Gb  cy_sysclk.o [33]
exit                    0x1008'a0b5     0x4  Code  Gb  exit.o [50]
fifo_clear              0x1008'54ed    0x74  Code  Gb  zf_common_fifo.o [46]
fifo_end_offset         0x1008'54d3    0x1a  Code  Lc  zf_common_fifo.o [46]
fifo_head_offset        0x1008'54b9    0x1a  Code  Lc  zf_common_fifo.o [46]
fifo_init               0x1008'58c3    0x3a  Code  Gb  zf_common_fifo.o [46]
fifo_read_buffer        0x1008'5723   0x1a0  Code  Gb  zf_common_fifo.o [46]
fifo_used               0x1008'5561    0x22  Code  Gb  zf_common_fifo.o [46]
fifo_write_buffer       0x1008'5583   0x1a0  Code  Gb  zf_common_fifo.o [46]
get_pwm_ch              0x1008'3e29   0x368  Code  Lc  zf_driver_pwm.o [49]
get_pwm_pin             0x1008'374f   0x368  Code  Lc  zf_driver_pwm.o [49]
get_pwm_pin_hsiom       0x1008'3ab7   0x36a  Code  Lc  zf_driver_pwm.o [49]
get_scb_module          0x1008'4faf    0x44  Code  Gb  zf_driver_uart.o [49]
get_uart_config         0x1008'4e63   0x14c  Code  Lc  zf_driver_uart.o [49]
gnss_flag               0x2802'0f41     0x1  Data  Gb  zf_device_gnss.o [48]
gnss_gga_state          0x2802'0f43     0x1  Data  Lc  zf_device_gnss.o [48]
gnss_receiver_fifo      0x2802'0e90    0x18  Data  Lc  zf_device_gnss.o [48]
gnss_rmc_state          0x2802'0f44     0x1  Data  Lc  zf_device_gnss.o [48]
gnss_state              0x2802'0f42     0x1  Data  Lc  zf_device_gnss.o [48]
gnss_ths_state          0x2802'0f45     0x1  Data  Lc  zf_device_gnss.o [48]
gnss_uart_callback      0x1008'92b1    0xe2  Code  Gb  zf_device_gnss.o [48]
gpio_get_level          0x1008'7f73    0x22  Code  Gb  zf_driver_gpio.o [49]
gpio_init               0x1008'7f95    0x88  Code  Gb  zf_driver_gpio.o [49]
gpio_set_level          0x1008'7f2f    0x44  Code  Gb  zf_driver_gpio.o [49]
gps_gga_buffer          0x2802'0ac0    0x80  Data  Lc  zf_device_gnss.o [48]
gps_rmc_buffer          0x2802'0b40    0x80  Data  Lc  zf_device_gnss.o [48]
gps_ths_buffer          0x2802'0bc0    0x80  Data  Lc  zf_device_gnss.o [48]
imu660ra_acc_x          0x2802'0f32     0x2  Data  Gb  zf_device_imu660ra.o [48]
imu660ra_acc_y          0x2802'0f34     0x2  Data  Gb  zf_device_imu660ra.o [48]
imu660ra_acc_z          0x2802'0f36     0x2  Data  Gb  zf_device_imu660ra.o [48]
imu660ra_config_file    0x1008'0080  0x2000  Data  Gb  zf_device_config.o [54]
imu660ra_get_acc        0x1008'79f3    0x3e  Code  Gb  zf_device_imu660ra.o [48]
imu660ra_get_gyro       0x1008'7a31    0x3e  Code  Gb  zf_device_imu660ra.o [48]
imu660ra_gyro_x         0x2802'0f2c     0x2  Data  Gb  zf_device_imu660ra.o [48]
imu660ra_gyro_y         0x2802'0f2e     0x2  Data  Gb  zf_device_imu660ra.o [48]
imu660ra_gyro_z         0x2802'0f30     0x2  Data  Gb  zf_device_imu660ra.o [48]
imu660ra_init           0x1008'7a6f    0xd0  Code  Gb  zf_device_imu660ra.o [48]
imu660ra_read_register  0x1008'7961    0x26  Code  Lc  zf_device_imu660ra.o [48]
imu660ra_read_registers
                        0x1008'7987    0x3a  Code  Lc  zf_device_imu660ra.o [48]
imu660ra_self_check     0x1008'79c1    0x32  Code  Lc  zf_device_imu660ra.o [48]
imu660ra_transition_factor
                        0x2802'070c     0x8  Data  Gb  zf_device_imu660ra.o [48]
imu660ra_write_register
                        0x1008'7925    0x1e  Code  Lc  zf_device_imu660ra.o [48]
imu660ra_write_registers
                        0x1008'7943    0x1e  Code  Lc  zf_device_imu660ra.o [48]
intFreqInitialized      0x2802'0f38     0x1  Data  Gb  cy_sysclk.o [33]
integralFBx             0x2802'0ef4     0x4  Data  Lc  JLNU_Imu660.o [5]
integralFBy             0x2802'0ef8     0x4  Data  Lc  JLNU_Imu660.o [5]
integralFBz             0x2802'0efc     0x4  Data  Lc  JLNU_Imu660.o [5]
internalBaseFreqInfo    0x2802'0e48    0x18  Data  Gb  cy_sysclk.o [33]
interrupt_global_disable
                        0x1008'596d    0x14  Code  Gb  zf_common_interrupt.o [46]
interrupt_global_enable
                        0x1008'595d    0x10  Code  Gb  zf_common_interrupt.o [46]
interrupt_global_flag   0x2802'0f18     0x4  Data  Lc  zf_common_interrupt.o [46]
interrupt_init          0x1008'59ad    0x36  Code  Gb  zf_common_interrupt.o [46]
interrupt_set_priority  0x1008'59a1     0xc  Code  Gb  zf_common_interrupt.o [46]
ldexp                   0x1008'3231          Code  Gb  ldexp.o [51]
ldexpl                  0x1008'3231          Code  Gb  ldexp.o [51]
main                    0x1008'9b59    0xac  Code  Gb  main_cm7_0.o [45]
memchr                  0x1008'3045          Code  Gb  memchr.o [52]
motor_value             0x2802'0ec0    0x14  Data  Gb  JLNU_Brushless_Motor.o [5]
p                       0x2802'0d78    0x30  Data  Gb  JLNU_Imu660.o [5]
pit0_ch0_isr            0x1008'8d3d     0xa  Code  Gb  cm7_0_isr.o [45]
pit0_ch10_isr           0x1008'8d5f    0xa6  Code  Gb  cm7_0_isr.o [45]
pit0_ch11_isr           0x1008'8e05     0xa  Code  Gb  cm7_0_isr.o [45]
pit0_ch12_isr           0x1008'8e0f     0xa  Code  Gb  cm7_0_isr.o [45]
pit0_ch13_isr           0x1008'8e19     0xa  Code  Gb  cm7_0_isr.o [45]
pit0_ch14_isr           0x1008'8e23     0xa  Code  Gb  cm7_0_isr.o [45]
pit0_ch15_isr           0x1008'8e2d     0xa  Code  Gb  cm7_0_isr.o [45]
pit0_ch16_isr           0x1008'8e37     0xa  Code  Gb  cm7_0_isr.o [45]
pit0_ch17_isr           0x1008'8e41     0xa  Code  Gb  cm7_0_isr.o [45]
pit0_ch18_isr           0x1008'8e4b     0xa  Code  Gb  cm7_0_isr.o [45]
pit0_ch19_isr           0x1008'8e55     0xa  Code  Gb  cm7_0_isr.o [45]
pit0_ch1_isr            0x1008'8d47     0xa  Code  Gb  cm7_0_isr.o [45]
pit0_ch20_isr           0x1008'8e5f     0xa  Code  Gb  cm7_0_isr.o [45]
pit0_ch21_isr           0x1008'8e69     0xe  Code  Gb  cm7_0_isr.o [45]
pit0_ch2_isr            0x1008'8d51     0xe  Code  Gb  cm7_0_isr.o [45]
pit_init                0x1008'8b19   0x1ee  Code  Gb  zf_driver_pit.o [49]
pit_isr_flag_clear      0x1008'8aef    0x2a  Code  Gb  zf_driver_pit.o [49]
pit_isr_func            0x2802'0728    0x3c  Data  Gb  zf_driver_pit.o [49]
pwm_all_channel_close   0x1008'4191    0x1a  Code  Gb  zf_driver_pwm.o [49]
pwm_init                0x1008'4205   0x1e4  Code  Gb  zf_driver_pwm.o [49]
pwm_l                   0x2802'079e     0x2  Data  Gb  JLNU_Servo.o [5]
pwm_r                   0x2802'079c     0x2  Data  Gb  JLNU_Servo.o [5]
pwm_set_duty            0x1008'41ab    0x5a  Code  Gb  zf_driver_pwm.o [49]
sar_adc                 0x2802'071c     0xc  Data  Lc  zf_driver_adc.o [49]
scalbln                 0x1008'3231          Code  Gb  ldexp.o [51]
scalblnl                0x1008'3231          Code  Gb  ldexp.o [51]
scalbn                  0x1008'3231          Code  Gb  ldexp.o [51]
scalbnl                 0x1008'3231          Code  Gb  ldexp.o [51]
scale                   0x1008'2e61    0x46  Code  Lc  xprintffull_nomb.o [50]
scb_module              0x2802'0788    0x14  Data  Gb  zf_driver_uart.o [49]
sec_hand                0x2802'0f20     0x4  Data  Lc  xfail_s.o [50]
set_wireless_type       0x1008'93c7    0x32  Code  Gb  zf_device_type.o [48]
small_driver_get_speed  0x1008'8801    0x2a  Code  Gb  JLNU_Brushless_Motor.o [5]
small_driver_init       0x1008'882b    0x2e  Code  Gb  JLNU_Brushless_Motor.o [5]
small_driver_set_duty   0x1008'87bf    0x42  Code  Gb  JLNU_Brushless_Motor.o [5]
small_driver_uart_init  0x1008'885d    0x2a  Code  Gb  JLNU_Brushless_Motor.o [5]
spi_get_clk_hsiom       0x1008'60dd    0x28  Code  Lc  zf_driver_spi.o [49]
spi_get_clk_pin         0x1008'6021    0x28  Code  Lc  zf_driver_spi.o [49]
spi_get_cs_hsiom        0x1008'6155    0x44  Code  Lc  zf_driver_spi.o [49]
spi_get_cs_pin          0x1008'6099    0x44  Code  Lc  zf_driver_spi.o [49]
spi_get_miso_hsiom      0x1008'612d    0x28  Code  Lc  zf_driver_spi.o [49]
spi_get_miso_pin        0x1008'6071    0x28  Code  Lc  zf_driver_spi.o [49]
spi_get_mosi_hsiom      0x1008'6105    0x28  Code  Lc  zf_driver_spi.o [49]
spi_get_mosi_pin        0x1008'6049    0x28  Code  Lc  zf_driver_spi.o [49]
spi_init                0x1008'6599   0x28e  Code  Gb  zf_driver_spi.o [49]
spi_module              0x2802'0764    0x10  Data  Gb  zf_driver_spi.o [49]
spi_read_8bit_registers
                        0x1008'64a5    0xe2  Code  Gb  zf_driver_spi.o [49]
spi_write_8bit_register
                        0x1008'62d5    0xde  Code  Gb  zf_driver_spi.o [49]
spi_write_8bit_registers
                        0x1008'63b3    0xe8  Code  Gb  zf_driver_spi.o [49]
sprintf                 0x1008'5479    0x40  Code  Gb  sprintf.o [50]
sqrtf                   0x1008'7ba5          Code  Gb  sqrtf.o [51]
strchr                  0x1008'2fad          Code  Gb  strchr.o [52]
strlen                  0x1008'300d          Code  Gb  strlen.o [52]
strncmp                 0x1008'947d    0x2a  Code  Gb  strncmp.o [50]
strncpy                 0x1008'7315          Code  Gb  strncpy.o [52]
switch_transition_length
                        0x1008'6199   0x13c  Code  Lc  zf_driver_spi.o [49]
system_clock            0x2802'0f14     0x4  Data  Gb  zf_common_clock.o [46]
system_delay_init       0x1008'7e4f    0xa6  Code  Gb  zf_driver_delay.o [49]
system_delay_ms         0x1008'7df1    0x5e  Code  Gb  zf_driver_delay.o [49]
timer_ch                0x2802'07a5     0x1  Data  Lc  zf_driver_delay.o [49]
tsl1401_collect_pit_handler
                        0x1008'9235    0x68  Code  Gb  zf_device_tsl1401.o [48]
tsl1401_data            0x2802'07a8   0x200  Data  Gb  zf_device_tsl1401.o [48]
tsl1401_finish_flag     0x2802'0f47     0x1  Data  Gb  zf_device_tsl1401.o [48]
tsl1401_init_state      0x2802'0f46     0x1  Data  Lc  zf_device_tsl1401.o [48]
type_default_callback   0x1008'93c5     0x2  Code  Lc  zf_device_type.o [48]
uart0_isr               0x1008'8e77    0x40  Code  Gb  cm7_0_isr.o [45]
uart1_isr               0x1008'8eb7    0x42  Code  Gb  cm7_0_isr.o [45]
uart2_isr               0x1008'8ef9    0x40  Code  Gb  cm7_0_isr.o [45]
uart3_isr               0x1008'8f39    0x40  Code  Gb  cm7_0_isr.o [45]
uart4_isr               0x1008'8f79    0x42  Code  Gb  cm7_0_isr.o [45]
uart_context            0x2802'09a8   0x118  Data  Gb  zf_driver_uart.o [49]
uart_control_callback   0x1008'870d    0xb2  Code  Gb  JLNU_Brushless_Motor.o [5]
uart_init               0x1008'52a1   0x190  Code  Gb  zf_driver_uart.o [49]
uart_isr_func           0x2802'0774    0x14  Data  Gb  zf_driver_uart.o [49]
uart_query_byte         0x1008'5055    0x32  Code  Gb  zf_driver_uart.o [49]
uart_receiver_handler   0x2802'0718     0x4  Data  Gb  zf_device_type.o [48]
uart_rx_interrupt       0x1008'51a3    0xfe  Code  Gb  zf_driver_uart.o [49]
uart_tx_interrupt       0x1008'5087   0x11c  Code  Gb  zf_driver_uart.o [49]
uart_write_buffer       0x1008'501b    0x1e  Code  Gb  zf_driver_uart.o [49]
uart_write_byte         0x1008'4ff3    0x28  Code  Gb  zf_driver_uart.o [49]
uart_write_string       0x1008'5039    0x1c  Code  Gb  zf_driver_uart.o [49]
updateAttitude          0x1008'754d   0x38c  Code  Gb  JLNU_Imu660.o [5]
wireless_module_uart_handler
                        0x2802'0714     0x4  Data  Gb  zf_device_type.o [48]
wireless_type           0x2802'0f48     0x1  Data  Gb  zf_device_type.o [48]
wireless_uart_buffer    0x2802'0d38    0x40  Data  Lc  zf_device_wireless_uart.o [48]
wireless_uart_callback  0x1008'91c3    0x1c  Code  Gb  zf_device_wireless_uart.o [48]
wireless_uart_data      0x2802'0f49     0x1  Data  Lc  zf_device_wireless_uart.o [48]
wireless_uart_fifo      0x2802'0ea8    0x18  Data  Lc  zf_device_wireless_uart.o [48]
wireless_uart_init      0x1008'91df    0x40  Code  Gb  zf_device_wireless_uart.o [48]
wireless_uart_read_buffer
                        0x1008'9197    0x2c  Code  Gb  zf_device_wireless_uart.o [48]
wireless_uart_send_decimal
                        0x1008'9019    0x46  Code  Gb  JLNU_UART_Wireless.o [5]
wireless_uart_send_float
                        0x1008'905f    0xcc  Code  Gb  JLNU_UART_Wireless.o [5]
wireless_uart_send_string
                        0x1008'912d    0x6a  Code  Gb  zf_device_wireless_uart.o [48]
zf_debug_assert_enable  0x2802'07a4     0x1  Data  Lc  zf_common_debug.o [46]
zf_debug_init_flag      0x2802'0f3e     0x1  Data  Lc  zf_common_debug.o [46]


[1] = D:\SmartCar\mine\JLNU_SmartCar_TwoLeg\E01_gpio_demo\iar\Debug_m7_0\Obj\adc_11722776235721520015.dir
[2] = D:\SmartCar\mine\JLNU_SmartCar_TwoLeg\E01_gpio_demo\iar\Debug_m7_0\Obj\audioss_1346650047966882938.dir
[3] = D:\SmartCar\mine\JLNU_SmartCar_TwoLeg\E01_gpio_demo\iar\Debug_m7_0\Obj\button_4990804375159372270.dir
[4] = D:\SmartCar\mine\JLNU_SmartCar_TwoLeg\E01_gpio_demo\iar\Debug_m7_0\Obj\canfd_1800690984773873875.dir
[5] = D:\SmartCar\mine\JLNU_SmartCar_TwoLeg\E01_gpio_demo\iar\Debug_m7_0\Obj\code_17896468042025673432.dir
[6] = D:\SmartCar\mine\JLNU_SmartCar_TwoLeg\E01_gpio_demo\iar\Debug_m7_0\Obj\cpu_15938736945165268644.dir
[7] = D:\SmartCar\mine\JLNU_SmartCar_TwoLeg\E01_gpio_demo\iar\Debug_m7_0\Obj\crypto_1190170608956581615.dir
[8] = D:\SmartCar\mine\JLNU_SmartCar_TwoLeg\E01_gpio_demo\iar\Debug_m7_0\Obj\dma_12106025507578611576.dir
[9] = D:\SmartCar\mine\JLNU_SmartCar_TwoLeg\E01_gpio_demo\iar\Debug_m7_0\Obj\eth_phy_18133017486186456677.dir
[10] = D:\SmartCar\mine\JLNU_SmartCar_TwoLeg\E01_gpio_demo\iar\Debug_m7_0\Obj\ethernet_6029839089178797009.dir
[11] = D:\SmartCar\mine\JLNU_SmartCar_TwoLeg\E01_gpio_demo\iar\Debug_m7_0\Obj\evtgen_3404189088603873129.dir
[12] = D:\SmartCar\mine\JLNU_SmartCar_TwoLeg\E01_gpio_demo\iar\Debug_m7_0\Obj\flash_8529866181315662935.dir
[13] = D:\SmartCar\mine\JLNU_SmartCar_TwoLeg\E01_gpio_demo\iar\Debug_m7_0\Obj\flash_864493325053435817.dir
[14] = D:\SmartCar\mine\JLNU_SmartCar_TwoLeg\E01_gpio_demo\iar\Debug_m7_0\Obj\gpio_3999404635324069351.dir
[15] = D:\SmartCar\mine\JLNU_SmartCar_TwoLeg\E01_gpio_demo\iar\Debug_m7_0\Obj\ipc_10145506163450686023.dir
[16] = D:\SmartCar\mine\JLNU_SmartCar_TwoLeg\E01_gpio_demo\iar\Debug_m7_0\Obj\lin_18429031207028094880.dir
[17] = D:\SmartCar\mine\JLNU_SmartCar_TwoLeg\E01_gpio_demo\iar\Debug_m7_0\Obj\lvd_6353935867039560245.dir
[18] = D:\SmartCar\mine\JLNU_SmartCar_TwoLeg\E01_gpio_demo\iar\Debug_m7_0\Obj\mcwdt_4052485907822033969.dir
[19] = D:\SmartCar\mine\JLNU_SmartCar_TwoLeg\E01_gpio_demo\iar\Debug_m7_0\Obj\mpu_5663187252346826382.dir
[20] = D:\SmartCar\mine\JLNU_SmartCar_TwoLeg\E01_gpio_demo\iar\Debug_m7_0\Obj\power_14453085144426420577.dir
[21] = D:\SmartCar\mine\JLNU_SmartCar_TwoLeg\E01_gpio_demo\iar\Debug_m7_0\Obj\prot_10722960861768657883.dir
[22] = D:\SmartCar\mine\JLNU_SmartCar_TwoLeg\E01_gpio_demo\iar\Debug_m7_0\Obj\rev_b_4986922561640112550.dir
[23] = D:\SmartCar\mine\JLNU_SmartCar_TwoLeg\E01_gpio_demo\iar\Debug_m7_0\Obj\rev_b_6162237342861132223.dir
[24] = D:\SmartCar\mine\JLNU_SmartCar_TwoLeg\E01_gpio_demo\iar\Debug_m7_0\Obj\scb_15490842639181808494.dir
[25] = D:\SmartCar\mine\JLNU_SmartCar_TwoLeg\E01_gpio_demo\iar\Debug_m7_0\Obj\sd_host_2982766354293506895.dir
[26] = D:\SmartCar\mine\JLNU_SmartCar_TwoLeg\E01_gpio_demo\iar\Debug_m7_0\Obj\semihosting_143864889731838620.dir
[27] = D:\SmartCar\mine\JLNU_SmartCar_TwoLeg\E01_gpio_demo\iar\Debug_m7_0\Obj\smartio_5451710003740070188.dir
[28] = D:\SmartCar\mine\JLNU_SmartCar_TwoLeg\E01_gpio_demo\iar\Debug_m7_0\Obj\smif_427648126384146252.dir
[29] = D:\SmartCar\mine\JLNU_SmartCar_TwoLeg\E01_gpio_demo\iar\Debug_m7_0\Obj\smif_mem_6470536964353725183.dir
[30] = D:\SmartCar\mine\JLNU_SmartCar_TwoLeg\E01_gpio_demo\iar\Debug_m7_0\Obj\srom_13018798572330080582.dir
[31] = D:\SmartCar\mine\JLNU_SmartCar_TwoLeg\E01_gpio_demo\iar\Debug_m7_0\Obj\startup_479057977785470282.dir
[32] = D:\SmartCar\mine\JLNU_SmartCar_TwoLeg\E01_gpio_demo\iar\Debug_m7_0\Obj\sw_timer_4215635015939382130.dir
[33] = D:\SmartCar\mine\JLNU_SmartCar_TwoLeg\E01_gpio_demo\iar\Debug_m7_0\Obj\sysclk_16149231235676103872.dir
[34] = D:\SmartCar\mine\JLNU_SmartCar_TwoLeg\E01_gpio_demo\iar\Debug_m7_0\Obj\sysflt_12293435975120599261.dir
[35] = D:\SmartCar\mine\JLNU_SmartCar_TwoLeg\E01_gpio_demo\iar\Debug_m7_0\Obj\sysint_7435970359207984181.dir
[36] = D:\SmartCar\mine\JLNU_SmartCar_TwoLeg\E01_gpio_demo\iar\Debug_m7_0\Obj\syslib_16330585751512546975.dir
[37] = D:\SmartCar\mine\JLNU_SmartCar_TwoLeg\E01_gpio_demo\iar\Debug_m7_0\Obj\syspm_10887939769544754770.dir
[38] = D:\SmartCar\mine\JLNU_SmartCar_TwoLeg\E01_gpio_demo\iar\Debug_m7_0\Obj\sysreghc_17676636058511625587.dir
[39] = D:\SmartCar\mine\JLNU_SmartCar_TwoLeg\E01_gpio_demo\iar\Debug_m7_0\Obj\sysreset_14586141425677365288.dir
[40] = D:\SmartCar\mine\JLNU_SmartCar_TwoLeg\E01_gpio_demo\iar\Debug_m7_0\Obj\sysrtc_10747768817563771611.dir
[41] = D:\SmartCar\mine\JLNU_SmartCar_TwoLeg\E01_gpio_demo\iar\Debug_m7_0\Obj\systick_16016591671695740695.dir
[42] = D:\SmartCar\mine\JLNU_SmartCar_TwoLeg\E01_gpio_demo\iar\Debug_m7_0\Obj\syswdt_9118657615806274156.dir
[43] = D:\SmartCar\mine\JLNU_SmartCar_TwoLeg\E01_gpio_demo\iar\Debug_m7_0\Obj\tcpwm_422923530147891246.dir
[44] = D:\SmartCar\mine\JLNU_SmartCar_TwoLeg\E01_gpio_demo\iar\Debug_m7_0\Obj\trigmux_9729677290734583340.dir
[45] = D:\SmartCar\mine\JLNU_SmartCar_TwoLeg\E01_gpio_demo\iar\Debug_m7_0\Obj\user_8514941877209965082.dir
[46] = D:\SmartCar\mine\JLNU_SmartCar_TwoLeg\E01_gpio_demo\iar\Debug_m7_0\Obj\zf_common_1201165462030747823.dir
[47] = D:\SmartCar\mine\JLNU_SmartCar_TwoLeg\E01_gpio_demo\iar\Debug_m7_0\Obj\zf_components_14936052685886095442.dir
[48] = D:\SmartCar\mine\JLNU_SmartCar_TwoLeg\E01_gpio_demo\iar\Debug_m7_0\Obj\zf_device_6570275422786408770.dir
[49] = D:\SmartCar\mine\JLNU_SmartCar_TwoLeg\E01_gpio_demo\iar\Debug_m7_0\Obj\zf_driver_11922370083829174090.dir
[50] = dl7M_tln.a
[51] = m7M_tlv.a
[52] = rt7M_tl.a
[53] = shb_l.a
[54] = zf_device_config.a

  32'308 bytes of readonly  code memory
   9'525 bytes of readonly  data memory
  12'232 bytes of readwrite data memory

Errors: none
Warnings: none
